Component: Arm Compiler for Embedded 6.19 Tool: armlink [5e73cb00]

==============================================================================

Section Cross References

    startup_stm32f407xx.o(RESET) refers to startup_stm32f407xx.o(STACK) for __initial_sp
    startup_stm32f407xx.o(RESET) refers to startup_stm32f407xx.o(.text) for Reset_Handler
    startup_stm32f407xx.o(RESET) refers to stm32f4xx_it.o(.text.NMI_Handler) for NMI_Handler
    startup_stm32f407xx.o(RESET) refers to stm32f4xx_it.o(.text.HardFault_Handler) for HardFault_Handler
    startup_stm32f407xx.o(RESET) refers to stm32f4xx_it.o(.text.MemManage_Handler) for MemManage_Handler
    startup_stm32f407xx.o(RESET) refers to stm32f4xx_it.o(.text.BusFault_Handler) for BusFault_Handler
    startup_stm32f407xx.o(RESET) refers to stm32f4xx_it.o(.text.UsageFault_Handler) for UsageFault_Handler
    startup_stm32f407xx.o(RESET) refers to stm32f4xx_it.o(.text.SVC_Handler) for SVC_Handler
    startup_stm32f407xx.o(RESET) refers to stm32f4xx_it.o(.text.DebugMon_Handler) for DebugMon_Handler
    startup_stm32f407xx.o(RESET) refers to stm32f4xx_it.o(.text.PendSV_Handler) for PendSV_Handler
    startup_stm32f407xx.o(RESET) refers to stm32f4xx_it.o(.text.SysTick_Handler) for SysTick_Handler
    startup_stm32f407xx.o(RESET) refers to stm32f4xx_it.o(.text.EXTI0_IRQHandler) for EXTI0_IRQHandler
    startup_stm32f407xx.o(RESET) refers to stm32f4xx_it.o(.text.EXTI3_IRQHandler) for EXTI3_IRQHandler
    startup_stm32f407xx.o(RESET) refers to stm32f4xx_it.o(.text.EXTI4_IRQHandler) for EXTI4_IRQHandler
    startup_stm32f407xx.o(RESET) refers to stm32f4xx_it.o(.text.DMA1_Stream1_IRQHandler) for DMA1_Stream1_IRQHandler
    startup_stm32f407xx.o(RESET) refers to stm32f4xx_it.o(.text.DMA1_Stream2_IRQHandler) for DMA1_Stream2_IRQHandler
    startup_stm32f407xx.o(RESET) refers to stm32f4xx_it.o(.text.DMA1_Stream4_IRQHandler) for DMA1_Stream4_IRQHandler
    startup_stm32f407xx.o(RESET) refers to stm32f4xx_it.o(.text.CAN1_RX0_IRQHandler) for CAN1_RX0_IRQHandler
    startup_stm32f407xx.o(RESET) refers to stm32f4xx_it.o(.text.CAN1_RX1_IRQHandler) for CAN1_RX1_IRQHandler
    startup_stm32f407xx.o(RESET) refers to stm32f4xx_it.o(.text.EXTI9_5_IRQHandler) for EXTI9_5_IRQHandler
    startup_stm32f407xx.o(RESET) refers to stm32f4xx_it.o(.text.TIM4_IRQHandler) for TIM4_IRQHandler
    startup_stm32f407xx.o(RESET) refers to stm32f4xx_it.o(.text.USART1_IRQHandler) for USART1_IRQHandler
    startup_stm32f407xx.o(RESET) refers to stm32f4xx_it.o(.text.USART3_IRQHandler) for USART3_IRQHandler
    startup_stm32f407xx.o(RESET) refers to stm32f4xx_it.o(.text.TIM5_IRQHandler) for TIM5_IRQHandler
    startup_stm32f407xx.o(RESET) refers to stm32f4xx_it.o(.text.DMA2_Stream1_IRQHandler) for DMA2_Stream1_IRQHandler
    startup_stm32f407xx.o(RESET) refers to stm32f4xx_it.o(.text.DMA2_Stream2_IRQHandler) for DMA2_Stream2_IRQHandler
    startup_stm32f407xx.o(RESET) refers to stm32f4xx_it.o(.text.DMA2_Stream3_IRQHandler) for DMA2_Stream3_IRQHandler
    startup_stm32f407xx.o(RESET) refers to stm32f4xx_it.o(.text.CAN2_RX0_IRQHandler) for CAN2_RX0_IRQHandler
    startup_stm32f407xx.o(RESET) refers to stm32f4xx_it.o(.text.CAN2_RX1_IRQHandler) for CAN2_RX1_IRQHandler
    startup_stm32f407xx.o(RESET) refers to stm32f4xx_it.o(.text.OTG_FS_IRQHandler) for OTG_FS_IRQHandler
    startup_stm32f407xx.o(RESET) refers to stm32f4xx_it.o(.text.DMA2_Stream5_IRQHandler) for DMA2_Stream5_IRQHandler
    startup_stm32f407xx.o(RESET) refers to stm32f4xx_it.o(.text.DMA2_Stream6_IRQHandler) for DMA2_Stream6_IRQHandler
    startup_stm32f407xx.o(RESET) refers to stm32f4xx_it.o(.text.DMA2_Stream7_IRQHandler) for DMA2_Stream7_IRQHandler
    startup_stm32f407xx.o(RESET) refers to stm32f4xx_it.o(.text.USART6_IRQHandler) for USART6_IRQHandler
    startup_stm32f407xx.o(.text) refers to system_stm32f4xx.o(.text.SystemInit) for SystemInit
    startup_stm32f407xx.o(.text) refers to entry.o(.ARM.Collect$$$$00000000) for __main
    main.o(.text.fputc) refers to usart.o(.bss.huart1) for huart1
    main.o(.text.fputc) refers to stm32f4xx_hal_uart.o(.text.HAL_UART_Transmit) for HAL_UART_Transmit
    main.o(.ARM.exidx.text.fputc) refers to main.o(.text.fputc) for [Anonymous Symbol]
    main.o(.text.main) refers to stm32f4xx_hal.o(.text.HAL_Init) for HAL_Init
    main.o(.text.main) refers to main.o(.text.SystemClock_Config) for SystemClock_Config
    main.o(.text.main) refers to gpio.o(.text.MX_GPIO_Init) for MX_GPIO_Init
    main.o(.text.main) refers to dma.o(.text.MX_DMA_Init) for MX_DMA_Init
    main.o(.text.main) refers to can.o(.text.MX_CAN1_Init) for MX_CAN1_Init
    main.o(.text.main) refers to tim.o(.text.MX_TIM1_Init) for MX_TIM1_Init
    main.o(.text.main) refers to tim.o(.text.MX_TIM3_Init) for MX_TIM3_Init
    main.o(.text.main) refers to tim.o(.text.MX_TIM4_Init) for MX_TIM4_Init
    main.o(.text.main) refers to tim.o(.text.MX_TIM5_Init) for MX_TIM5_Init
[...]
    0x080008b8   0x080008b8   0x00000030   Code   RO         3824    .text               mf_w.l(dfixul.o)
    0x080008e8   0x080008e8   0x00000030   Code   RO         3826    .text               mf_w.l(cdcmple.o)
    0x08000918   0x08000918   0x00000030   Code   RO         3828    .text               mf_w.l(cdrcmple.o)
    0x08000948   0x08000948   0x00000024   Code   RO         3836    .text               mc_w.l(init.o)
    0x0800096c   0x0800096c   0x00000056   Code   RO         3845    .text               mc_w.l(__dczerorl2.o)
    0x080009c2   0x080009c2   0x00000002   PAD
    0x080009c4   0x080009c4   0x00000004   Code   RO          153    .text.BusFault_Handler  stm32f4xx_it.o
    0x080009c8   0x080009c8   0x00000010   Code   RO          177    .text.CAN1_RX0_IRQHandler  stm32f4xx_it.o
    0x080009d8   0x080009d8   0x00000010   Code   RO          179    .text.CAN1_RX1_IRQHandler  stm32f4xx_it.o
    0x080009e8   0x080009e8   0x00000010   Code   RO          197    .text.CAN2_RX0_IRQHandler  stm32f4xx_it.o
    0x080009f8   0x080009f8   0x00000010   Code   RO          199    .text.CAN2_RX1_IRQHandler  stm32f4xx_it.o
    0x08000a08   0x08000a08   0x0000009a   Code   RO         2836    .text.CAN_Init      drv_can.o
    0x08000aa2   0x08000aa2   0x00000002   PAD
    0x08000aa4   0x08000aa4   0x00000090   Code   RO         2838    .text.CAN_Send_Data  drv_can.o
    0x08000b34   0x08000b34   0x0000005c   Code   RO         3147    .text.CDC_Control_FS  usbd_cdc_if.o
    0x08000b90   0x08000b90   0x00000004   Code   RO         3145    .text.CDC_DeInit_FS  usbd_cdc_if.o
    0x08000b94   0x08000b94   0x00000032   Code   RO         3143    .text.CDC_Init_FS   usbd_cdc_if.o
    0x08000bc6   0x08000bc6   0x00000002   PAD
    0x08000bc8   0x08000bc8   0x0000004e   Code   RO         3149    .text.CDC_Receive_FS  usbd_cdc_if.o
    0x08000c16   0x08000c16   0x00000002   PAD
    0x08000c18   0x08000c18   0x00000018   Code   RO         3151    .text.CDC_TransmitCplt_FS  usbd_cdc_if.o
    0x08000c30   0x08000c30   0x00000060   Code   RO         3153    .text.CDC_Transmit_FS  usbd_cdc_if.o
    0x08000c90   0x08000c90   0x00000010   Code   RO          171    .text.DMA1_Stream1_IRQHandler  stm32f4xx_it.o
    0x08000ca0   0x08000ca0   0x00000010   Code   RO          173    .text.DMA1_Stream2_IRQHandler  stm32f4xx_it.o
    0x08000cb0   0x08000cb0   0x00000010   Code   RO          175    .text.DMA1_Stream4_IRQHandler  stm32f4xx_it.o
    0x08000cc0   0x08000cc0   0x00000010   Code   RO          191    .text.DMA2_Stream1_IRQHandler  stm32f4xx_it.o
    0x08000cd0   0x08000cd0   0x00000010   Code   RO          193    .text.DMA2_Stream2_IRQHandler  stm32f4xx_it.o
    0x08000ce0   0x08000ce0   0x00000010   Code   RO          195    .text.DMA2_Stream3_IRQHandler  stm32f4xx_it.o
    0x08000cf0   0x08000cf0   0x00000010   Code   RO          203    .text.DMA2_Stream5_IRQHandler  stm32f4xx_it.o
    0x08000d00   0x08000d00   0x00000010   Code   RO          205    .text.DMA2_Stream6_IRQHandler  stm32f4xx_it.o
    0x08000d10   0x08000d10   0x00000010   Code   RO          207    .text.DMA2_Stream7_IRQHandler  stm32f4xx_it.o
    0x08000d20   0x08000d20   0x00000056   Code   RO          607    .text.DMA_CalcBaseAndBitshift  stm32f4xx_hal_dma.o
    0x08000d76   0x08000d76   0x00000002   PAD
    0x08000d78   0x08000d78   0x000000f0   Code   RO          605    .text.DMA_CheckFifoParam  stm32f4xx_hal_dma.o
    0x08000e68   0x08000e68   0x00000050   Code   RO          613    .text.DMA_SetConfig  stm32f4xx_hal_dma.o
    0x08000eb8   0x08000eb8   0x00000088   Code   RO         2914    .text.DWT_Init      drv_dwt.o
    0x08000f40   0x08000f40   0x00000002   Code   RO          159    .text.DebugMon_Handler  stm32f4xx_it.o
    0x08000f42   0x08000f42   0x00000002   PAD
    0x08000f44   0x08000f44   0x0000000a   Code   RO          165    .text.EXTI0_IRQHandler  stm32f4xx_it.o
    0x08000f4e   0x08000f4e   0x00000002   PAD
    0x08000f50   0x08000f50   0x0000000a   Code   RO          167    .text.EXTI3_IRQHandler  stm32f4xx_it.o
    0x08000f5a   0x08000f5a   0x00000002   PAD
    0x08000f5c   0x08000f5c   0x0000000a   Code   RO          169    .text.EXTI4_IRQHandler  stm32f4xx_it.o
    0x08000f66   0x08000f66   0x00000002   PAD
    0x08000f68   0x08000f68   0x0000000a   Code   RO          181    .text.EXTI9_5_IRQHandler  stm32f4xx_it.o
    0x08000f72   0x08000f72   0x00000002   PAD
    0x08000f74   0x08000f74   0x00000006   Code   RO           17    .text.Error_Handler  main.o
    0x08000f7a   0x08000f7a   0x00000002   PAD
    0x08000f7c   0x08000f7c   0x0000005c   Code   RO         3126    .text.Get_SerialNum  usbd_desc.o
    0x08000fd8   0x08000fd8   0x00000052   Code   RO          901    .text.HAL_CAN_ActivateNotification  stm32f4xx_hal_can.o
    0x0800102a   0x0800102a   0x00000002   PAD
    0x0800102c   0x0800102c   0x00000156   Code   RO          887    .text.HAL_CAN_AddTxMessage  stm32f4xx_hal_can.o
    0x08001182   0x08001182   0x00000002   PAD
    0x08001184   0x08001184   0x000001a4   Code   RO          877    .text.HAL_CAN_ConfigFilter  stm32f4xx_hal_can.o
    0x08001328   0x08001328   0x00000008   Code   RO          931    .text.HAL_CAN_ErrorCallback  stm32f4xx_hal_can.o
    0x08001330   0x08001330   0x00000212   Code   RO          897    .text.HAL_CAN_GetRxMessage  stm32f4xx_hal_can.o
    0x08001542   0x08001542   0x00000002   PAD
    0x08001544   0x08001544   0x00000070   Code   RO          891    .text.HAL_CAN_GetTxMailboxesFreeLevel  stm32f4xx_hal_can.o
    0x080015b4   0x080015b4   0x000003f2   Code   RO          905    .text.HAL_CAN_IRQHandler  stm32f4xx_hal_can.o
    0x080019a6   0x080019a6   0x00000002   PAD
    0x080019a8   0x080019a8   0x000001de   Code   RO          867    .text.HAL_CAN_Init  stm32f4xx_hal_can.o
    0x08001b86   0x08001b86   0x00000002   PAD
    0x08001b88   0x08001b88   0x000001a8   Code   RO           40    .text.HAL_CAN_MspInit  can.o
    0x08001d30   0x08001d30   0x00000008   Code   RO          919    .text.HAL_CAN_RxFifo0FullCallback  stm32f4xx_hal_can.o
    0x08001d38   0x08001d38   0x00000078   Code   RO         2842    .text.HAL_CAN_RxFifo0MsgPendingCallback  drv_can.o
    0x08001db0   0x08001db0   0x00000008   Code   RO          923    .text.HAL_CAN_RxFifo1FullCallback  stm32f4xx_hal_can.o
    0x08001db8   0x08001db8   0x00000078   Code   RO         2844    .text.HAL_CAN_RxFifo1MsgPendingCallback  drv_can.o
    0x08001e30   0x08001e30   0x00000008   Code   RO          927    .text.HAL_CAN_SleepCallback  stm32f4xx_hal_can.o
    0x08001e38   0x08001e38   0x0000008a   Code   RO          879    .text.HAL_CAN_Start  stm32f4xx_hal_can.o
    0x08001ec2   0x08001ec2   0x00000002   PAD
    0x08001ec4   0x08001ec4   0x00000008   Code   RO          909    .text.HAL_CAN_TxMailbox0AbortCallback  stm32f4xx_hal_can.o
    0x08001ecc   0x08001ecc   0x00000008   Code   RO          907    .text.HAL_CAN_TxMailbox0CompleteCallback  stm32f4xx_hal_can.o
    0x08001ed4   0x08001ed4   0x00000008   Code   RO          913    .text.HAL_CAN_TxMailbox1AbortCallback  stm32f4xx_hal_can.o
    0x08001edc   0x08001edc   0x00000008   Code   RO          911    .text.HAL_CAN_TxMailbox1CompleteCallback  stm32f4xx_hal_can.o
    0x08001ee4   0x08001ee4   0x00000008   Code   RO          917    .text.HAL_CAN_TxMailbox2AbortCallback  stm32f4xx_hal_can.o
    0x08001eec   0x08001eec   0x00000008   Code   RO          915    .text.HAL_CAN_TxMailbox2CompleteCallback  stm32f4xx_hal_can.o
    0x08001ef4   0x08001ef4   0x00000008   Code   RO          929    .text.HAL_CAN_WakeUpFromRxMsgCallback  stm32f4xx_hal_can.o
    0x08001efc   0x08001efc   0x000000ec   Code   RO          617    .text.HAL_DMA_Abort  stm32f4xx_hal_dma.o
    0x08001fe8   0x08001fe8   0x00000044   Code   RO          619    .text.HAL_DMA_Abort_IT  stm32f4xx_hal_dma.o
    0x0800202c   0x0800202c   0x0000031e   Code   RO          623    .text.HAL_DMA_IRQHandler  stm32f4xx_hal_dma.o
    0x0800234a   0x0800234a   0x00000002   PAD
    0x0800234c   0x0800234c   0x0000016e   Code   RO          603    .text.HAL_DMA_Init  stm32f4xx_hal_dma.o
    0x080024ba   0x080024ba   0x00000002   PAD
    0x080024bc   0x080024bc   0x000000c2   Code   RO          615    .text.HAL_DMA_Start_IT  stm32f4xx_hal_dma.o
    0x0800257e   0x0800257e   0x00000002   PAD
    0x08002580   0x08002580   0x00000042   Code   RO          798    .text.HAL_Delay     stm32f4xx_hal.o
    0x080025c2   0x080025c2   0x00000002   PAD
    0x080025c4   0x080025c4   0x0000000a   Code   RO          579    .text.HAL_GPIO_EXTI_Callback  stm32f4xx_hal_gpio.o
    0x080025ce   0x080025ce   0x00000002   PAD
    0x080025d0   0x080025d0   0x00000038   Code   RO          577    .text.HAL_GPIO_EXTI_IRQHandler  stm32f4xx_hal_gpio.o
    0x08002608   0x08002608   0x000003b6   Code   RO          565    .text.HAL_GPIO_Init  stm32f4xx_hal_gpio.o
    0x080029be   0x080029be   0x00000002   PAD
    0x080029c0   0x080029c0   0x0000002e   Code   RO          571    .text.HAL_GPIO_WritePin  stm32f4xx_hal_gpio.o
    0x080029ee   0x080029ee   0x00000002   PAD
    0x080029f0   0x080029f0   0x0000000c   Code   RO          790    .text.HAL_GetTick   stm32f4xx_hal.o
    0x080029fc   0x080029fc   0x000002a4   Code   RO          946    .text.HAL_I2C_Init  stm32f4xx_hal_i2c.o
    0x08002ca0   0x08002ca0   0x0000018e   Code   RO           64    .text.HAL_I2C_MspInit  i2c.o
    0x08002e2e   0x08002e2e   0x00000002   PAD
    0x08002e30   0x08002e30   0x0000001a   Code   RO          788    .text.HAL_IncTick   stm32f4xx_hal.o
    0x08002e4a   0x08002e4a   0x00000002   PAD
    0x08002e4c   0x08002e4c   0x00000036   Code   RO          778    .text.HAL_Init      stm32f4xx_hal.o
    0x08002e82   0x08002e82   0x00000002   PAD
    0x08002e84   0x08002e84   0x00000070   Code   RO          780    .text.HAL_InitTick  stm32f4xx_hal.o
    0x08002ef4   0x08002ef4   0x0000004a   Code   RO          218    .text.HAL_MspInit   stm32f4xx_hal_msp.o
    0x08002f3e   0x08002f3e   0x00000002   PAD
    0x08002f40   0x08002f40   0x00000014   Code   RO          713    .text.HAL_NVIC_EnableIRQ  stm32f4xx_hal_cortex.o
    0x08002f54   0x08002f54   0x00000032   Code   RO          705    .text.HAL_NVIC_SetPriority  stm32f4xx_hal_cortex.o
    0x08002f86   0x08002f86   0x00000002   PAD
    0x08002f88   0x08002f88   0x00000010   Code   RO          701    .text.HAL_NVIC_SetPriorityGrouping  stm32f4xx_hal_cortex.o
    0x08002f98   0x08002f98   0x0000000c   Code   RO          313    .text.HAL_PCDEx_LPM_Callback  stm32f4xx_hal_pcd_ex.o
    0x08002fa4   0x08002fa4   0x00000018   Code   RO          311    .text.HAL_PCDEx_SetRxFiFo  stm32f4xx_hal_pcd_ex.o
    0x08002fbc   0x08002fbc   0x0000009c   Code   RO          309    .text.HAL_PCDEx_SetTxFiFo  stm32f4xx_hal_pcd_ex.o
    0x08003058   0x08003058   0x00000014   Code   RO         3187    .text.HAL_PCD_ConnectCallback  usbd_conf.o
    0x0800306c   0x0800306c   0x00000026   Code   RO         3173    .text.HAL_PCD_DataInStageCallback  usbd_conf.o
    0x08003092   0x08003092   0x00000002   PAD
    0x08003094   0x08003094   0x00000028   Code   RO         3171    .text.HAL_PCD_DataOutStageCallback  usbd_conf.o
    0x080030bc   0x080030bc   0x00000014   Code   RO         3189    .text.HAL_PCD_DisconnectCallback  usbd_conf.o
    0x080030d0   0x080030d0   0x0000005e   Code   RO          260    .text.HAL_PCD_EP_Abort  stm32f4xx_hal_pcd.o
    0x0800312e   0x0800312e   0x00000002   PAD
    0x08003130   0x08003130   0x000000a8   Code   RO          280    .text.HAL_PCD_EP_Close  stm32f4xx_hal_pcd.o
    0x080031d8   0x080031d8   0x000000c8   Code   RO          290    .text.HAL_PCD_EP_ClrStall  stm32f4xx_hal_pcd.o
    0x080032a0   0x080032a0   0x00000022   Code   RO          284    .text.HAL_PCD_EP_GetRxCount  stm32f4xx_hal_pcd.o
    0x080032c2   0x080032c2   0x00000002   PAD
    0x080032c4   0x080032c4   0x000000ee   Code   RO          278    .text.HAL_PCD_EP_Open  stm32f4xx_hal_pcd.o
    0x080033b2   0x080033b2   0x00000002   PAD
    0x080033b4   0x080033b4   0x0000006c   Code   RO          282    .text.HAL_PCD_EP_Receive  stm32f4xx_hal_pcd.o
    0x08003420   0x08003420   0x000000de   Code   RO          288    .text.HAL_PCD_EP_SetStall  stm32f4xx_hal_pcd.o
    0x080034fe   0x080034fe   0x00000002   PAD
    0x08003500   0x08003500   0x0000006c   Code   RO          286    .text.HAL_PCD_EP_Transmit  stm32f4xx_hal_pcd.o
    0x0800356c   0x0800356c   0x00000838   Code   RO          238    .text.HAL_PCD_IRQHandler  stm32f4xx_hal_pcd.o
    0x08003da4   0x08003da4   0x0000001c   Code   RO         3185    .text.HAL_PCD_ISOINIncompleteCallback  usbd_conf.o
    0x08003dc0   0x08003dc0   0x0000001c   Code   RO         3183    .text.HAL_PCD_ISOOUTIncompleteCallback  usbd_conf.o
    0x08003ddc   0x08003ddc   0x00000242   Code   RO          226    .text.HAL_PCD_Init  stm32f4xx_hal_pcd.o
    0x0800401e   0x0800401e   0x00000002   PAD
    0x08004020   0x08004020   0x000000b0   Code   RO         3165    .text.HAL_PCD_MspInit  usbd_conf.o
    0x080040d0   0x080040d0   0x00000052   Code   RO         3177    .text.HAL_PCD_ResetCallback  usbd_conf.o
    0x08004122   0x08004122   0x00000002   PAD
    0x08004124   0x08004124   0x00000014   Code   RO         3181    .text.HAL_PCD_ResumeCallback  usbd_conf.o
    0x08004138   0x08004138   0x00000014   Code   RO         3175    .text.HAL_PCD_SOFCallback  usbd_conf.o
    0x0800414c   0x0800414c   0x0000005c   Code   RO          276    .text.HAL_PCD_SetAddress  stm32f4xx_hal_pcd.o
    0x080041a8   0x080041a8   0x00000018   Code   RO         3169    .text.HAL_PCD_SetupStageCallback  usbd_conf.o
    0x080041c0   0x080041c0   0x0000007c   Code   RO          234    .text.HAL_PCD_Start  stm32f4xx_hal_pcd.o
    0x0800423c   0x0800423c   0x0000003e   Code   RO         3179    .text.HAL_PCD_SuspendCallback  usbd_conf.o
    0x0800427a   0x0800427a   0x00000002   PAD
    0x0800427c   0x0800427c   0x00000262   Code   RO          433    .text.HAL_RCC_ClockConfig  stm32f4xx_hal_rcc.o
    0x080044de   0x080044de   0x00000002   PAD
    0x080044e0   0x080044e0   0x0000000c   Code   RO          443    .text.HAL_RCC_GetHCLKFreq  stm32f4xx_hal_rcc.o
    0x080044ec   0x080044ec   0x00000022   Code   RO          445    .text.HAL_RCC_GetPCLK1Freq  stm32f4xx_hal_rcc.o
    0x0800450e   0x0800450e   0x00000002   PAD
    0x08004510   0x08004510   0x00000022   Code   RO          447    .text.HAL_RCC_GetPCLK2Freq  stm32f4xx_hal_rcc.o
    0x08004532   0x08004532   0x00000002   PAD
    0x08004534   0x08004534   0x000000e6   Code   RO          435    .text.HAL_RCC_GetSysClockFreq  stm32f4xx_hal_rcc.o
    0x0800461a   0x0800461a   0x00000002   PAD
    0x0800461c   0x0800461c   0x000006be   Code   RO          431    .text.HAL_RCC_OscConfig  stm32f4xx_hal_rcc.o
    0x08004cda   0x08004cda   0x00000002   PAD
    0x08004cdc   0x08004cdc   0x00000100   Code   RO         1118    .text.HAL_SPI_Init  stm32f4xx_hal_spi.o
    0x08004ddc   0x08004ddc   0x000001a8   Code   RO           80    .text.HAL_SPI_MspInit  spi.o
    0x08004f84   0x08004f84   0x00000010   Code   RO          725    .text.HAL_SYSTICK_Config  stm32f4xx_hal_cortex.o
    0x08004f94   0x08004f94   0x00000008   Code   RO         1558    .text.HAL_TIMEx_BreakCallback  stm32f4xx_hal_tim_ex.o
    0x08004f9c   0x08004f9c   0x00000008   Code   RO         1554    .text.HAL_TIMEx_CommutCallback  stm32f4xx_hal_tim_ex.o
    0x08004fa4   0x08004fa4   0x000000b2   Code   RO         1550    .text.HAL_TIMEx_ConfigBreakDeadTime  stm32f4xx_hal_tim_ex.o
    0x08005056   0x08005056   0x00000002   PAD
    0x08005058   0x08005058   0x00000122   Code   RO         1548    .text.HAL_TIMEx_MasterConfigSynchronization  stm32f4xx_hal_tim_ex.o
    0x0800517a   0x0800517a   0x00000002   PAD
    0x0800517c   0x0800517c   0x0000009c   Code   RO         1235    .text.HAL_TIM_Base_Init  stm32f4xx_hal_tim.o
    0x08005218   0x08005218   0x00000142   Code   RO          106    .text.HAL_TIM_Base_MspInit  tim.o
    0x0800535a   0x0800535a   0x00000002   PAD
    0x0800535c   0x0800535c   0x000000f6   Code   RO         1249    .text.HAL_TIM_Base_Start_IT  stm32f4xx_hal_tim.o
    0x08005452   0x08005452   0x00000002   PAD
    0x08005454   0x08005454   0x00000184   Code   RO         1427    .text.HAL_TIM_ConfigClockSource  stm32f4xx_hal_tim.o
    0x080055d8   0x080055d8   0x00000008   Code   RO         1371    .text.HAL_TIM_IC_CaptureCallback  stm32f4xx_hal_tim.o
    0x080055e0   0x080055e0   0x0000021a   Code   RO         1369    .text.HAL_TIM_IRQHandler  stm32f4xx_hal_tim.o
    0x080057fa   0x080057fa   0x00000002   PAD
    0x080057fc   0x080057fc   0x000000c4   Code   RO           96    .text.HAL_TIM_MspPostInit  tim.o
    0x080058c0   0x080058c0   0x00000008   Code   RO         1373    .text.HAL_TIM_OC_DelayElapsedCallback  stm32f4xx_hal_tim.o
    0x080058c8   0x080058c8   0x00000142   Code   RO         1401    .text.HAL_TIM_PWM_ConfigChannel  stm32f4xx_hal_tim.o
    0x08005a0a   0x08005a0a   0x00000002   PAD
    0x08005a0c   0x08005a0c   0x0000009c   Code   RO         1289    .text.HAL_TIM_PWM_Init  stm32f4xx_hal_tim.o
    0x08005aa8   0x08005aa8   0x00000008   Code   RO         1291    .text.HAL_TIM_PWM_MspInit  stm32f4xx_hal_tim.o
    0x08005ab0   0x08005ab0   0x00000008   Code   RO         1375    .text.HAL_TIM_PWM_PulseFinishedCallback  stm32f4xx_hal_tim.o
    0x08005ab8   0x08005ab8   0x000001dc   Code   RO         2966    .text.HAL_TIM_PeriodElapsedCallback  drv_tim.o
    0x08005c94   0x08005c94   0x00000008   Code   RO         1379    .text.HAL_TIM_TriggerCallback  stm32f4xx_hal_tim.o
    0x08005c9c   0x08005c9c   0x000000c2   Code   RO         1625    .text.HAL_UARTEx_ReceiveToIdle_DMA  stm32f4xx_hal_uart.o
    0x08005d5e   0x08005d5e   0x00000002   PAD
    0x08005d60   0x08005d60   0x000001e4   Code   RO         2995    .text.HAL_UARTEx_RxEventCallback  drv_uart.o
    0x08005f44   0x08005f44   0x00000008   Code   RO         1661    .text.HAL_UART_ErrorCallback  stm32f4xx_hal_uart.o
    0x08005f4c   0x08005f4c   0x0000042c   Code   RO         1655    .text.HAL_UART_IRQHandler  stm32f4xx_hal_uart.o
    0x08006378   0x08006378   0x0000009e   Code   RO         1571    .text.HAL_UART_Init  stm32f4xx_hal_uart.o
    0x08006416   0x08006416   0x00000002   PAD
    0x08006418   0x08006418   0x000003e6   Code   RO          128    .text.HAL_UART_MspInit  usart.o
    0x080067fe   0x080067fe   0x00000002   PAD
    0x08006800   0x08006800   0x00000008   Code   RO         1673    .text.HAL_UART_RxCpltCallback  stm32f4xx_hal_uart.o
    0x08006808   0x08006808   0x00000008   Code   RO         1675    .text.HAL_UART_RxHalfCpltCallback  stm32f4xx_hal_uart.o
    0x08006810   0x08006810   0x00000130   Code   RO         1587    .text.HAL_UART_Transmit  stm32f4xx_hal_uart.o
    0x08006940   0x08006940   0x000000e2   Code   RO         1599    .text.HAL_UART_Transmit_DMA  stm32f4xx_hal_uart.o
    0x08006a22   0x08006a22   0x00000002   PAD
    0x08006a24   0x08006a24   0x00000008   Code   RO         1669    .text.HAL_UART_TxCpltCallback  stm32f4xx_hal_uart.o
    0x08006a2c   0x08006a2c   0x00000008   Code   RO         1671    .text.HAL_UART_TxHalfCpltCallback  stm32f4xx_hal_uart.o
    0x08006a34   0x08006a34   0x00000004   Code   RO          149    .text.HardFault_Handler  stm32f4xx_it.o
    0x08006a38   0x08006a38   0x0000007a   Code   RO         3128    .text.IntToUnicode  usbd_desc.o
    0x08006ab2   0x08006ab2   0x00000002   PAD
    0x08006ab4   0x08006ab4   0x0000004e   Code   RO           36    .text.MX_CAN1_Init  can.o
    0x08006b02   0x08006b02   0x00000002   PAD
    0x08006b04   0x08006b04   0x0000004e   Code   RO           38    .text.MX_CAN2_Init  can.o
    0x08006b52   0x08006b52   0x00000002   PAD
    0x08006b54   0x08006b54   0x000000f2   Code   RO           54    .text.MX_DMA_Init   dma.o
    0x08006c46   0x08006c46   0x00000002   PAD
    0x08006c48   0x08006c48   0x0000021c   Code   RO           28    .text.MX_GPIO_Init  gpio.o
    0x08006e64   0x08006e64   0x00000048   Code   RO           62    .text.MX_I2C3_Init  i2c.o
    0x08006eac   0x08006eac   0x00000052   Code   RO           78    .text.MX_SPI1_Init  spi.o
    0x08006efe   0x08006efe   0x00000002   PAD
    0x08006f00   0x08006f00   0x0000008e   Code   RO          104    .text.MX_TIM10_Init  tim.o
    0x08006f8e   0x08006f8e   0x00000002   PAD
    0x08006f90   0x08006f90   0x0000011e   Code   RO           94    .text.MX_TIM1_Init  tim.o
    0x080070ae   0x080070ae   0x00000002   PAD
    0x080070b0   0x080070b0   0x00000084   Code   RO           98    .text.MX_TIM3_Init  tim.o
    0x08007134   0x08007134   0x00000084   Code   RO          100    .text.MX_TIM4_Init  tim.o
    0x080071b8   0x080071b8   0x00000084   Code   RO          102    .text.MX_TIM5_Init  tim.o
    0x0800723c   0x0800723c   0x00000040   Code   RO          122    .text.MX_USART1_UART_Init  usart.o
    0x0800727c   0x0800727c   0x0000004c   Code   RO          124    .text.MX_USART3_UART_Init  usart.o
    0x080072c8   0x080072c8   0x00000040   Code   RO          126    .text.MX_USART6_UART_Init  usart.o
    0x08007308   0x08007308   0x00000076   Code   RO         3103    .text.MX_USB_DEVICE_Init  usb_device.o
    0x0800737e   0x0800737e   0x00000002   PAD
    0x08007380   0x08007380   0x00000004   Code   RO          151    .text.MemManage_Handler  stm32f4xx_it.o
    0x08007384   0x08007384   0x00000004   Code   RO          147    .text.NMI_Handler   stm32f4xx_it.o
    0x08007388   0x08007388   0x0000006c   Code   RO          711    .text.NVIC_EncodePriority  stm32f4xx_hal_cortex.o
    0x080073f4   0x080073f4   0x00000010   Code   RO          201    .text.OTG_FS_IRQHandler  stm32f4xx_it.o
    0x08007404   0x08007404   0x0000008a   Code   RO          242    .text.PCD_EP_OutSetupPacket_int  stm32f4xx_hal_pcd.o
    0x0800748e   0x0800748e   0x00000002   PAD
    0x08007490   0x08007490   0x000001c8   Code   RO          240    .text.PCD_EP_OutXfrComplete_int  stm32f4xx_hal_pcd.o
    0x08007658   0x08007658   0x00000132   Code   RO          250    .text.PCD_WriteEmptyTxFifo  stm32f4xx_hal_pcd.o
    0x0800778a   0x0800778a   0x00000002   PAD
    0x0800778c   0x0800778c   0x00000002   Code   RO          161    .text.PendSV_Handler  stm32f4xx_it.o
    0x0800778e   0x0800778e   0x00000002   PAD
    0x08007790   0x08007790   0x00000002   Code   RO          157    .text.SVC_Handler   stm32f4xx_it.o
    0x08007792   0x08007792   0x00000002   PAD
    0x08007794   0x08007794   0x00000036   Code   RO         3315    .text.SWAPBYTE      usbd_ctlreq.o
    0x080077ca   0x080077ca   0x00000002   PAD
    0x080077cc   0x080077cc   0x00000052   Code   RO          727    .text.SysTick_Config  stm32f4xx_hal_cortex.o
    0x0800781e   0x0800781e   0x00000002   PAD
    0x08007820   0x08007820   0x00000008   Code   RO          163    .text.SysTick_Handler  stm32f4xx_it.o
    0x08007828   0x08007828   0x000000bc   Code   RO           15    .text.SystemClock_Config  main.o
    0x080078e4   0x080078e4   0x00000012   Code   RO         1702    .text.SystemInit    system_stm32f4xx.o
    0x080078f6   0x080078f6   0x00000002   PAD
    0x080078f8   0x080078f8   0x00000010   Code   RO          183    .text.TIM4_IRQHandler  stm32f4xx_it.o
    0x08007908   0x08007908   0x00000010   Code   RO          189    .text.TIM5_IRQHandler  stm32f4xx_it.o
    0x08007918   0x08007918   0x000001b0   Code   RO         1239    .text.TIM_Base_SetConfig  stm32f4xx_hal_tim.o
    0x08007ac8   0x08007ac8   0x000000d2   Code   RO         2840    .text.TIM_CAN_PeriodElapsedCallback  drv_can.o
    0x08007b9a   0x08007b9a   0x00000002   PAD
    0x08007b9c   0x08007b9c   0x00000034   Code   RO         1425    .text.TIM_ETR_SetConfig  stm32f4xx_hal_tim.o
    0x08007bd0   0x08007bd0   0x0000002a   Code   RO         1431    .text.TIM_ITRx_SetConfig  stm32f4xx_hal_tim.o
    0x08007bfa   0x08007bfa   0x00000002   PAD
    0x08007bfc   0x08007bfc   0x00000214   Code   RO         2964    .text.TIM_Init      drv_tim.o
    0x08007e10   0x08007e10   0x000000ea   Code   RO         1383    .text.TIM_OC1_SetConfig  stm32f4xx_hal_tim.o
    0x08007efa   0x08007efa   0x00000002   PAD
    0x08007efc   0x08007efc   0x000000f4   Code   RO         1385    .text.TIM_OC2_SetConfig  stm32f4xx_hal_tim.o
    0x08007ff0   0x08007ff0   0x000000f2   Code   RO         1387    .text.TIM_OC3_SetConfig  stm32f4xx_hal_tim.o
    0x080080e2   0x080080e2   0x00000002   PAD
    0x080080e4   0x080080e4   0x000000a4   Code   RO         1389    .text.TIM_OC4_SetConfig  stm32f4xx_hal_tim.o
    0x08008188   0x08008188   0x00000050   Code   RO         1429    .text.TIM_TI1_ConfigInputStage  stm32f4xx_hal_tim.o
    0x080081d8   0x080081d8   0x00000052   Code   RO         1433    .text.TIM_TI2_ConfigInputStage  stm32f4xx_hal_tim.o
    0x0800822a   0x0800822a   0x00000002   PAD
    0x0800822c   0x0800822c   0x0000001c   Code   RO         2993    .text.TIM_UART_PeriodElapsedCallback  drv_uart.o
    0x08008248   0x08008248   0x00000018   Code   RO         3014    .text.TIM_USB_PeriodElapsedCallback  drv_usb.o
    0x08008260   0x08008260   0x00000098   Code   RO         3044    .text.Task_Init     tsk_config_and_callback.o
    0x080082f8   0x080082f8   0x000000e8   Code   RO         3046    .text.Task_Loop     tsk_config_and_callback.o
    0x080083e0   0x080083e0   0x00000020   Code   RO         1659    .text.UART_DMAAbortOnError  stm32f4xx_hal_uart.o
    0x08008400   0x08008400   0x0000007c   Code   RO         1605    .text.UART_DMAError  stm32f4xx_hal_uart.o
    0x0800847c   0x0800847c   0x000000f4   Code   RO         1691    .text.UART_DMAReceiveCplt  stm32f4xx_hal_uart.o
    0x08008570   0x08008570   0x00000034   Code   RO         1693    .text.UART_DMARxHalfCplt  stm32f4xx_hal_uart.o
    0x080085a4   0x080085a4   0x0000007a   Code   RO         1601    .text.UART_DMATransmitCplt  stm32f4xx_hal_uart.o
    0x0800861e   0x0800861e   0x00000002   PAD
    0x08008620   0x08008620   0x00000016   Code   RO         1603    .text.UART_DMATxHalfCplt  stm32f4xx_hal_uart.o
    0x08008636   0x08008636   0x00000002   PAD
    0x08008638   0x08008638   0x00000094   Code   RO         1619    .text.UART_EndRxTransfer  stm32f4xx_hal_uart.o
    0x080086cc   0x080086cc   0x00000026   Code   RO         1667    .text.UART_EndTransmit_IT  stm32f4xx_hal_uart.o
    0x080086f2   0x080086f2   0x00000002   PAD
    0x080086f4   0x080086f4   0x00000036   Code   RO         1617    .text.UART_EndTxTransfer  stm32f4xx_hal_uart.o
    0x0800872a   0x0800872a   0x00000002   PAD
    0x0800872c   0x0800872c   0x000001ac   Code   RO         2989    .text.UART_Init     drv_uart.o
    0x080088d8   0x080088d8   0x0000016a   Code   RO         1657    .text.UART_Receive_IT  stm32f4xx_hal_uart.o
    0x08008a42   0x08008a42   0x00000002   PAD
    0x08008a44   0x08008a44   0x0000001c   Code   RO         2991    .text.UART_Send_Data  drv_uart.o
    0x08008a60   0x08008a60   0x0000013a   Code   RO         1575    .text.UART_SetConfig  stm32f4xx_hal_uart.o
    0x08008b9a   0x08008b9a   0x00000002   PAD
    0x08008b9c   0x08008b9c   0x0000010c   Code   RO         1609    .text.UART_Start_Receive_DMA  stm32f4xx_hal_uart.o
    0x08008ca8   0x08008ca8   0x00000094   Code   RO         1665    .text.UART_Transmit_IT  stm32f4xx_hal_uart.o
    0x08008d3c   0x08008d3c   0x000000da   Code   RO         1589    .text.UART_WaitOnFlagUntilTimeout  stm32f4xx_hal_uart.o
    0x08008e16   0x08008e16   0x00000002   PAD
    0x08008e18   0x08008e18   0x00000010   Code   RO          185    .text.USART1_IRQHandler  stm32f4xx_it.o
    0x08008e28   0x08008e28   0x00000010   Code   RO          187    .text.USART3_IRQHandler  stm32f4xx_it.o
    0x08008e38   0x08008e38   0x00000010   Code   RO          209    .text.USART6_IRQHandler  stm32f4xx_it.o
    0x08008e48   0x08008e48   0x000000f4   Code   RO         3358    .text.USBD_CDC_DataIn  usbd_cdc.o
    0x08008f3c   0x08008f3c   0x00000070   Code   RO         3360    .text.USBD_CDC_DataOut  usbd_cdc.o
    0x08008fac   0x08008fac   0x000000ec   Code   RO         3352    .text.USBD_CDC_DeInit  usbd_cdc.o
    0x08009098   0x08009098   0x00000078   Code   RO         3356    .text.USBD_CDC_EP0_RxReady  usbd_cdc.o
    0x08009110   0x08009110   0x00000016   Code   RO         3368    .text.USBD_CDC_GetDeviceQualifierDescriptor  usbd_cdc.o
    0x08009126   0x08009126   0x00000002   PAD
    0x08009128   0x08009128   0x0000006c   Code   RO         3364    .text.USBD_CDC_GetFSCfgDesc  usbd_cdc.o
    0x08009194   0x08009194   0x00000070   Code   RO         3362    .text.USBD_CDC_GetHSCfgDesc  usbd_cdc.o
    0x08009204   0x08009204   0x0000006c   Code   RO         3366    .text.USBD_CDC_GetOtherSpeedCfgDesc  usbd_cdc.o
    0x08009270   0x08009270   0x0000021c   Code   RO         3350    .text.USBD_CDC_Init  usbd_cdc.o
    0x0800948c   0x0800948c   0x0000007e   Code   RO         3378    .text.USBD_CDC_ReceivePacket  usbd_cdc.o
    0x0800950a   0x0800950a   0x00000002   PAD
    0x0800950c   0x0800950c   0x00000034   Code   RO         3370    .text.USBD_CDC_RegisterInterface  usbd_cdc.o
    0x08009540   0x08009540   0x0000003c   Code   RO         3374    .text.USBD_CDC_SetRxBuffer  usbd_cdc.o
    0x0800957c   0x0800957c   0x00000046   Code   RO         3372    .text.USBD_CDC_SetTxBuffer  usbd_cdc.o
    0x080095c2   0x080095c2   0x00000002   PAD
    0x080095c4   0x080095c4   0x000001cc   Code   RO         3354    .text.USBD_CDC_Setup  usbd_cdc.o
    0x08009790   0x08009790   0x00000088   Code   RO         3376    .text.USBD_CDC_TransmitPacket  usbd_cdc.o
    0x08009818   0x08009818   0x00000032   Code   RO         3250    .text.USBD_ClrClassConfig  usbd_core.o
    0x0800984a   0x0800984a   0x00000002   PAD
    0x0800984c   0x0800984c   0x00000040   Code   RO         3305    .text.USBD_ClrFeature  usbd_ctlreq.o
    0x0800988c   0x0800988c   0x0000000e   Code   RO         3258    .text.USBD_CoreFindEP  usbd_core.o
    0x0800989a   0x0800989a   0x00000002   PAD
    0x0800989c   0x0800989c   0x0000000e   Code   RO         3256    .text.USBD_CoreFindIF  usbd_core.o
    0x080098aa   0x080098aa   0x00000002   PAD
    0x080098ac   0x080098ac   0x0000001e   Code   RO         3335    .text.USBD_CtlContinueRx  usbd_ioreq.o
    0x080098ca   0x080098ca   0x00000002   PAD
    0x080098cc   0x080098cc   0x0000001e   Code   RO         3331    .text.USBD_CtlContinueSendData  usbd_ioreq.o
    0x080098ea   0x080098ea   0x00000002   PAD
    0x080098ec   0x080098ec   0x0000001c   Code   RO         3307    .text.USBD_CtlError  usbd_ctlreq.o
    0x08009908   0x08009908   0x00000036   Code   RO         3333    .text.USBD_CtlPrepareRx  usbd_ioreq.o
    0x0800993e   0x0800993e   0x00000002   PAD
    0x08009940   0x08009940   0x00000022   Code   RO         3339    .text.USBD_CtlReceiveStatus  usbd_ioreq.o
    0x08009962   0x08009962   0x00000002   PAD
    0x08009964   0x08009964   0x00000032   Code   RO         3329    .text.USBD_CtlSendData  usbd_ioreq.o
    0x08009996   0x08009996   0x00000002   PAD
    0x08009998   0x08009998   0x00000022   Code   RO         3337    .text.USBD_CtlSendStatus  usbd_ioreq.o
    0x080099ba   0x080099ba   0x00000002   PAD
    0x080099bc   0x080099bc   0x0000004e   Code   RO         3122    .text.USBD_FS_ConfigStrDescriptor  usbd_desc.o
    0x08009a0a   0x08009a0a   0x00000002   PAD
    0x08009a0c   0x08009a0c   0x0000001a   Code   RO         3112    .text.USBD_FS_DeviceDescriptor  usbd_desc.o
    0x08009a26   0x08009a26   0x00000002   PAD
    0x08009a28   0x08009a28   0x0000004e   Code   RO         3124    .text.USBD_FS_InterfaceStrDescriptor  usbd_desc.o
    0x08009a76   0x08009a76   0x00000002   PAD
    0x08009a78   0x08009a78   0x0000001a   Code   RO         3114    .text.USBD_FS_LangIDStrDescriptor  usbd_desc.o
    0x08009a92   0x08009a92   0x00000002   PAD
    0x08009a94   0x08009a94   0x00000028   Code   RO         3116    .text.USBD_FS_ManufacturerStrDescriptor  usbd_desc.o
    0x08009abc   0x08009abc   0x0000004e   Code   RO         3118    .text.USBD_FS_ProductStrDescriptor  usbd_desc.o
    0x08009b0a   0x08009b0a   0x00000002   PAD
    0x08009b0c   0x08009b0c   0x00000020   Code   RO         3120    .text.USBD_FS_SerialStrDescriptor  usbd_desc.o
    0x08009b2c   0x08009b2c   0x00000064   Code   RO         3299    .text.USBD_GetConfig  usbd_ctlreq.o
    0x08009b90   0x08009b90   0x000002d8   Code   RO         3293    .text.USBD_GetDescriptor  usbd_ctlreq.o
    0x08009e68   0x08009e68   0x00000076   Code   RO         3280    .text.USBD_GetEpDesc  usbd_core.o
    0x08009ede   0x08009ede   0x00000002   PAD
    0x08009ee0   0x08009ee0   0x00000032   Code   RO         3319    .text.USBD_GetLen   usbd_ctlreq.o
    0x08009f12   0x08009f12   0x00000002   PAD
    0x08009f14   0x08009f14   0x00000026   Code   RO         3282    .text.USBD_GetNextDesc  usbd_core.o
    0x08009f3a   0x08009f3a   0x00000002   PAD
    0x08009f3c   0x08009f3c   0x00000062   Code   RO         3301    .text.USBD_GetStatus  usbd_ctlreq.o
    0x08009f9e   0x08009f9e   0x00000002   PAD
    0x08009fa0   0x08009fa0   0x000000bc   Code   RO         3317    .text.USBD_GetString  usbd_ctlreq.o
    0x0800a05c   0x0800a05c   0x00000052   Code   RO         3195    .text.USBD_Get_USB_Status  usbd_conf.o
    0x0800a0ae   0x0800a0ae   0x00000002   PAD
    0x0800a0b0   0x0800a0b0   0x0000006a   Code   RO         3236    .text.USBD_Init     usbd_core.o
    0x0800a11a   0x0800a11a   0x00000002   PAD
    0x0800a11c   0x0800a11c   0x0000003a   Code   RO         3209    .text.USBD_LL_ClearStallEP  usbd_conf.o
    0x0800a156   0x0800a156   0x00000002   PAD
    0x0800a158   0x0800a158   0x0000003a   Code   RO         3203    .text.USBD_LL_CloseEP  usbd_conf.o
    0x0800a192   0x0800a192   0x00000002   PAD
    0x0800a194   0x0800a194   0x00000190   Code   RO         3260    .text.USBD_LL_DataInStage  usbd_core.o
    0x0800a324   0x0800a324   0x000001b2   Code   RO         3254    .text.USBD_LL_DataOutStage  usbd_core.o
    0x0800a4d6   0x0800a4d6   0x00000002   PAD
    0x0800a4d8   0x0800a4d8   0x0000000a   Code   RO         3276    .text.USBD_LL_DevConnected  usbd_core.o
    0x0800a4e2   0x0800a4e2   0x00000002   PAD
    0x0800a4e4   0x0800a4e4   0x00000040   Code   RO         3278    .text.USBD_LL_DevDisconnected  usbd_core.o
    0x0800a524   0x0800a524   0x0000001c   Code   RO         3219    .text.USBD_LL_GetRxDataSize  usbd_conf.o
    0x0800a540   0x0800a540   0x0000007e   Code   RO         3191    .text.USBD_LL_Init  usbd_conf.o
    0x0800a5be   0x0800a5be   0x00000002   PAD
    0x0800a5c0   0x0800a5c0   0x0000005a   Code   RO         3211    .text.USBD_LL_IsStallEP  usbd_conf.o
    0x0800a61a   0x0800a61a   0x00000002   PAD
    0x0800a61c   0x0800a61c   0x0000006e   Code   RO         3272    .text.USBD_LL_IsoINIncomplete  usbd_core.o
    0x0800a68a   0x0800a68a   0x00000002   PAD
    0x0800a68c   0x0800a68c   0x0000006e   Code   RO         3274    .text.USBD_LL_IsoOUTIncomplete  usbd_core.o
    0x0800a6fa   0x0800a6fa   0x00000002   PAD
    0x0800a6fc   0x0800a6fc   0x0000004a   Code   RO         3201    .text.USBD_LL_OpenEP  usbd_conf.o
    0x0800a746   0x0800a746   0x00000002   PAD
    0x0800a748   0x0800a748   0x00000042   Code   RO         3217    .text.USBD_LL_PrepareReceive  usbd_conf.o
    0x0800a78a   0x0800a78a   0x00000002   PAD
    0x0800a78c   0x0800a78c   0x0000009c   Code   RO         3262    .text.USBD_LL_Reset  usbd_core.o
    0x0800a828   0x0800a828   0x00000024   Code   RO         3268    .text.USBD_LL_Resume  usbd_core.o
    0x0800a84c   0x0800a84c   0x0000003e   Code   RO         3270    .text.USBD_LL_SOF   usbd_core.o
    0x0800a88a   0x0800a88a   0x00000002   PAD
    0x0800a88c   0x0800a88c   0x00000016   Code   RO         3264    .text.USBD_LL_SetSpeed  usbd_core.o
    0x0800a8a2   0x0800a8a2   0x00000002   PAD
    0x0800a8a4   0x0800a8a4   0x0000003a   Code   RO         3213    .text.USBD_LL_SetUSBAddress  usbd_conf.o
    0x0800a8de   0x0800a8de   0x00000002   PAD
    0x0800a8e0   0x0800a8e0   0x00000094   Code   RO         3252    .text.USBD_LL_SetupStage  usbd_core.o
    0x0800a974   0x0800a974   0x0000003a   Code   RO         3207    .text.USBD_LL_StallEP  usbd_conf.o
    0x0800a9ae   0x0800a9ae   0x00000002   PAD
    0x0800a9b0   0x0800a9b0   0x00000032   Code   RO         3197    .text.USBD_LL_Start  usbd_conf.o
    0x0800a9e2   0x0800a9e2   0x00000002   PAD
    0x0800a9e4   0x0800a9e4   0x0000002c   Code   RO         3266    .text.USBD_LL_Suspend  usbd_core.o
    0x0800aa10   0x0800aa10   0x00000042   Code   RO         3215    .text.USBD_LL_Transmit  usbd_conf.o
    0x0800aa52   0x0800aa52   0x00000002   PAD
    0x0800aa54   0x0800aa54   0x00000062   Code   RO         3313    .text.USBD_ParseSetupRequest  usbd_ctlreq.o
    0x0800aab6   0x0800aab6   0x00000002   PAD
    0x0800aab8   0x0800aab8   0x00000072   Code   RO         3240    .text.USBD_RegisterClass  usbd_core.o
    0x0800ab2a   0x0800ab2a   0x00000002   PAD
    0x0800ab2c   0x0800ab2c   0x0000000a   Code   RO         3246    .text.USBD_RunTestMode  usbd_core.o
    0x0800ab36   0x0800ab36   0x00000002   PAD
    0x0800ab38   0x0800ab38   0x0000008c   Code   RO         3295    .text.USBD_SetAddress  usbd_ctlreq.o
    0x0800abc4   0x0800abc4   0x00000036   Code   RO         3248    .text.USBD_SetClassConfig  usbd_core.o
    0x0800abfa   0x0800abfa   0x00000002   PAD
    0x0800abfc   0x0800abfc   0x0000017e   Code   RO         3297    .text.USBD_SetConfig  usbd_ctlreq.o
    0x0800ad7a   0x0800ad7a   0x00000002   PAD
    0x0800ad7c   0x0800ad7c   0x0000004e   Code   RO         3303    .text.USBD_SetFeature  usbd_ctlreq.o
    0x0800adca   0x0800adca   0x00000002   PAD
    0x0800adcc   0x0800adcc   0x00000010   Code   RO         3242    .text.USBD_Start    usbd_core.o
    0x0800addc   0x0800addc   0x000000cc   Code   RO         3291    .text.USBD_StdDevReq  usbd_ctlreq.o
    0x0800aea8   0x0800aea8   0x000003ac   Code   RO         3311    .text.USBD_StdEPReq  usbd_ctlreq.o
    0x0800b254   0x0800b254   0x000000f4   Code   RO         3309    .text.USBD_StdItfReq  usbd_ctlreq.o
    0x0800b348   0x0800b348   0x00000008   Code   RO         3223    .text.USBD_static_free  usbd_conf.o
    0x0800b350   0x0800b350   0x00000010   Code   RO         3221    .text.USBD_static_malloc  usbd_conf.o
    0x0800b360   0x0800b360   0x000000de   Code   RO          348    .text.USB_ActivateEndpoint  stm32f4xx_ll_usb.o
    0x0800b43e   0x0800b43e   0x00000002   PAD
    0x0800b440   0x0800b440   0x0000002c   Code   RO          390    .text.USB_ActivateSetup  stm32f4xx_ll_usb.o
    0x0800b46c   0x0800b46c   0x000000d6   Code   RO          324    .text.USB_CoreInit  stm32f4xx_ll_usb.o
    0x0800b542   0x0800b542   0x00000002   PAD
    0x0800b544   0x0800b544   0x00000076   Code   RO          326    .text.USB_CoreReset  stm32f4xx_ll_usb.o
    0x0800b5ba   0x0800b5ba   0x00000002   PAD
    0x0800b5bc   0x0800b5bc   0x00000138   Code   RO          352    .text.USB_DeactivateEndpoint  stm32f4xx_ll_usb.o
    0x0800b6f4   0x0800b6f4   0x0000002a   Code   RO          372    .text.USB_DevConnect  stm32f4xx_ll_usb.o
    0x0800b71e   0x0800b71e   0x00000002   PAD
    0x0800b720   0x0800b720   0x0000002a   Code   RO          374    .text.USB_DevDisconnect  stm32f4xx_ll_usb.o
    0x0800b74a   0x0800b74a   0x00000002   PAD
    0x0800b74c   0x0800b74c   0x0000029a   Code   RO          338    .text.USB_DevInit   stm32f4xx_ll_usb.o
    0x0800b9e6   0x0800b9e6   0x00000002   PAD
    0x0800b9e8   0x0800b9e8   0x00000014   Code   RO          332    .text.USB_DisableGlobalInt  stm32f4xx_ll_usb.o
    0x0800b9fc   0x0800b9fc   0x0000009e   Code   RO          392    .text.USB_EP0_OutStart  stm32f4xx_ll_usb.o
    0x0800ba9a   0x0800ba9a   0x00000002   PAD
    0x0800ba9c   0x0800ba9c   0x000000a0   Code   RO          366    .text.USB_EPClearStall  stm32f4xx_ll_usb.o
    0x0800bb3c   0x0800bb3c   0x000000a8   Code   RO          364    .text.USB_EPSetStall  stm32f4xx_ll_usb.o
    0x0800bbe4   0x0800bbe4   0x000003f8   Code   RO          356    .text.USB_EPStartXfer  stm32f4xx_ll_usb.o
    0x0800bfdc   0x0800bfdc   0x0000011c   Code   RO          360    .text.USB_EPStopXfer  stm32f4xx_ll_usb.o
    0x0800c0f8   0x0800c0f8   0x00000014   Code   RO          330    .text.USB_EnableGlobalInt  stm32f4xx_ll_usb.o
    0x0800c10c   0x0800c10c   0x00000074   Code   RO          344    .text.USB_FlushRxFifo  stm32f4xx_ll_usb.o
    0x0800c180   0x0800c180   0x0000007a   Code   RO          342    .text.USB_FlushTxFifo  stm32f4xx_ll_usb.o
    0x0800c1fa   0x0800c1fa   0x00000002   PAD
    0x0800c1fc   0x0800c1fc   0x0000004c   Code   RO          346    .text.USB_GetDevSpeed  stm32f4xx_ll_usb.o
    0x0800c248   0x0800c248   0x00000010   Code   RO          336    .text.USB_GetMode   stm32f4xx_ll_usb.o
    0x0800c258   0x0800c258   0x00000024   Code   RO          382    .text.USB_ReadDevAllInEpInterrupt  stm32f4xx_ll_usb.o
    0x0800c27c   0x0800c27c   0x00000024   Code   RO          380    .text.USB_ReadDevAllOutEpInterrupt  stm32f4xx_ll_usb.o
    0x0800c2a0   0x0800c2a0   0x0000004e   Code   RO          386    .text.USB_ReadDevInEPInterrupt  stm32f4xx_ll_usb.o
    0x0800c2ee   0x0800c2ee   0x00000002   PAD
    0x0800c2f0   0x0800c2f0   0x0000002e   Code   RO          384    .text.USB_ReadDevOutEPInterrupt  stm32f4xx_ll_usb.o
    0x0800c31e   0x0800c31e   0x00000002   PAD
    0x0800c320   0x0800c320   0x0000001a   Code   RO          376    .text.USB_ReadInterrupts  stm32f4xx_ll_usb.o
    0x0800c33a   0x0800c33a   0x00000002   PAD
    0x0800c33c   0x0800c33c   0x000000b4   Code   RO          362    .text.USB_ReadPacket  stm32f4xx_ll_usb.o
    0x0800c3f0   0x0800c3f0   0x000000de   Code   RO          334    .text.USB_SetCurrentMode  stm32f4xx_ll_usb.o
    0x0800c4ce   0x0800c4ce   0x00000002   PAD
    0x0800c4d0   0x0800c4d0   0x00000036   Code   RO          370    .text.USB_SetDevAddress  stm32f4xx_ll_usb.o
    0x0800c506   0x0800c506   0x00000002   PAD
    0x0800c508   0x0800c508   0x00000022   Code   RO          340    .text.USB_SetDevSpeed  stm32f4xx_ll_usb.o
    0x0800c52a   0x0800c52a   0x00000002   PAD
    0x0800c52c   0x0800c52c   0x000001ba   Code   RO          328    .text.USB_SetTurnaroundTime  stm32f4xx_ll_usb.o
    0x0800c6e6   0x0800c6e6   0x00000002   PAD
    0x0800c6e8   0x0800c6e8   0x00000082   Code   RO          358    .text.USB_WritePacket  stm32f4xx_ll_usb.o
    0x0800c76a   0x0800c76a   0x00000002   PAD
    0x0800c76c   0x0800c76c   0x00000004   Code   RO          155    .text.UsageFault_Handler  stm32f4xx_it.o
    0x0800c770   0x0800c770   0x00000008   Code   RO         1777    .text._GLOBAL__sub_I_crt_chassis.cpp  crt_chassis.o
    0x0800c778   0x0800c778   0x00000008   Code   RO         2846    .text._GLOBAL__sub_I_drv_can.cpp  drv_can.o
    0x0800c780   0x0800c780   0x00000008   Code   RO         2407    .text._GLOBAL__sub_I_dvc_GraphicsSendTask.cpp  dvc_graphicssendtask.o
    0x0800c788   0x0800c788   0x00000008   Code   RO         2352    .text._GLOBAL__sub_I_dvc_dwt.cpp  dvc_dwt.o
    0x0800c790   0x0800c790   0x00000008   Code   RO         2528    .text._GLOBAL__sub_I_ita_chariot.cpp  ita_chariot.o
    0x0800c798   0x0800c798   0x00000010   Code   RO         3048    .text._GLOBAL__sub_I_tsk_config_and_callback.cpp  tsk_config_and_callback.o
    0x0800c7a8   0x0800c7a8   0x000003ba   Code   RO         2395    .text._Z10CharChangeh  dvc_graphicssendtask.o
    0x0800cb62   0x0800cb62   0x00000002   PAD
    0x0800cb64   0x0800cb64   0x00000078   Code   RO         2369    .text._Z11Send_UIPacktttPht  dvc_graphicssendtask.o
    0x0800cbdc   0x0800cbdc   0x00000092   Code   RO         2403    .text._Z12CapUI_Changefh  dvc_graphicssendtask.o
    0x0800cc6e   0x0800cc6e   0x00000002   PAD
    0x0800cc70   0x0800cc70   0x00000138   Code   RO         2379    .text._Z14FloatData_DrawhittfhhtiPh  dvc_graphicssendtask.o
    0x0800cda8   0x0800cda8   0x000000de   Code   RO         2387    .text._Z14Lanelines_Initv  dvc_graphicssendtask.o
    0x0800ce86   0x0800ce86   0x00000002   PAD
    0x0800ce88   0x0800ce88   0x00000092   Code   RO         2401    .text._Z14PitchUI_Changefh  dvc_graphicssendtask.o
    0x0800cf1a   0x0800cf1a   0x00000002   PAD
    0x0800cf1c   0x0800cf1c   0x000000d8   Code   RO         2383    .text._Z14Rectangle_DrawhitttttiPh  dvc_graphicssendtask.o
    0x0800cff4   0x0800cff4   0x000000a8   Code   RO         2371    .text._Z14Send_toRefereett  dvc_graphicssendtask.o
    0x0800d09c   0x0800d09c   0x00000084   Code   RO         2405    .text._Z15GraphicSendtaskv  dvc_graphicssendtask.o
    0x0800d120   0x0800d120   0x00000478   Code   RO         2389    .text._Z15ShootLines_Initv  dvc_graphicssendtask.o
    0x0800d598   0x0800d598   0x00000128   Code   RO         2375    .text._Z16CharGraphic_DrawhitthhtiPh  dvc_graphicssendtask.o
    0x0800d6c0   0x0800d6c0   0x000000c0   Code   RO         2490    .text._Z16allocate_tx_dataP17CAN_HandleTypeDef17Enum_Agv_Board_ID  dvc_agvboard.o
    0x0800d780   0x0800d780   0x0000019c   Code   RO         2019    .text._Z16allocate_tx_dataP17CAN_HandleTypeDef17Enum_DJI_Motor_ID  dvc_djimotor.o
    0x0800d91c   0x0800d91c   0x00000112   Code   RO         2399    .text._Z17MiniPC_Aim_Changeh  dvc_graphicssendtask.o
    0x0800da2e   0x0800da2e   0x00000002   PAD
    0x0800da30   0x0800da30   0x00000044   Code   RO         2259    .text._Z18Get_CRC8_Check_SumPhjh  dvc_referee.o
    0x0800da74   0x0800da74   0x00000066   Code   RO         2261    .text._Z19Get_CRC16_Check_SumPhjt  dvc_referee.o
    0x0800dada   0x0800dada   0x00000002   PAD
    0x0800dadc   0x0800dadc   0x00000042   Code   RO         2243    .text._Z21Append_CRC8_Check_SumPhj  dvc_referee.o
    0x0800db1e   0x0800db1e   0x00000002   PAD
    0x0800db20   0x0800db20   0x0000008c   Code   RO         3042    .text._Z21Task1ms_TIM5_Callbackv  tsk_config_and_callback.o
    0x0800dbac   0x0800dbac   0x00000052   Code   RO         2229    .text._Z21Verify_CRC8_Check_SumPhj  dvc_referee.o
    0x0800dbfe   0x0800dbfe   0x00000002   PAD
    0x0800dc00   0x0800dc00   0x00000052   Code   RO         2245    .text._Z22Append_CRC16_Check_SumPhj  dvc_referee.o
    0x0800dc52   0x0800dc52   0x00000002   PAD
    0x0800dc54   0x0800dc54   0x00000022   Code   RO         2797    .text._Z22Math_Endian_Reverse_16PvS_  drv_math.o
    0x0800dc76   0x0800dc76   0x00000002   PAD
    0x0800dc78   0x0800dc78   0x00000024   Code   RO         3038    .text._Z22Referee_UART6_CallbackPht  tsk_config_and_callback.o
    0x0800dc9c   0x0800dc9c   0x00000076   Code   RO         2231    .text._Z22Verify_CRC16_Check_SumPhj  dvc_referee.o
    0x0800dd12   0x0800dd12   0x00000002   PAD
    0x0800dd14   0x0800dd14   0x000000a2   Code   RO         2834    .text._Z22can_filter_mask_configP17CAN_HandleTypeDefhjj  drv_can.o
    0x0800ddb6   0x0800ddb6   0x00000002   PAD
    0x0800ddb8   0x0800ddb8   0x00000002   Code   RO         3040    .text._Z23Task100us_TIM4_Callbackv  tsk_config_and_callback.o
    0x0800ddba   0x0800ddba   0x00000002   PAD
    0x0800ddbc   0x0800ddbc   0x000000aa   Code   RO         3030    .text._Z28Chassis_Device_CAN1_CallbackP20Struct_CAN_Rx_Buffer  tsk_config_and_callback.o
    0x0800de66   0x0800de66   0x00000002   PAD
    0x0800de68   0x0800de68   0x00000086   Code   RO         3032    .text._Z28Chassis_Device_CAN2_CallbackP20Struct_CAN_Rx_Buffer  tsk_config_and_callback.o
    0x0800deee   0x0800deee   0x00000002   PAD
    0x0800def0   0x0800def0   0x00000014   Code   RO         1792    .text._Z3cosB6v16000f  crt_chassis.o
    0x0800df04   0x0800df04   0x00000014   Code   RO         1796    .text._Z3sinB6v16000f  crt_chassis.o
    0x0800df18   0x0800df18   0x00000014   Code   RO         1794    .text._Z4atanB6v16000f  crt_chassis.o
    0x0800df2c   0x0800df2c   0x00000014   Code   RO         1798    .text._Z4sqrtB6v16000f  crt_chassis.o
    0x0800df40   0x0800df40   0x000001f0   Code   RO         2393    .text._Z7CapDrawfh  dvc_graphicssendtask.o
    0x0800e130   0x0800e130   0x000000f0   Code   RO         2821    .text._Z7My_atandd  drv_math.o
    0x0800e220   0x0800e220   0x00000036   Code   RO         2588    .text._Z8Math_AbsIfET_S0_  alg_pid.o
    0x0800e256   0x0800e256   0x00000002   PAD
    0x0800e258   0x0800e258   0x000000e0   Code   RO         2377    .text._Z9Char_DrawhitthhtiPhS_  dvc_graphicssendtask.o
    0x0800e338   0x0800e338   0x0000020e   Code   RO         2397    .text._Z9Char_Initv  dvc_graphicssendtask.o
    0x0800e546   0x0800e546   0x00000002   PAD
    0x0800e548   0x0800e548   0x00000032   Code   RO         2817    .text._Z9Float_Absf  drv_math.o
    0x0800e57a   0x0800e57a   0x00000002   PAD
    0x0800e57c   0x0800e57c   0x000000d6   Code   RO         2381    .text._Z9Line_DrawhitttttiPh  dvc_graphicssendtask.o
    0x0800e652   0x0800e652   0x00000002   PAD
    0x0800e654   0x0800e654   0x00000012   Code   RO         1800    .text._ZN11Class_Slope10Set_TargetEf  crt_chassis.o
    0x0800e666   0x0800e666   0x00000002   PAD
    0x0800e668   0x0800e668   0x00000254   Code   RO         2593    .text._ZN11Class_Slope35TIM_Calculate_PeriodElapsedCallbackEv  alg_slope.o
    0x0800e8bc   0x0800e8bc   0x00000022   Code   RO         2591    .text._ZN11Class_Slope4InitEff  alg_slope.o
    0x0800e8de   0x0800e8de   0x00000002   PAD
    0x0800e8e0   0x0800e8e0   0x00000012   Code   RO         3094    .text._ZN11Class_SlopeC2Ev  tsk_config_and_callback.o
    0x0800e8f2   0x0800e8f2   0x00000002   PAD
    0x0800e8f4   0x0800e8f4   0x00000038   Code   RO         2514    .text._ZN13Class_Chariot30CAN_Chassis_Rx_Gimbal_CallbackEPh  ita_chariot.o
    0x0800e92c   0x0800e92c   0x00000052   Code   RO         2516    .text._ZN13Class_Chariot30CAN_Chassis_Tx_Gimbal_CallbackEv  ita_chariot.o
    0x0800e97e   0x0800e97e   0x00000002   PAD
    0x0800e980   0x0800e980   0x00000026   Code   RO         2520    .text._ZN13Class_Chariot33CAN_Chassis_Tx_Max_Power_CallbackEv  ita_chariot.o
    0x0800e9a6   0x0800e9a6   0x00000002   PAD
    0x0800e9a8   0x0800e9a8   0x00000026   Code   RO         2518    .text._ZN13Class_Chariot35TIM_Calculate_PeriodElapsedCallbackEv  ita_chariot.o
    0x0800e9ce   0x0800e9ce   0x00000002   PAD
    0x0800e9d0   0x0800e9d0   0x000000ca   Code   RO         2522    .text._ZN13Class_Chariot39TIM1msMod50_Alive_PeriodElapsedCallbackEv  ita_chariot.o
    0x0800ea9a   0x0800ea9a   0x00000002   PAD
    0x0800ea9c   0x0800ea9c   0x000000b0   Code   RO         2512    .text._ZN13Class_Chariot4InitEf  ita_chariot.o
    0x0800eb4c   0x0800eb4c   0x00000038   Code   RO         2524    .text._ZN13Class_Chariot58TIM1msMod50_Gimbal_Communicate_Alive_PeriodElapsedCallbackEv  ita_chariot.o
    0x0800eb84   0x0800eb84   0x0000007c   Code   RO         3064    .text._ZN13Class_ChariotC2Ev  tsk_config_and_callback.o
    0x0800ec00   0x0800ec00   0x000008b4   Code   RO         2227    .text._ZN13Class_Referee12Data_ProcessEv  dvc_referee.o
    0x0800f4b4   0x0800f4b4   0x0000000e   Code   RO         2220    .text._ZN13Class_Referee14Get_Game_StageEv  dvc_minipc.o
    0x0800f4c2   0x0800f4c2   0x00000002   PAD
    0x0800f4c4   0x0800f4c4   0x0000001c   Code   RO         2233    .text._ZN13Class_Referee19UART_RxCpltCallbackEPht  dvc_referee.o
    0x0800f4e0   0x0800f4e0   0x0000000e   Code   RO         2549    .text._ZN13Class_Referee21Get_Chassis_Power_MaxEv  ita_chariot.o
    0x0800f4ee   0x0800f4ee   0x00000002   PAD
    0x0800f4f0   0x0800f4f0   0x0000000e   Code   RO         2547    .text._ZN13Class_Referee26Get_Booster_17mm_1_Heat_CDEv  ita_chariot.o
    0x0800f4fe   0x0800f4fe   0x00000002   PAD
    0x0800f500   0x0800f500   0x0000000e   Code   RO         2545    .text._ZN13Class_Referee27Get_Booster_17mm_1_Heat_MaxEv  ita_chariot.o
    0x0800f50e   0x0800f50e   0x00000002   PAD
    0x0800f510   0x0800f510   0x0000002c   Code   RO         2235    .text._ZN13Class_Referee39TIM1msMod50_Alive_PeriodElapsedCallbackEv  dvc_referee.o
    0x0800f53c   0x0800f53c   0x000000e4   Code   RO         2225    .text._ZN13Class_Referee4InitEP20__UART_HandleTypeDefh  dvc_referee.o
    0x0800f620   0x0800f620   0x0000000e   Code   RO         2218    .text._ZN13Class_Referee6Get_IDEv  dvc_minipc.o
    0x0800f62e   0x0800f62e   0x00000002   PAD
    0x0800f630   0x0800f630   0x00000058   Code   RO         3078    .text._ZN13Class_RefereeC2Ev  tsk_config_and_callback.o
    0x0800f688   0x0800f688   0x00000018   Code   RO         2141    .text._ZN14Class_Supercap12Data_ProcessEv  dvc_supercap.o
    0x0800f6a0   0x0800f6a0   0x00000012   Code   RO         3070    .text._ZN14Class_Supercap15Get_Now_VoltageEv  tsk_config_and_callback.o
    0x0800f6b2   0x0800f6b2   0x00000002   PAD
    0x0800f6b4   0x0800f6b4   0x00000012   Code   RO         3068    .text._ZN14Class_Supercap17Get_Stored_EnergyEv  tsk_config_and_callback.o
    0x0800f6c6   0x0800f6c6   0x00000002   PAD
    0x0800f6c8   0x0800f6c8   0x00000018   Code   RO         2149    .text._ZN14Class_Supercap18CAN_RxCpltCallbackEPh  dvc_supercap.o
    0x0800f6e0   0x0800f6e0   0x0000002c   Code   RO         2153    .text._ZN14Class_Supercap31TIM_Alive_PeriodElapsedCallbackEv  dvc_supercap.o
    0x0800f70c   0x0800f70c   0x00000014   Code   RO         3096    .text._ZN14Class_SupercapC2Ev  tsk_config_and_callback.o
    0x0800f720   0x0800f720   0x00000016   Code   RO         2496    .text._ZN15Class_Agv_Board18CAN_RxCpltCallbackEPh  dvc_agvboard.o
    0x0800f736   0x0800f736   0x00000002   PAD
    0x0800f738   0x0800f738   0x0000000e   Code   RO         2505    .text._ZN15Class_Agv_Board21Get_Target_Velocity_XEv  dvc_agvboard.o
    0x0800f746   0x0800f746   0x00000002   PAD
    0x0800f748   0x0800f748   0x0000000e   Code   RO         2507    .text._ZN15Class_Agv_Board21Get_Target_Velocity_YEv  dvc_agvboard.o
    0x0800f756   0x0800f756   0x00000002   PAD
    0x0800f758   0x0800f758   0x00000012   Code   RO         1802    .text._ZN15Class_Agv_Board21Set_Target_Velocity_XEf  crt_chassis.o
    0x0800f76a   0x0800f76a   0x00000002   PAD
    0x0800f76c   0x0800f76c   0x00000012   Code   RO         1804    .text._ZN15Class_Agv_Board21Set_Target_Velocity_YEf  crt_chassis.o
    0x0800f77e   0x0800f77e   0x00000002   PAD
    0x0800f780   0x0800f780   0x00000090   Code   RO         2492    .text._ZN15Class_Agv_Board4InitEP17CAN_HandleTypeDef17Enum_Agv_Board_ID29Enum_Agv_Board_Control_Methodffff  dvc_agvboard.o
    0x0800f810   0x0800f810   0x0000002e   Code   RO         2494    .text._ZN15Class_Agv_Board6OutputEv  dvc_agvboard.o
    0x0800f83e   0x0800f83e   0x00000002   PAD
    0x0800f840   0x0800f840   0x00000022   Code   RO         3100    .text._ZN15Class_Agv_BoardC2Ev  tsk_config_and_callback.o
    0x0800f862   0x0800f862   0x00000002   PAD
    0x0800f864   0x0800f864   0x00000016   Code   RO         3066    .text._ZN16Class_SerialplotC2Ev  tsk_config_and_callback.o
    0x0800f87a   0x0800f87a   0x00000002   PAD
    0x0800f87c   0x0800f87c   0x000001a8   Code   RO         2047    .text._ZN20Class_DJI_Motor_C62012Data_ProcessEv  dvc_djimotor.o
    0x0800fa24   0x0800fa24   0x0000001c   Code   RO         2051    .text._ZN20Class_DJI_Motor_C62018CAN_RxCpltCallbackEPh  dvc_djimotor.o
    0x0800fa40   0x0800fa40   0x00000058   Code   RO         2053    .text._ZN20Class_DJI_Motor_C62031TIM_Alive_PeriodElapsedCallbackEv  dvc_djimotor.o
    0x0800fa98   0x0800fa98   0x0000005c   Code   RO         3098    .text._ZN20Class_DJI_Motor_C620C2Ev  tsk_config_and_callback.o
    0x0800faf4   0x0800faf4   0x000001a0   Code   RO         2023    .text._ZN22Class_DJI_Motor_GM602012Data_ProcessEv  dvc_djimotor.o
    0x0800fc94   0x0800fc94   0x0000001c   Code   RO         2027    .text._ZN22Class_DJI_Motor_GM602018CAN_RxCpltCallbackEPh  dvc_djimotor.o
    0x0800fcb0   0x0800fcb0   0x00000064   Code   RO         2029    .text._ZN22Class_DJI_Motor_GM602031TIM_Alive_PeriodElapsedCallbackEv  dvc_djimotor.o
    0x0800fd14   0x0800fd14   0x00000094   Code   RO         2021    .text._ZN22Class_DJI_Motor_GM60204InitEP17CAN_HandleTypeDef17Enum_DJI_Motor_ID29Enum_DJI_Motor_Control_Methodif  dvc_djimotor.o
    0x0800fda8   0x0800fda8   0x00000064   Code   RO         3074    .text._ZN22Class_DJI_Motor_GM6020C2Ev  tsk_config_and_callback.o
    0x0800fe0c   0x0800fe0c   0x00000004   PAD
    0x0800fe10   0x0800fe10   0x00000390   Code   RO         1771    .text._ZN22Class_Tricycle_Chassis16Speed_ResolutionEv  crt_chassis.o
    0x080101a0   0x080101a0   0x00000014   Code   RO         2541    .text._ZN22Class_Tricycle_Chassis21Set_Target_Velocity_XEf  ita_chariot.o
    0x080101b4   0x080101b4   0x00000014   Code   RO         2543    .text._ZN22Class_Tricycle_Chassis21Set_Target_Velocity_YEf  ita_chariot.o
    0x080101c8   0x080101c8   0x0000000e   Code   RO         3072    .text._ZN22Class_Tricycle_Chassis24Get_Chassis_Control_TypeEv  tsk_config_and_callback.o
    0x080101d6   0x080101d6   0x00000002   PAD
    0x080101d8   0x080101d8   0x00000064   Code   RO         1773    .text._ZN22Class_Tricycle_Chassis35TIM_Calculate_PeriodElapsedCallbackE18Enum_Sprint_Status  crt_chassis.o
    0x0801023c   0x0801023c   0x00000114   Code   RO         1769    .text._ZN22Class_Tricycle_Chassis4InitEffff  crt_chassis.o
    0x08010350   0x08010350   0x00000548   Code   RO         1775    .text._ZN22Class_Tricycle_Chassis66AGV_DirectiveMotor_TargetStatus_To_MotorAngle_In_ChassisCoordinateEv  crt_chassis.o
    0x08010898   0x08010898   0x000000da   Code   RO         3080    .text._ZN22Class_Tricycle_ChassisC2Ev  tsk_config_and_callback.o
    0x08010972   0x08010972   0x00000002   PAD
    0x08010974   0x08010974   0x00000010   Code   RO         3084    .text._ZN44Struct_Referee_Tx_Data_Interaction_Graphic_1C2Ev  tsk_config_and_callback.o
    0x08010984   0x08010984   0x00000010   Code   RO         3086    .text._ZN44Struct_Referee_Tx_Data_Interaction_Graphic_2C2Ev  tsk_config_and_callback.o
    0x08010994   0x08010994   0x00000010   Code   RO         3088    .text._ZN44Struct_Referee_Tx_Data_Interaction_Graphic_5C2Ev  tsk_config_and_callback.o
    0x080109a4   0x080109a4   0x00000010   Code   RO         3090    .text._ZN44Struct_Referee_Tx_Data_Interaction_Graphic_7C2Ev  tsk_config_and_callback.o
    0x080109b4   0x080109b4   0x00000010   Code   RO         3082    .text._ZN47Struct_Referee_Tx_Data_Interaction_Layer_DeleteC2Ev  tsk_config_and_callback.o
    0x080109c4   0x080109c4   0x00000010   Code   RO         3092    .text._ZN49Struct_Referee_Tx_Data_Interaction_Graphic_StringC2Ev  tsk_config_and_callback.o
    0x080109d4   0x080109d4   0x00000012   Code   RO         1756    .text._ZN9Class_PID18Set_Integral_ErrorEf  crt_booster.o
    0x080109e6   0x080109e6   0x00000002   PAD
    0x080109e8   0x080109e8   0x00000074   Code   RO         2578    .text._ZN9Class_PID4InitEfffffffffff16Enum_PID_D_First  alg_pid.o
    0x08010a5c   0x08010a5c   0x0000002e   Code   RO         3076    .text._ZN9Class_PIDC2Ev  tsk_config_and_callback.o
    0x08010a8a   0x08010a8a   0x00000002   PAD
    0x08010a8c   0x08010a8c   0x00000030   Code   RO          715    .text.__NVIC_EnableIRQ  stm32f4xx_hal_cortex.o
    0x08010abc   0x08010abc   0x00000010   Code   RO          707    .text.__NVIC_GetPriorityGrouping  stm32f4xx_hal_cortex.o
    0x08010acc   0x08010acc   0x00000042   Code   RO          709    .text.__NVIC_SetPriority  stm32f4xx_hal_cortex.o
    0x08010b0e   0x08010b0e   0x00000002   PAD
    0x08010b10   0x08010b10   0x0000003c   Code   RO          703    .text.__NVIC_SetPriorityGrouping  stm32f4xx_hal_cortex.o
    0x08010b4c   0x08010b4c   0x0000004c   Code   RO         1767    .text.__cxx_global_var_init  crt_chassis.o
    0x08010b98   0x08010b98   0x00000016   Code   RO         2340    .text.__cxx_global_var_init  dvc_dwt.o
    0x08010bae   0x08010bae   0x00000002   PAD
    0x08010bb0   0x08010bb0   0x0000004c   Code   RO         2367    .text.__cxx_global_var_init  dvc_graphicssendtask.o
    0x08010bfc   0x08010bfc   0x0000004c   Code   RO         2510    .text.__cxx_global_var_init  ita_chariot.o
    0x08010c48   0x08010c48   0x0000004c   Code   RO         2832    .text.__cxx_global_var_init  drv_can.o
    0x08010c94   0x08010c94   0x0000004c   Code   RO         3024    .text.__cxx_global_var_init  tsk_config_and_callback.o
    0x08010ce0   0x08010ce0   0x00000010   Code   RO         3026    .text.__cxx_global_var_init.1  tsk_config_and_callback.o
    0x08010cf0   0x08010cf0   0x00000010   Code   RO         3028    .text.__cxx_global_var_init.2  tsk_config_and_callback.o
    0x08010d00   0x08010d00   0x00000028   Code   RO           11    .text.fputc         main.o
    0x08010d28   0x08010d28   0x00000058   Code   RO           13    .text.main          main.o
    0x08010d80   0x08010d80   0x00000020   Code   RO         3643    i.__0printf         mc_w.l(printfa.o)
    0x08010da0   0x08010da0   0x00000030   Code   RO         3832    i.__ARM_fpclassify  m_wm.l(fpclassify.o)
    0x08010dd0   0x08010dd0   0x00000026   Code   RO         3752    i.__ARM_fpclassifyf  m_wm.l(fpclassifyf.o)
    0x08010df6   0x08010df6   0x00000002   PAD
    0x08010df8   0x08010df8   0x000002d8   Code   RO         3725    i.__hardfp_atan     m_wm.l(atan.o)
    0x080110d0   0x080110d0   0x00000200   Code   RO         3586    i.__hardfp_atan2    m_wm.l(atan2.o)
    0x080112d0   0x080112d0   0x000002ac   Code   RO         3592    i.__hardfp_atan2f   m_wm.l(atan2f.o)
    0x0801157c   0x0801157c   0x00000160   Code   RO         3598    i.__hardfp_atanf    m_wm.l(atanf.o)
    0x080116dc   0x080116dc   0x00000150   Code   RO         3604    i.__hardfp_cosf     m_wm.l(cosf.o)
    0x0801182c   0x0801182c   0x00000190   Code   RO         3617    i.__hardfp_sinf     m_wm.l(sinf.o)
    0x080119bc   0x080119bc   0x0000003a   Code   RO         3623    i.__hardfp_sqrtf    m_wm.l(sqrtf.o)
    0x080119f6   0x080119f6   0x000000f8   Code   RO         3834    i.__kernel_poly     m_wm.l(poly.o)
    0x08011aee   0x08011aee   0x00000014   Code   RO         3733    i.__mathlib_dbl_infnan  m_wm.l(dunder.o)
    0x08011b02   0x08011b02   0x00000014   Code   RO         3734    i.__mathlib_dbl_infnan2  m_wm.l(dunder.o)
    0x08011b16   0x08011b16   0x00000002   PAD
    0x08011b18   0x08011b18   0x00000020   Code   RO         3738    i.__mathlib_dbl_underflow  m_wm.l(dunder.o)
    0x08011b38   0x08011b38   0x00000006   Code   RO         3755    i.__mathlib_flt_infnan  m_wm.l(funder.o)
    0x08011b3e   0x08011b3e   0x00000006   Code   RO         3756    i.__mathlib_flt_infnan2  m_wm.l(funder.o)
    0x08011b44   0x08011b44   0x00000010   Code   RO         3757    i.__mathlib_flt_invalid  m_wm.l(funder.o)
    0x08011b54   0x08011b54   0x00000010   Code   RO         3760    i.__mathlib_flt_underflow  m_wm.l(funder.o)
    0x08011b64   0x08011b64   0x00000154   Code   RO         3769    i.__mathlib_rredf2  m_wm.l(rredf.o)
    0x08011cb8   0x08011cb8   0x0000000e   Code   RO         3839    i.__scatterload_copy  mc_w.l(handlers.o)
    0x08011cc6   0x08011cc6   0x00000002   Code   RO         3840    i.__scatterload_null  mc_w.l(handlers.o)
    0x08011cc8   0x08011cc8   0x0000000e   Code   RO         3841    i.__scatterload_zeroinit  mc_w.l(handlers.o)
    0x08011cd6   0x08011cd6   0x00000002   PAD
    0x08011cd8   0x08011cd8   0x0000000c   Code   RO         3808    i.__set_errno       mc_w.l(errno.o)
    0x08011ce4   0x08011ce4   0x00000184   Code   RO         3650    i._fp_digits        mc_w.l(printfa.o)
    0x08011e68   0x08011e68   0x000006dc   Code   RO         3651    i._printf_core      mc_w.l(printfa.o)
    0x08012544   0x08012544   0x00000024   Code   RO         3652    i._printf_post_padding  mc_w.l(printfa.o)
    0x08012568   0x08012568   0x0000002e   Code   RO         3653    i._printf_pre_padding  mc_w.l(printfa.o)
    0x08012596   0x08012596   0x00000010   Code   RO         3727    i.atan              m_wm.l(atan.o)
    0x080125a6   0x080125a6   0x00000018   Code   RO         3748    i.fabs              m_wm.l(fabs.o)
    0x080125be   0x080125be   0x00000002   PAD
    0x080125c0   0x080125c0   0x00000098   Data   RO         3728    .constdata          m_wm.l(atan.o)
    0x08012658   0x08012658   0x00000008   Data   RO         3768    .constdata          m_wm.l(qnan.o)
    0x08012660   0x08012660   0x00000020   Data   RO         3770    .constdata          m_wm.l(rredf.o)
    0x08012680   0x08012680   0x00000010   Data   RO         1707    .rodata.AHBPrescTable  system_stm32f4xx.o
    0x08012690   0x08012690   0x00000008   Data   RO         1708    .rodata.APBPrescTable  system_stm32f4xx.o
    0x08012698   0x08012698   0x00000008   Data   RO          633    .rodata.DMA_CalcBaseAndBitshift.flagBitshiftOffset  stm32f4xx_hal_dma.o
    0x080126a0   0x080126a0   0x00000200   Data   RO         2268    .rodata._ZL11CRC16_Table  dvc_referee.o
    0x080128a0   0x080128a0   0x00000100   Data   RO         2267    .rodata._ZL8CRC8_TAB  dvc_referee.o
    0x080129a0   0x080129a0   0x00000007   Data   RO         3056    .rodata.str1.1      tsk_config_and_callback.o
    0x080129a7   0x080129a7   0x00000042   Data   RO         3134    .rodata.str1.1      usbd_desc.o
    0x080129e9   0x080129e9   0x00000003   PAD
    0x080129ec   0x080129ec   0x00000020   Data   RO         3838    Region$$Table       anon$$obj.o
    0x08012a0c   0x08012a0c   0x00000004   Data   RO         1785    .init_array         crt_chassis.o
    0x08012a10   0x08012a0c   0x00000004   Data   RO         2358    .init_array         dvc_dwt.o
    0x08012a14   0x08012a0c   0x00000004   Data   RO         2481    .init_array         dvc_graphicssendtask.o
    0x08012a18   0x08012a0c   0x00000004   Data   RO         2534    .init_array         ita_chariot.o
    0x08012a1c   0x08012a0c   0x00000004   Data   RO         2906    .init_array         drv_can.o
    0x08012a20   0x08012a0c   0x00000004   Data   RO         3057    .init_array         tsk_config_and_callback.o
    0x08012a24   0x08012a0c   0x00000000   Data   RO         3699    .init_array         mc_w.l(cpp_init.o)


    Execution Region RW_IRAM2 (Exec base: 0x10000000, Load base: 0x08012b50, Size: 0x00000000, Max: 0x00010000, ABSOLUTE)

    **** No section assigned to this execution region ****


    Execution Region RW_IRAM1 (Exec base: 0x20000000, Load base: 0x08012a28, Size: 0x00008808, Max: 0x00020000, ABSOLUTE, COMPRESSED[0x00000128])

    Exec Addr    Load Addr    Size         Type   Attr      Idx    E Section Name        Object

    0x20000000   COMPRESSED   0x00000004   Data   RW         3786    .data               mc_w.l(stdout.o)
    0x20000004   COMPRESSED   0x00000004   Data   RW         3809    .data               mc_w.l(errno.o)
    0x20000008   COMPRESSED   0x00000001   Data   RW         3384    .data.CDCCmdEpAdd   usbd_cdc.o
    0x20000009   COMPRESSED   0x00000001   Data   RW         3382    .data.CDCInEpAdd    usbd_cdc.o
    0x2000000a   COMPRESSED   0x00000001   Data   RW         3383    .data.CDCOutEpAdd   usbd_cdc.o
    0x2000000b   COMPRESSED   0x00000001   PAD
    0x2000000c   COMPRESSED   0x0000001c   Data   RW         3130    .data.FS_Desc       usbd_desc.o
    0x20000028   COMPRESSED   0x00000001   Data   RW         2480    .data.Init_Cnt      dvc_graphicssendtask.o
    0x20000029   COMPRESSED   0x00000003   PAD
    0x2000002c   COMPRESSED   0x00000040   Data   RW         2855    .data.Massage_queue  drv_can.o
    0x2000006c   COMPRESSED   0x00000004   Data   RW         1706    .data.SystemCoreClock  system_stm32f4xx.o
    0x20000070   COMPRESSED   0x00000038   Data   RW         3380    .data.USBD_CDC      usbd_cdc.o
    0x200000a8   COMPRESSED   0x00000043   Data   RW         3385    .data.USBD_CDC_CfgDesc  usbd_cdc.o
    0x200000eb   COMPRESSED   0x00000001   PAD
    0x200000ec   COMPRESSED   0x0000000a   Data   RW         3381    .data.USBD_CDC_DeviceQualifierDesc  usbd_cdc.o
    0x200000f6   COMPRESSED   0x00000002   PAD
    0x200000f8   COMPRESSED   0x00000012   Data   RW         3131    .data.USBD_FS_DeviceDesc  usbd_desc.o
    0x2000010a   COMPRESSED   0x00000002   PAD
    0x2000010c   COMPRESSED   0x00000014   Data   RW         3155    .data.USBD_Interface_fops_FS  usbd_cdc_if.o
    0x20000120   COMPRESSED   0x00000004   Data   RW         3132    .data.USBD_LangIDDesc  usbd_desc.o
    0x20000124   COMPRESSED   0x0000001a   Data   RW         3133    .data.USBD_StringSerial  usbd_desc.o
    0x2000013e   COMPRESSED   0x00000005   Data   RW         2466    .data._ZZ10CharChangehE14AutoChangeName  dvc_graphicssendtask.o
    0x20000143   COMPRESSED   0x00000004   Data   RW         2464    .data._ZZ10CharChangehE16BulletChangeName  dvc_graphicssendtask.o
    0x20000147   COMPRESSED   0x00000004   Data   RW         2467    .data._ZZ10CharChangehE17ChassisChangeName  dvc_graphicssendtask.o
    0x2000014b   COMPRESSED   0x00000004   Data   RW         2465    .data._ZZ10CharChangehE18FrictionChangeName  dvc_graphicssendtask.o
    0x2000014f   COMPRESSED   0x00000004   Data   RW         2478    .data._ZZ12CapUI_ChangefhE7CapName  dvc_graphicssendtask.o
    0x20000153   COMPRESSED   0x00000004   Data   RW         2433    .data._ZZ14Lanelines_InitvE13LaneLineName1  dvc_graphicssendtask.o
    0x20000157   COMPRESSED   0x00000004   Data   RW         2434    .data._ZZ14Lanelines_InitvE13LaneLineName2  dvc_graphicssendtask.o
    0x2000015b   COMPRESSED   0x00000004   Data   RW         2476    .data._ZZ14PitchUI_ChangefhE9PitchName  dvc_graphicssendtask.o
    0x2000015f   COMPRESSED   0x00000004   Data   RW         2435    .data._ZZ15ShootLines_InitvE14ShootLineName1  dvc_graphicssendtask.o
    0x20000163   COMPRESSED   0x00000004   Data   RW         2436    .data._ZZ15ShootLines_InitvE14ShootLineName2  dvc_graphicssendtask.o
    0x20000167   COMPRESSED   0x00000004   Data   RW         2437    .data._ZZ15ShootLines_InitvE14ShootLineName3  dvc_graphicssendtask.o
    0x2000016b   COMPRESSED   0x00000004   Data   RW         2438    .data._ZZ15ShootLines_InitvE14ShootLineName4  dvc_graphicssendtask.o
    0x2000016f   COMPRESSED   0x00000004   Data   RW         2439    .data._ZZ15ShootLines_InitvE14ShootLineName5  dvc_graphicssendtask.o
    0x20000173   COMPRESSED   0x00000004   Data   RW         2474    .data._ZZ17MiniPC_Aim_ChangehE19Auto_Aim_ChangeName  dvc_graphicssendtask.o
    0x20000177   COMPRESSED   0x00000004   Data   RW         2461    .data._ZZ7CapDrawfhE8CapName1  dvc_graphicssendtask.o
    0x2000017b   COMPRESSED   0x00000003   Data   RW         2462    .data._ZZ7CapDrawfhE8CapName2  dvc_graphicssendtask.o
    0x2000017e   COMPRESSED   0x00000004   Data   RW         2469    .data._ZZ9Char_InitvE10GimbalName  dvc_graphicssendtask.o
    0x20000182   COMPRESSED   0x00000004   Data   RW         2470    .data._ZZ9Char_InitvE12FrictionName  dvc_graphicssendtask.o
    0x20000186   COMPRESSED   0x00000004   Data   RW         2472    .data._ZZ9Char_InitvE13CapStaticName  dvc_graphicssendtask.o
    0x2000018a   COMPRESSED   0x00000004   Data   RW         2471    .data._ZZ9Char_InitvE8AutoName  dvc_graphicssendtask.o
    0x2000018e   COMPRESSED   0x00000004   Data   RW         2473    .data._ZZ9Char_InitvE8FireName  dvc_graphicssendtask.o
    0x20000192   COMPRESSED   0x00000004   Data   RW         2468    .data._ZZ9Char_InitvE9PitchName  dvc_graphicssendtask.o
    0x20000196   COMPRESSED   0x00000001   Data   RW          833    .data.uwTickFreq    stm32f4xx_hal.o
    0x20000197   COMPRESSED   0x00000001   PAD
    0x20000198   COMPRESSED   0x00000004   Data   RW          832    .data.uwTickPrio    stm32f4xx_hal.o
    0x2000019c   COMPRESSED   0x00000004   PAD
    0x200001a0        -       0x00000008   Zero   RW         2851    .bss.CAN1_0x01A_Tx_Data  drv_can.o
    0x200001a8        -       0x00000008   Zero   RW         2852    .bss.CAN1_0x01B_Tx_Data  drv_can.o
    0x200001b0        -       0x00000008   Zero   RW         2853    .bss.CAN1_0x01C_Tx_Data  drv_can.o
    0x200001b8        -       0x00000008   Zero   RW         2854    .bss.CAN1_0x01D_Tx_Data  drv_can.o
    0x200001c0        -       0x00000008   Zero   RW         2897    .bss.CAN1_0x01E_Tx_Data  drv_can.o
    0x200001c8        -       0x00000008   Zero   RW         2856    .bss.CAN1_0x1ff_Tx_Data  drv_can.o
    0x200001d0        -       0x00000008   Zero   RW         2857    .bss.CAN1_0x200_Tx_Data  drv_can.o
    0x200001d8        -       0x00000008   Zero   RW         2858    .bss.CAN1_0x2ff_Tx_Data  drv_can.o
    0x200001e0        -       0x0000002c   Zero   RW         2849    .bss.CAN1_Manage_Object  drv_can.o
    0x2000020c        -       0x00000008   Zero   RW         2898    .bss.CAN2_0x01A_Tx_Data  drv_can.o
    0x20000214        -       0x00000008   Zero   RW         2899    .bss.CAN2_0x01B_Tx_Data  drv_can.o
    0x2000021c        -       0x00000008   Zero   RW         2900    .bss.CAN2_0x01C_Tx_Data  drv_can.o
    0x20000224        -       0x00000008   Zero   RW         2901    .bss.CAN2_0x01D_Tx_Data  drv_can.o
    0x2000022c        -       0x00000008   Zero   RW         2867    .bss.CAN2_0x1ff_Tx_Data  drv_can.o
    0x20000234        -       0x00000008   Zero   RW         2868    .bss.CAN2_0x200_Tx_Data  drv_can.o
    0x2000023c        -       0x00000008   Zero   RW         2869    .bss.CAN2_0x2ff_Tx_Data  drv_can.o
    0x20000244        -       0x00000008   Zero   RW         2880    .bss.CAN2_Chassis_Tx_Gimbal_Data  drv_can.o
    0x2000024c        -       0x0000002c   Zero   RW         2850    .bss.CAN2_Manage_Object  drv_can.o
    0x20000278        -       0x00000008   Zero   RW         2878    .bss.CAN_Supercap_Tx_Data  drv_can.o
    0x20000280        -       0x00000004   Zero   RW         2917    .bss.CPU_FREQ_Hz    drv_dwt.o
    0x20000284        -       0x00000004   Zero   RW         2918    .bss.CPU_FREQ_Hz_ms  drv_dwt.o
    0x20000288        -       0x00000004   Zero   RW         2919    .bss.CPU_FREQ_Hz_us  drv_dwt.o
    0x2000028c        -       0x00000004   Zero   RW         2920    .bss.CYCCNT_RountCount  drv_dwt.o
    0x20000290        -       0x00000001   Zero   RW         2423    .bss.DMAsendflag    dvc_graphicssendtask.o
    0x20000291   COMPRESSED   0x00000003   PAD
    0x20000294        -       0x00000004   Zero   RW           46    .bss.HAL_RCC_CAN1_CLK_ENABLED  can.o
    0x20000298        -       0x0000000c   Zero   RW         2411    .bss.JudgeReceiveData  dvc_graphicssendtask.o
    0x200002a4        -       0x00000068   Zero   RW         3016    .bss.MiniPC_USB_Manage_Object  drv_usb.o
    0x2000030c        -       0x00000008   Zero   RW         2977    .bss.TIM10_Manage_Object  drv_tim.o
    0x20000314        -       0x00000008   Zero   RW         2978    .bss.TIM11_Manage_Object  drv_tim.o
    0x2000031c        -       0x00000008   Zero   RW         2979    .bss.TIM12_Manage_Object  drv_tim.o
    0x20000324        -       0x00000008   Zero   RW         2980    .bss.TIM13_Manage_Object  drv_tim.o
    0x2000032c        -       0x00000008   Zero   RW         2981    .bss.TIM14_Manage_Object  drv_tim.o
    0x20000334        -       0x00000008   Zero   RW         2968    .bss.TIM1_Manage_Object  drv_tim.o
    0x2000033c        -       0x00000008   Zero   RW         2969    .bss.TIM2_Manage_Object  drv_tim.o
    0x20000344        -       0x00000008   Zero   RW         2970    .bss.TIM3_Manage_Object  drv_tim.o
    0x2000034c        -       0x00000008   Zero   RW         2971    .bss.TIM4_Manage_Object  drv_tim.o
    0x20000354        -       0x00000008   Zero   RW         2972    .bss.TIM5_Manage_Object  drv_tim.o
    0x2000035c        -       0x00000008   Zero   RW         2973    .bss.TIM6_Manage_Object  drv_tim.o
    0x20000364        -       0x00000008   Zero   RW         2974    .bss.TIM7_Manage_Object  drv_tim.o
    0x2000036c        -       0x00000008   Zero   RW         2975    .bss.TIM8_Manage_Object  drv_tim.o
    0x20000374        -       0x00000008   Zero   RW         2976    .bss.TIM9_Manage_Object  drv_tim.o
    0x2000037c        -       0x00000080   Zero   RW         2421    .bss.Transmit_Pack  dvc_graphicssendtask.o
    0x200003fc        -       0x00000110   Zero   RW         2997    .bss.UART1_Manage_Object  drv_uart.o
    0x2000050c        -       0x00000110   Zero   RW         2998    .bss.UART2_Manage_Object  drv_uart.o
    0x2000061c        -       0x00000110   Zero   RW         2999    .bss.UART3_Manage_Object  drv_uart.o
    0x2000072c        -       0x00000110   Zero   RW         3000    .bss.UART4_Manage_Object  drv_uart.o
    0x2000083c        -       0x00000110   Zero   RW         3001    .bss.UART5_Manage_Object  drv_uart.o
    0x2000094c        -       0x00000110   Zero   RW         3002    .bss.UART6_Manage_Object  drv_uart.o
    0x20000a5c        -       0x00000001   Zero   RW         3321    .bss.USBD_SetConfig.cfgidx  usbd_ctlreq.o
    0x20000a5d   COMPRESSED   0x00000003   PAD
    0x20000a60        -       0x00000200   Zero   RW         3135    .bss.USBD_StrDesc   usbd_desc.o
    0x20000c60        -       0x00000220   Zero   RW         3228    .bss.USBD_static_malloc.mem  usbd_conf.o
    0x20000e80        -       0x00000800   Zero   RW         3156    .bss.UserRxBufferFS  usbd_cdc_if.o
    0x20001680        -       0x00000800   Zero   RW         3157    .bss.UserTxBufferFS  usbd_cdc_if.o
    0x20001e80        -       0x00000001   Zero   RW         2905    .bss._ZL13CAN1_Tx_Index  drv_can.o
    0x20001e81   COMPRESSED   0x00000003   PAD
    0x20001e84        -       0x0000000c   Zero   RW         1779    .bss._ZL13WHEEL_AZIMUTH  crt_chassis.o
    0x20001e90        -       0x0000000c   Zero   RW         2409    .bss._ZL13WHEEL_AZIMUTH  dvc_graphicssendtask.o
    0x20001e9c        -       0x0000000c   Zero   RW         2530    .bss._ZL13WHEEL_AZIMUTH  ita_chariot.o
    0x20001ea8        -       0x0000000c   Zero   RW         2848    .bss._ZL13WHEEL_AZIMUTH  drv_can.o
    0x20001eb4        -       0x0000000c   Zero   RW         3050    .bss._ZL13WHEEL_AZIMUTH  tsk_config_and_callback.o
    0x20001ec0        -       0x00000001   Zero   RW         2479    .bss._ZZ12CapUI_ChangefhE6optype  dvc_graphicssendtask.o
    0x20001ec1   COMPRESSED   0x00000003   PAD
    0x20001ec4        -       0x00000010   Zero   RW         2428    .bss._ZZ14FloatData_DrawhittfhhtiPhE7drawing  dvc_graphicssendtask.o
    0x20001ed4        -       0x00000004   Zero   RW         2429    .bss._ZZ14FloatData_DrawhittfhhtiPhE8Data1000  dvc_graphicssendtask.o
    0x20001ed8        -       0x00000001   Zero   RW         2477    .bss._ZZ14PitchUI_ChangefhE6optype  dvc_graphicssendtask.o
    0x20001ed9   COMPRESSED   0x00000003   PAD
    0x20001edc        -       0x00000010   Zero   RW         2431    .bss._ZZ14Rectangle_DrawhitttttiPhE7drawing  dvc_graphicssendtask.o
    0x20001eec        -       0x00000001   Zero   RW         2425    .bss._ZZ14Send_toRefereettE12Frame_Length  dvc_graphicssendtask.o
    0x20001eed        -       0x00000001   Zero   RW         2424    .bss._ZZ14Send_toRefereettE3seq  dvc_graphicssendtask.o
    0x20001eee   COMPRESSED   0x00000002   PAD
    0x20001ef0        -       0x00000010   Zero   RW         2427    .bss._ZZ16CharGraphic_DrawhitthhtiPhE7drawing  dvc_graphicssendtask.o
    0x20001f00        -       0x00000001   Zero   RW         2475    .bss._ZZ17MiniPC_Aim_ChangehE6optype  dvc_graphicssendtask.o
    0x20001f01   COMPRESSED   0x00000003   PAD
    0x20001f04        -       0x00000004   Zero   RW         3055    .bss._ZZ21Task1ms_TIM5_CallbackvE4mod5  tsk_config_and_callback.o
    0x20001f08        -       0x00000001   Zero   RW         2903    .bss._ZZ29TIM_CAN_PeriodElapsedCallbackE4mod5  drv_can.o
    0x20001f09        -       0x00000001   Zero   RW         2904    .bss._ZZ29TIM_CAN_PeriodElapsedCallbackE5mod10  drv_can.o
    0x20001f0a   COMPRESSED   0x00000002   PAD
    0x20001f0c        -       0x00000004   Zero   RW         2460    .bss._ZZ7CapDrawfhE6Length  dvc_graphicssendtask.o
    0x20001f10        -       0x00000010   Zero   RW         2430    .bss._ZZ9Line_DrawhitttttiPhE7drawing  dvc_graphicssendtask.o
    0x20001f20        -       0x00000001   Zero   RW         2533    .bss._ZZN13Class_Chariot39TIM1msMod50_Alive_PeriodElapsedCallbackEvE10mod50_mod3  ita_chariot.o
    0x20001f21        -       0x00000001   Zero   RW         2532    .bss._ZZN13Class_Chariot39TIM1msMod50_Alive_PeriodElapsedCallbackEvE5mod50  ita_chariot.o
    0x20001f22        -       0x00000002   Zero   RW         2263    .bss.buffer_index   dvc_referee.o
    0x20001f24        -       0x000009b8   Zero   RW         3053    .bss.chariot        tsk_config_and_callback.o
    0x200028dc        -       0x00000002   Zero   RW         2264    .bss.cmd_id         dvc_referee.o
    0x200028de   COMPRESSED   0x00000002   PAD
    0x200028e0        -       0x00000004   Zero   RW         2354    .bss.cnt_now        dvc_dwt.o
    0x200028e4        -       0x00000002   Zero   RW         2265    .bss.data_length    dvc_referee.o
    0x200028e6        -       0x00000069   Zero   RW         2422    .bss.data_pack      dvc_graphicssendtask.o
    0x2000294f   COMPRESSED   0x00000001   PAD
    0x20002950        -       0x000002dc   Zero   RW         3105    .bss.hUsbDeviceFS   usb_device.o
    0x20002c2c        -       0x00000028   Zero   RW           44    .bss.hcan1          can.o
    0x20002c54        -       0x00000028   Zero   RW           45    .bss.hcan2          can.o
    0x20002c7c        -       0x00000060   Zero   RW           69    .bss.hdma_i2c3_rx   i2c.o
    0x20002cdc        -       0x00000060   Zero   RW           70    .bss.hdma_i2c3_tx   i2c.o
    0x20002d3c        -       0x00000060   Zero   RW           85    .bss.hdma_spi1_rx   spi.o
    0x20002d9c        -       0x00000060   Zero   RW           86    .bss.hdma_spi1_tx   spi.o
    0x20002dfc        -       0x00000060   Zero   RW          135    .bss.hdma_usart1_rx  usart.o
    0x20002e5c        -       0x00000060   Zero   RW          136    .bss.hdma_usart1_tx  usart.o
    0x20002ebc        -       0x00000060   Zero   RW          137    .bss.hdma_usart3_rx  usart.o
    0x20002f1c        -       0x00000060   Zero   RW          138    .bss.hdma_usart6_rx  usart.o
    0x20002f7c        -       0x00000060   Zero   RW          139    .bss.hdma_usart6_tx  usart.o
    0x20002fdc        -       0x00000054   Zero   RW           68    .bss.hi2c3          i2c.o
    0x20003030        -       0x000004e4   Zero   RW         3227    .bss.hpcd_USB_OTG_FS  usbd_conf.o
    0x20003514        -       0x00000058   Zero   RW           84    .bss.hspi1          spi.o
    0x2000356c        -       0x00000048   Zero   RW          110    .bss.htim1          tim.o
    0x200035b4        -       0x00000048   Zero   RW          114    .bss.htim10         tim.o
    0x200035fc        -       0x00000048   Zero   RW          111    .bss.htim3          tim.o
    0x20003644        -       0x00000048   Zero   RW          112    .bss.htim4          tim.o
    0x2000368c        -       0x00000048   Zero   RW          113    .bss.htim5          tim.o
    0x200036d4        -       0x00000048   Zero   RW          132    .bss.huart1         usart.o
    0x2000371c        -       0x00000048   Zero   RW          133    .bss.huart3         usart.o
    0x20003764        -       0x00000048   Zero   RW          134    .bss.huart6         usart.o
    0x200037ac        -       0x00000004   Zero   RW         3051    .bss.init_finished  tsk_config_and_callback.o
    0x200037b0        -       0x00000048   Zero   RW         3054    .bss.serialplot     tsk_config_and_callback.o
    0x200037f8        -       0x00000001   Zero   RW         3052    .bss.start_flag     tsk_config_and_callback.o
    0x200037f9   COMPRESSED   0x00000003   PAD
    0x200037fc        -       0x00000004   Zero   RW         2498    .bss.sum            dvc_agvboard.o
    0x20003800        -       0x00000004   Zero   RW          834    .bss.uwTick         stm32f4xx_hal.o
    0x20003804   COMPRESSED   0x00000004   PAD
    0x20003808        -       0x00005000   Zero   RW            1    STACK               startup_stm32f407xx.o


==============================================================================

Image component sizes


      Code (inc. data)   RO Data    RW Data    ZI Data      Debug   Object Name

       170          0          0          0          0      15938   alg_pid.o
       630          0          0          0          0      14857   alg_slope.o
       580          0          0          0         84       6429   can.o
        18          0          0          0          0      20367   crt_booster.o
      2858         76          4          0         12      19150   crt_chassis.o
       242          0          0          0          0       3331   dma.o
       994         12          4         64        239      20080   drv_can.o
       136          0          0          0         16       2833   drv_dwt.o
       324          8          0          0          0      17028   drv_math.o
      1008          0          0          0        112       4879   drv_tim.o
       968          0          0          0       1632       7958   drv_uart.o
        24          0          0          0        104       9980   drv_usb.o
       432          8          0          0          4       9533   dvc_agvboard.o
      1644         64          0          0          0      22907   dvc_djimotor.o
        30          0          4          0          4       4346   dvc_dwt.o
      5674        144          4         89        335      23992   dvc_graphicssendtask.o
        28          0          0          0          0      21822   dvc_minipc.o
      3046          0        768          0          6      18949   dvc_referee.o
        92          0          0          0          0      18416   dvc_supercap.o
       540          0          0          0          0       4176   gpio.o
       470          0          0          0        276       5272   i2c.o
       814         32          4          0         14      20109   ita_chariot.o
       322          0          0          0          0       3232   main.o
       506          0          0          0        280       5113   spi.o
        36          8        392          0      20480        828   startup_stm32f407xx.o
       270          0          0          5          4       7103   stm32f4xx_hal.o
      3200          0          0          0          0      11495   stm32f4xx_hal_can.o
       482          0          0          0          0       9677   stm32f4xx_hal_cortex.o
      2068          8          8          0          0       8460   stm32f4xx_hal_dma.o
      1062          0          0          0          0       5079   stm32f4xx_hal_gpio.o
       676          0          0          0          0      37425   stm32f4xx_hal_i2c.o
        74          0          0          0          0       1470   stm32f4xx_hal_msp.o
      4970          0          0          0          0      14332   stm32f4xx_hal_pcd.o
       192          0          0          0          0       4215   stm32f4xx_hal_pcd_ex.o
      2646          0          0          0          0       7555   stm32f4xx_hal_rcc.o
       256          0          0          0          0      19354   stm32f4xx_hal_spi.o
      3418         14          0          0          0      35836   stm32f4xx_hal_tim.o
       484          0          0          0          0      15251   stm32f4xx_hal_tim_ex.o
      4136          0          0          0          0      20221   stm32f4xx_hal_uart.o
       378          0          0          0          0       3366   stm32f4xx_it.o
      5100          0          0          0          0      19703   stm32f4xx_ll_usb.o
        18          0         24          4          0       2516   system_stm32f4xx.o
      1342          0          0          0        360       9585   tim.o
      1898         30         11          0       2581      66387   tsk_config_and_callback.o
      1202          0          0          0        696       7925   usart.o
       118          0          0          0        732       3104   usb_device.o
      2506         12          0        136          0      10776   usbd_cdc.o
       344         36          0         20       4096       2627   usbd_cdc_if.o
      1396          4          0          0       1796      14397   usbd_conf.o
      2130          0          0          0          0       8913   usbd_core.o
      3396         30          0          0          1       8513   usbd_ctlreq.o
       572          0         66         76        512       3206   usbd_desc.o
       232          0          0          0          0       4149   usbd_ioreq.o

    ----------------------------------------------------------------------
     66528        486       1324        404      34412     664165   Object Totals
         0          0         32          0          0          0   (incl. Generated)
       376          0          3         10         36          0   (incl. Padding)

    ----------------------------------------------------------------------

      Code (inc. data)   RO Data    RW Data    ZI Data      Debug   Library Member Name

       744        106        152          0          0        352   atan.o
       512         64          0          0          0        208   atan2.o
       684         90          0          0          0        208   atan2f.o
       352         56          0          0          0        172   atanf.o
       336         56          0          0          0        136   cosf.o
        72          8          0          0          0        372   dunder.o
        24          0          0          0          0        124   fabs.o
        48          0          0          0          0        124   fpclassify.o
        38          0          0          0          0        116   fpclassifyf.o
        44         12          0          0          0        464   funder.o
       248          0          0          0          0        152   poly.o
         0          0          8          0          0          0   qnan.o
       340         24         32          0          0        160   rredf.o
       400         56          0          0          0        212   sinf.o
        58          0          0          0          0        136   sqrtf.o
        86          0          0          0          0          0   __dczerorl2.o
        32          8          0          0          0         80   cpp_init.o
         0          0          0          0          0          0   entry.o
         0          0          0          0          0          0   entry10a.o
         0          0          0          0          0          0   entry11a.o
         8          4          0          0          0          0   entry2.o
         4          0          0          0          0          0   entry5.o
         0          0          0          0          0          0   entry7b.o
         4          0          0          0          0          0   entry8a.o
         0          0          0          0          0          0   entry8b.o
         8          4          0          0          0          0   entry9a.o
        12          6          0          4          0         68   errno.o
        30          0          0          0          0          0   handlers.o
        36          8          0          0          0         68   init.o
         0          0          0          0          0          0   iusefp.o
        30          0          0          0          0         68   llshl.o
        36          0          0          0          0         68   llsshr.o
        32          0          0          0          0         68   llushr.o
        36          0          0          0          0         68   memcpya.o
        36          0          0          0          0        108   memseta.o
      2258         90          0          0          0        452   printfa.o
         0          0          0          4          0          0   stdout.o
        44          0          0          0          0         80   uidiv.o
        98          0          0          0          0         92   uldiv.o
        48          0          0          0          0         68   cdcmple.o
        48          0          0          0          0         68   cdrcmple.o
        56          0          0          0          0         88   d2f.o
       334          0          0          0          0        148   dadd.o
        56          0          0          0          0         80   dcmpeq.o
        54          0          0          0          0         80   dcmpge.o
        54          0          0          0          0         80   dcmple.o
       222          0          0          0          0        100   ddiv.o
       186          0          0          0          0        176   depilogue.o
        62          0          0          0          0         80   dfixi.o
        48          0          0          0          0         68   dfixul.o
        34          0          0          0          0         76   dflti.o
       228          0          0          0          0         96   dmul.o
        38          0          0          0          0         68   f2d.o
       110          0          0          0          0        168   fepilogue.o

    ----------------------------------------------------------------------
      8280        592        192          8          0       5600   Library Totals
        12          0          0          0          0          0   (incl. Padding)

    ----------------------------------------------------------------------

      Code (inc. data)   RO Data    RW Data    ZI Data      Debug   Library Name

      3900        472        192          0          0       2936   m_wm.l
      2790        120          0          8          0       1220   mc_w.l
      1578          0          0          0          0       1444   mf_w.l

    ----------------------------------------------------------------------
      8280        592        192          8          0       5600   Library Totals

    ----------------------------------------------------------------------

==============================================================================


      Code (inc. data)   RO Data    RW Data    ZI Data      Debug   

     74808       1078       1516        412      34412     665725   Grand Totals
     74808       1078       1516        296      34412     665725   ELF Image Totals (compressed)
     74808       1078       1516        296          0          0   ROM Totals

==============================================================================

    Total RO  Size (Code + RO Data)                76324 (  74.54kB)
    Total RW  Size (RW Data + ZI Data)             34824 (  34.01kB)
    Total ROM Size (Code + RO Data + RW Data)      76620 (  74.82kB)

==============================================================================

