Component: Arm Compiler for Embedded 6.19 Tool: armlink [5e73cb00]

==============================================================================

Section Cross References

    can.o(.text.MX_CAN1_Init) refers to can.o(.bss.hcan1) for hcan1
    can.o(.text.MX_CAN1_Init) refers to stm32f4xx_hal_can.o(.text.HAL_CAN_Init) for HAL_CAN_Init
    can.o(.text.MX_CAN1_Init) refers to main.o(.text.Error_Handler) for Error_Handler
    can.o(.ARM.exidx.text.MX_CAN1_Init) refers to can.o(.text.MX_CAN1_Init) for [Anonymous Symbol]
    can.o(.text.MX_CAN2_Init) refers to can.o(.bss.hcan2) for hcan2
    can.o(.text.MX_CAN2_Init) refers to stm32f4xx_hal_can.o(.text.HAL_CAN_Init) for HAL_CAN_Init
    can.o(.text.MX_CAN2_Init) refers to main.o(.text.Error_Handler) for Error_Handler
    can.o(.ARM.exidx.text.MX_CAN2_Init) refers to can.o(.text.MX_CAN2_Init) for [Anonymous Symbol]
    can.o(.text.HAL_CAN_MspInit) refers to rt_memclr_w.o(.text) for __aeabi_memclr4
    can.o(.text.HAL_CAN_MspInit) refers to can.o(.bss.HAL_RCC_CAN1_CLK_ENABLED) for HAL_RCC_CAN1_CLK_ENABLED
    can.o(.text.HAL_CAN_MspInit) refers to stm32f4xx_hal_gpio.o(.text.HAL_GPIO_Init) for HAL_GPIO_Init
    can.o(.text.HAL_CAN_MspInit) refers to stm32f4xx_hal_cortex.o(.text.HAL_NVIC_SetPriority) for HAL_NVIC_SetPriority
    can.o(.text.HAL_CAN_MspInit) refers to stm32f4xx_hal_cortex.o(.text.HAL_NVIC_EnableIRQ) for HAL_NVIC_EnableIRQ
    can.o(.ARM.exidx.text.HAL_CAN_MspInit) refers to can.o(.text.HAL_CAN_MspInit) for [Anonymous Symbol]
    can.o(.text.HAL_CAN_MspDeInit) refers to can.o(.bss.HAL_RCC_CAN1_CLK_ENABLED) for HAL_RCC_CAN1_CLK_ENABLED
    can.o(.text.HAL_CAN_MspDeInit) refers to stm32f4xx_hal_gpio.o(.text.HAL_GPIO_DeInit) for HAL_GPIO_DeInit
    can.o(.text.HAL_CAN_MspDeInit) refers to stm32f4xx_hal_cortex.o(.text.HAL_NVIC_DisableIRQ) for HAL_NVIC_DisableIRQ
    can.o(.ARM.exidx.text.HAL_CAN_MspDeInit) refers to can.o(.text.HAL_CAN_MspDeInit) for [Anonymous Symbol]
    dma.o(.text.MX_DMA_Init) refers to stm32f4xx_hal_cortex.o(.text.HAL_NVIC_SetPriority) for HAL_NVIC_SetPriority
    dma.o(.text.MX_DMA_Init) refers to stm32f4xx_hal_cortex.o(.text.HAL_NVIC_EnableIRQ) for HAL_NVIC_EnableIRQ
    dma.o(.ARM.exidx.text.MX_DMA_Init) refers to dma.o(.text.MX_DMA_Init) for [Anonymous Symbol]
    gpio.o(.text.MX_GPIO_Init) refers to stm32f4xx_hal_gpio.o(.text.HAL_GPIO_WritePin) for HAL_GPIO_WritePin
    gpio.o(.text.MX_GPIO_Init) refers to stm32f4xx_hal_gpio.o(.text.HAL_GPIO_Init) for HAL_GPIO_Init
    gpio.o(.text.MX_GPIO_Init) refers to stm32f4xx_hal_cortex.o(.text.HAL_NVIC_SetPriority) for HAL_NVIC_SetPriority
    gpio.o(.text.MX_GPIO_Init) refers to stm32f4xx_hal_cortex.o(.text.HAL_NVIC_EnableIRQ) for HAL_NVIC_EnableIRQ
    gpio.o(.ARM.exidx.text.MX_GPIO_Init) refers to gpio.o(.text.MX_GPIO_Init) for [Anonymous Symbol]
    i2c.o(.text.MX_I2C3_Init) refers to i2c.o(.bss.hi2c3) for hi2c3
    i2c.o(.text.MX_I2C3_Init) refers to stm32f4xx_hal_i2c.o(.text.HAL_I2C_Init) for HAL_I2C_Init
    i2c.o(.text.MX_I2C3_Init) refers to main.o(.text.Error_Handler) for Error_Handler
    i2c.o(.ARM.exidx.text.MX_I2C3_Init) refers to i2c.o(.text.MX_I2C3_Init) for [Anonymous Symbol]
    i2c.o(.text.HAL_I2C_MspInit) refers to stm32f4xx_hal_gpio.o(.text.HAL_GPIO_Init) for HAL_GPIO_Init
    i2c.o(.text.HAL_I2C_MspInit) refers to i2c.o(.bss.hdma_i2c3_rx) for hdma_i2c3_rx
    i2c.o(.text.HAL_I2C_MspInit) refers to rt_memclr_w.o(.text) for __aeabi_memclr4
    i2c.o(.text.HAL_I2C_MspInit) refers to stm32f4xx_hal_dma.o(.text.HAL_DMA_Init) for HAL_DMA_Init
    i2c.o(.text.HAL_I2C_MspInit) refers to main.o(.text.Error_Handler) for Error_Handler
    i2c.o(.text.HAL_I2C_MspInit) refers to i2c.o(.bss.hdma_i2c3_tx) for hdma_i2c3_tx
    i2c.o(.ARM.exidx.text.HAL_I2C_MspInit) refers to i2c.o(.text.HAL_I2C_MspInit) for [Anonymous Symbol]
    i2c.o(.text.HAL_I2C_MspDeInit) refers to stm32f4xx_hal_gpio.o(.text.HAL_GPIO_DeInit) for HAL_GPIO_DeInit
    i2c.o(.text.HAL_I2C_MspDeInit) refers to stm32f4xx_hal_dma.o(.text.HAL_DMA_DeInit) for HAL_DMA_DeInit
    i2c.o(.ARM.exidx.text.HAL_I2C_MspDeInit) refers to i2c.o(.text.HAL_I2C_MspDeInit) for [Anonymous Symbol]
    main.o(.text.main) refers to stm32f4xx_hal.o(.text.HAL_Init) for HAL_Init
    main.o(.text.main) refers to main.o(.text.SystemClock_Config) for SystemClock_Config
    main.o(.text.main) refers to gpio.o(.text.MX_GPIO_Init) for MX_GPIO_Init
    main.o(.text.main) refers to dma.o(.text.MX_DMA_Init) for MX_DMA_Init
    main.o(.text.main) refers to can.o(.text.MX_CAN1_Init) for MX_CAN1_Init
    main.o(.text.main) refers to tim.o(.text.MX_TIM1_Init) for MX_TIM1_Init
    main.o(.text.main) refers to tim.o(.text.MX_TIM3_Init) for MX_TIM3_Init
    main.o(.text.main) refers to tim.o(.text.MX_TIM4_Init) for MX_TIM4_Init
    main.o(.text.main) refers to tim.o(.text.MX_TIM5_Init) for MX_TIM5_Init
    main.o(.text.main) refers to tim.o(.text.MX_TIM10_Init) for MX_TIM10_Init
    main.o(.text.main) refers to can.o(.text.MX_CAN2_Init) for MX_CAN2_Init
[...]
    SPI2_Manage_Object                       0x2000074c   Data         276  drv_spi.o(.bss.SPI2_Manage_Object)
    SPI3_Manage_Object                       0x20000860   Data         276  drv_spi.o(.bss.SPI3_Manage_Object)
    SysTime                                  0x20000974   Data           8  drv_dwt.o(.bss.SysTime)
    TIM10_Manage_Object                      0x2000097c   Data           8  drv_tim.o(.bss.TIM10_Manage_Object)
    TIM11_Manage_Object                      0x20000984   Data           8  drv_tim.o(.bss.TIM11_Manage_Object)
    TIM12_Manage_Object                      0x2000098c   Data           8  drv_tim.o(.bss.TIM12_Manage_Object)
    TIM13_Manage_Object                      0x20000994   Data           8  drv_tim.o(.bss.TIM13_Manage_Object)
    TIM14_Manage_Object                      0x2000099c   Data           8  drv_tim.o(.bss.TIM14_Manage_Object)
    TIM1_Manage_Object                       0x200009a4   Data           8  drv_tim.o(.bss.TIM1_Manage_Object)
    TIM2_Manage_Object                       0x200009ac   Data           8  drv_tim.o(.bss.TIM2_Manage_Object)
    TIM3_Manage_Object                       0x200009b4   Data           8  drv_tim.o(.bss.TIM3_Manage_Object)
    TIM4_Manage_Object                       0x200009bc   Data           8  drv_tim.o(.bss.TIM4_Manage_Object)
    TIM5_Manage_Object                       0x200009c4   Data           8  drv_tim.o(.bss.TIM5_Manage_Object)
    TIM6_Manage_Object                       0x200009cc   Data           8  drv_tim.o(.bss.TIM6_Manage_Object)
    TIM7_Manage_Object                       0x200009d4   Data           8  drv_tim.o(.bss.TIM7_Manage_Object)
    TIM8_Manage_Object                       0x200009dc   Data           8  drv_tim.o(.bss.TIM8_Manage_Object)
    TIM9_Manage_Object                       0x200009e4   Data           8  drv_tim.o(.bss.TIM9_Manage_Object)
    UART1_Manage_Object                      0x200009ec   Data         272  drv_uart.o(.bss.UART1_Manage_Object)
    UART2_Manage_Object                      0x20000afc   Data         272  drv_uart.o(.bss.UART2_Manage_Object)
    UART3_Manage_Object                      0x20000c0c   Data         272  drv_uart.o(.bss.UART3_Manage_Object)
    UART4_Manage_Object                      0x20000d1c   Data         272  drv_uart.o(.bss.UART4_Manage_Object)
    UART5_Manage_Object                      0x20000e2c   Data         272  drv_uart.o(.bss.UART5_Manage_Object)
    UART6_Manage_Object                      0x20000f3c   Data         272  drv_uart.o(.bss.UART6_Manage_Object)
    USBD_StrDesc                             0x20001050   Data         512  usbd_desc.o(.bss.USBD_StrDesc)
    UserRxBufferFS                           0x20001470   Data        2048  usbd_cdc_if.o(.bss.UserRxBufferFS)
    UserTxBufferFS                           0x20001c70   Data        2048  usbd_cdc_if.o(.bss.UserTxBufferFS)
    caliCount                                0x20002496   Data           2  dvc_boardc_bmi088.o(.bss.caliCount)
    chariot                                  0x20002498   Data        5560  tsk_config_and_callback.o(.bss.chariot)
    cnt_now                                  0x20003a50   Data           4  dvc_dwt.o(.bss.cnt_now)
    control_type                             0x20003a54   Data           1  ita_chariot.o(.bss.control_type)
    gNormDiff                                0x20003a58   Data           4  dvc_boardc_bmi088.o(.bss.gNormDiff)
    gyroDiff                                 0x20003a5c   Data          12  dvc_boardc_bmi088.o(.bss.gyroDiff)
    hUsbDeviceFS                             0x20003a68   Data         732  usb_device.o(.bss.hUsbDeviceFS)
    hcan1                                    0x20003d44   Data          40  can.o(.bss.hcan1)
    hcan2                                    0x20003d6c   Data          40  can.o(.bss.hcan2)
    hdma_i2c3_rx                             0x20003d94   Data          96  i2c.o(.bss.hdma_i2c3_rx)
    hdma_i2c3_tx                             0x20003df4   Data          96  i2c.o(.bss.hdma_i2c3_tx)
    hdma_spi1_rx                             0x20003e54   Data          96  spi.o(.bss.hdma_spi1_rx)
    hdma_spi1_tx                             0x20003eb4   Data          96  spi.o(.bss.hdma_spi1_tx)
    hdma_usart1_rx                           0x20003f14   Data          96  usart.o(.bss.hdma_usart1_rx)
    hdma_usart1_tx                           0x20003f74   Data          96  usart.o(.bss.hdma_usart1_tx)
    hdma_usart3_rx                           0x20003fd4   Data          96  usart.o(.bss.hdma_usart3_rx)
    hdma_usart6_rx                           0x20004034   Data          96  usart.o(.bss.hdma_usart6_rx)
    hdma_usart6_tx                           0x20004094   Data          96  usart.o(.bss.hdma_usart6_tx)
    hi2c3                                    0x200040f4   Data          84  i2c.o(.bss.hi2c3)
    hpcd_USB_OTG_FS                          0x20004148   Data        1252  usbd_conf.o(.bss.hpcd_USB_OTG_FS)
    hspi1                                    0x2000462c   Data          88  spi.o(.bss.hspi1)
    htim1                                    0x20004684   Data          72  tim.o(.bss.htim1)
    htim10                                   0x200046cc   Data          72  tim.o(.bss.htim10)
    htim3                                    0x20004714   Data          72  tim.o(.bss.htim3)
    htim4                                    0x2000475c   Data          72  tim.o(.bss.htim4)
    htim5                                    0x200047a4   Data          72  tim.o(.bss.htim5)
    huart1                                   0x200047ec   Data          72  usart.o(.bss.huart1)
    huart3                                   0x20004834   Data          72  usart.o(.bss.huart3)
    huart6                                   0x2000487c   Data          72  usart.o(.bss.huart6)
    init_finished                            0x200048c4   Data           4  tsk_config_and_callback.o(.bss.init_finished)
    serialplot                               0x200048c8   Data          72  tsk_config_and_callback.o(.bss.serialplot)
    sizeof_double                            0x20004910   Data           2  kalman_filter.o(.bss.sizeof_double)
    sizeof_float                             0x20004912   Data           2  kalman_filter.o(.bss.sizeof_float)
    start_flag                               0x20004914   Data           1  tsk_config_and_callback.o(.bss.start_flag)
    tmp_gravity_b                            0x20004918   Data          12  dvc_imu.o(.bss.tmp_gravity_b)
    uwTick                                   0x20004924   Data           4  stm32f4xx_hal.o(.bss.uwTick)



==============================================================================

Memory Map of the image

  Image Entry point : 0x08000189

  Load Region LR_IROM1 (Base: 0x08000000, Size: 0x0000fc60, Max: 0x00100000, ABSOLUTE, COMPRESSED[0x0000fba8])

    Execution Region ER_IROM1 (Base: 0x08000000, Size: 0x0000facc, Max: 0x00100000, ABSOLUTE)

    Base Addr    Size         Type   Attr      Idx    E Section Name        Object

    0x08000000   0x00000188   Data   RO         3007    RESET               startup_stm32f407xx.o
    0x08000188   0x00000008   Code   RO         3269  * !!!main             c_w.l(__main.o)
    0x08000190   0x00000034   Code   RO         3740    !!!scatter          c_w.l(__scatter.o)
    0x080001c4   0x0000005a   Code   RO         3738    !!dczerorl2         c_w.l(__dczerorl2.o)
    0x0800021e   0x00000002   PAD
    0x08000220   0x0000001c   Code   RO         3742    !!handler_zi        c_w.l(__scatter_zi.o)
    0x0800023c   0x00000002   Code   RO         3679    .ARM.Collect$$libinit$$00000000  c_w.l(libinit.o)
    0x0800023e   0x00000004   Code   RO         3430    .ARM.Collect$$libinit$$00000001  c_w.l(libinit2.o)
    0x08000242   0x00000000   Code   RO         3433    .ARM.Collect$$libinit$$00000004  c_w.l(libinit2.o)
    0x08000242   0x00000000   Code   RO         3435    .ARM.Collect$$libinit$$00000006  c_w.l(libinit2.o)
    0x08000242   0x00000008   Code   RO         3436    .ARM.Collect$$libinit$$00000007  c_w.l(libinit2.o)
    0x0800024a   0x00000000   Code   RO         3438    .ARM.Collect$$libinit$$0000000C  c_w.l(libinit2.o)
    0x0800024a   0x00000000   Code   RO         3440    .ARM.Collect$$libinit$$0000000E  c_w.l(libinit2.o)
    0x0800024a   0x00000000   Code   RO         3442    .ARM.Collect$$libinit$$00000010  c_w.l(libinit2.o)
    0x0800024a   0x00000000   Code   RO         3445    .ARM.Collect$$libinit$$00000013  c_w.l(libinit2.o)
    0x0800024a   0x00000000   Code   RO         3447    .ARM.Collect$$libinit$$00000015  c_w.l(libinit2.o)
    0x0800024a   0x00000000   Code   RO         3449    .ARM.Collect$$libinit$$00000017  c_w.l(libinit2.o)
    0x0800024a   0x00000000   Code   RO         3451    .ARM.Collect$$libinit$$00000019  c_w.l(libinit2.o)
    0x0800024a   0x00000000   Code   RO         3453    .ARM.Collect$$libinit$$0000001B  c_w.l(libinit2.o)
    0x0800024a   0x00000000   Code   RO         3455    .ARM.Collect$$libinit$$0000001D  c_w.l(libinit2.o)
    0x0800024a   0x00000000   Code   RO         3457    .ARM.Collect$$libinit$$0000001F  c_w.l(libinit2.o)
    0x0800024a   0x00000000   Code   RO         3459    .ARM.Collect$$libinit$$00000021  c_w.l(libinit2.o)
    0x0800024a   0x00000000   Code   RO         3461    .ARM.Collect$$libinit$$00000023  c_w.l(libinit2.o)
    0x0800024a   0x00000000   Code   RO         3463    .ARM.Collect$$libinit$$00000025  c_w.l(libinit2.o)
    0x0800024a   0x00000000   Code   RO         3465    .ARM.Collect$$libinit$$00000027  c_w.l(libinit2.o)
    0x0800024a   0x00000000   Code   RO         3469    .ARM.Collect$$libinit$$0000002E  c_w.l(libinit2.o)
    0x0800024a   0x00000000   Code   RO         3471    .ARM.Collect$$libinit$$00000030  c_w.l(libinit2.o)
    0x0800024a   0x00000000   Code   RO         3473    .ARM.Collect$$libinit$$00000032  c_w.l(libinit2.o)
    0x0800024a   0x00000004   Code   RO         3474    .ARM.Collect$$libinit$$00000033  c_w.l(libinit2.o)
    0x0800024e   0x00000000   Code   RO         3475    .ARM.Collect$$libinit$$00000034  c_w.l(libinit2.o)
    0x0800024e   0x00000002   Code   RO         3476    .ARM.Collect$$libinit$$00000035  c_w.l(libinit2.o)
    0x08000250   0x00000002   Code   RO         3735    .ARM.Collect$$libshutdown$$00000000  c_w.l(libshutdown.o)
    0x08000252   0x00000000   Code   RO         3693    .ARM.Collect$$libshutdown$$00000002  c_w.l(libshutdown2.o)
    0x08000252   0x00000000   Code   RO         3695    .ARM.Collect$$libshutdown$$00000004  c_w.l(libshutdown2.o)
    0x08000252   0x00000000   Code   RO         3698    .ARM.Collect$$libshutdown$$00000007  c_w.l(libshutdown2.o)
    0x08000252   0x00000000   Code   RO         3701    .ARM.Collect$$libshutdown$$0000000A  c_w.l(libshutdown2.o)
    0x08000252   0x00000000   Code   RO         3703    .ARM.Collect$$libshutdown$$0000000C  c_w.l(libshutdown2.o)
    0x08000252   0x00000000   Code   RO         3706    .ARM.Collect$$libshutdown$$0000000F  c_w.l(libshutdown2.o)
    0x08000252   0x00000002   Code   RO         3707    .ARM.Collect$$libshutdown$$00000010  c_w.l(libshutdown2.o)
    0x08000254   0x00000000   Code   RO         3390    .ARM.Collect$$rtentry$$00000000  c_w.l(__rtentry.o)
    0x08000254   0x00000000   Code   RO         3602    .ARM.Collect$$rtentry$$00000002  c_w.l(__rtentry2.o)
    0x08000254   0x00000006   Code   RO         3614    .ARM.Collect$$rtentry$$00000004  c_w.l(__rtentry4.o)
    0x0800025a   0x00000000   Code   RO         3604    .ARM.Collect$$rtentry$$00000009  c_w.l(__rtentry2.o)
    0x0800025a   0x00000004   Code   RO         3605    .ARM.Collect$$rtentry$$0000000A  c_w.l(__rtentry2.o)
    0x0800025e   0x00000000   Code   RO         3607    .ARM.Collect$$rtentry$$0000000C  c_w.l(__rtentry2.o)
    0x0800025e   0x00000008   Code   RO         3608    .ARM.Collect$$rtentry$$0000000D  c_w.l(__rtentry2.o)
    0x08000266   0x00000002   Code   RO         3680    .ARM.Collect$$rtexit$$00000000  c_w.l(rtexit.o)
    0x08000268   0x00000000   Code   RO         3713    .ARM.Collect$$rtexit$$00000002  c_w.l(rtexit2.o)
    0x08000268   0x00000004   Code   RO         3714    .ARM.Collect$$rtexit$$00000003  c_w.l(rtexit2.o)
    0x0800026c   0x00000006   Code   RO         3715    .ARM.Collect$$rtexit$$00000004  c_w.l(rtexit2.o)
    0x08000272   0x00000002   PAD
    0x08000274   0x00000040   Code   RO         3008    .text               startup_stm32f407xx.o
    0x080002b4   0x00000028   Code   RO         3199    .text               c_w.l(calloc.o)
    0x080002dc   0x0000005e   Code   RO         3201    .text               c_w.l(h1_alloc.o)
    0x0800033a   0x000000f0   Code   RO         3255    .text               c_w.l(lludivv7m.o)
    0x0800042a   0x0000008a   Code   RO         3257    .text               c_w.l(rt_memcpy_v6.o)
    0x080004b4   0x00000064   Code   RO         3259    .text               c_w.l(rt_memcpy_w.o)
    0x08000518   0x00000044   Code   RO         3261    .text               c_w.l(rt_memclr.o)
    0x0800055c   0x0000004e   Code   RO         3263    .text               c_w.l(rt_memclr_w.o)
    0x080005aa   0x00000006   Code   RO         3267    .text               c_w.l(heapauxi.o)
    0x080005b0   0x00000024   Code   RO         3274    .text               c_w.l(init_aeabi.o)
    0x080005d4   0x00000008   Code   RO         3398    .text               c_w.l(rt_heap_descriptor_intlibspace.o)
    0x080005dc   0x00000004   Code   RO         3400    .text               c_w.l(hguard.o)
    0x080005e0   0x0000008a   Code   RO         3402    .text               c_w.l(init_alloc.o)
    0x0800066a   0x0000000e   Code   RO         3408    .text               c_w.l(h1_init.o)
    0x08000678   0x0000004e   Code   RO         3410    .text               c_w.l(h1_free.o)
    0x080006c6   0x00000016   Code   RO         3424    .text               c_w.l(_rserrno.o)
    0x080006dc   0x0000000c   Code   RO         3592    .text               c_w.l(sys_exit.o)
    0x080006e8   0x00000008   Code   RO         3598    .text               c_w.l(libspace.o)
    0x080006f0   0x00000008   Code   RO         3621    .text               c_w.l(rt_errno_addr_intlibspace.o)
    0x080006f8   0x00000000   Code   RO         3625    .text               c_w.l(maybetermalloc1.o)
    0x080006f8   0x00000034   Code   RO         3627    .text               c_w.l(h1_extend.o)
    0x0800072c   0x0000000e   Code   RO         3635    .text               c_w.l(defsig_rtmem_outer.o)
    0x0800073a   0x00000002   Code   RO         3649    .text               c_w.l(use_no_semi.o)
    0x0800073c   0x00000000   Code   RO         3651    .text               c_w.l(indicate_semi.o)
    0x0800073c   0x0000004a   Code   RO         3652    .text               c_w.l(sys_stackheap_outer.o)
    0x08000786   0x00000012   Code   RO         3658    .text               c_w.l(exit.o)
    0x08000798   0x0000000a   Code   RO         3660    .text               c_w.l(defsig_exit.o)
    0x080007a2   0x00000002   PAD
    0x080007a4   0x00000050   Code   RO         3668    .text               c_w.l(defsig_rtmem_inner.o)
    0x080007f4   0x00000032   Code   RO         3688    .text               c_w.l(defsig_general.o)
    0x08000826   0x0000000e   Code   RO         3708    .text               c_w.l(sys_wrch.o)
    0x08000834   0x00000002   Code   RO          101    .text.BusFault_Handler  stm32f4xx_it.o
    0x08000836   0x0000000c   Code   RO          125    .text.CAN1_RX0_IRQHandler  stm32f4xx_it.o
    0x08000842   0x0000000c   Code   RO          127    .text.CAN1_RX1_IRQHandler  stm32f4xx_it.o
    0x0800084e   0x0000000c   Code   RO          145    .text.CAN2_RX0_IRQHandler  stm32f4xx_it.o
    0x0800085a   0x0000000c   Code   RO          147    .text.CAN2_RX1_IRQHandler  stm32f4xx_it.o
    0x08000866   0x0000006c   Code   RO         2760    .text.CAN_Init      drv_can.o
    0x080008d2   0x00000004   Code   RO         1761    .text.CDC_Control_FS  usbd_cdc_if.o
    0x080008d6   0x00000004   Code   RO         1759    .text.CDC_DeInit_FS  usbd_cdc_if.o
    0x080008da   0x0000002c   Code   RO         1757    .text.CDC_Init_FS   usbd_cdc_if.o
    0x08000906   0x00000040   Code   RO         1763    .text.CDC_Receive_FS  usbd_cdc_if.o
    0x08000946   0x00000004   Code   RO         1765    .text.CDC_TransmitCplt_FS  usbd_cdc_if.o
    0x0800094a   0x00000034   Code   RO         1767    .text.CDC_Transmit_FS  usbd_cdc_if.o
    0x0800097e   0x0000000c   Code   RO          119    .text.DMA1_Stream1_IRQHandler  stm32f4xx_it.o
    0x0800098a   0x0000000c   Code   RO          121    .text.DMA1_Stream2_IRQHandler  stm32f4xx_it.o
    0x08000996   0x0000000c   Code   RO          123    .text.DMA1_Stream4_IRQHandler  stm32f4xx_it.o
    0x080009a2   0x0000000c   Code   RO          139    .text.DMA2_Stream1_IRQHandler  stm32f4xx_it.o
    0x080009ae   0x0000000c   Code   RO          141    .text.DMA2_Stream2_IRQHandler  stm32f4xx_it.o
    0x080009ba   0x0000000c   Code   RO          143    .text.DMA2_Stream3_IRQHandler  stm32f4xx_it.o
    0x080009c6   0x0000000c   Code   RO          151    .text.DMA2_Stream5_IRQHandler  stm32f4xx_it.o
    0x080009d2   0x0000000c   Code   RO          153    .text.DMA2_Stream6_IRQHandler  stm32f4xx_it.o
    0x080009de   0x0000000c   Code   RO          155    .text.DMA2_Stream7_IRQHandler  stm32f4xx_it.o
    0x080009ea   0x00000082   Code   RO         2821    .text.DWT_Init      drv_dwt.o
    0x08000a6c   0x00000002   Code   RO          107    .text.DebugMon_Handler  stm32f4xx_it.o
    0x08000a6e   0x00000006   Code   RO          113    .text.EXTI0_IRQHandler  stm32f4xx_it.o
    0x08000a74   0x00000006   Code   RO          115    .text.EXTI3_IRQHandler  stm32f4xx_it.o
    0x08000a7a   0x00000006   Code   RO          117    .text.EXTI4_IRQHandler  stm32f4xx_it.o
    0x08000a80   0x00000006   Code   RO          129    .text.EXTI9_5_IRQHandler  stm32f4xx_it.o
    0x08000a86   0x00000002   PAD
    0x08000a88   0x00000006   Code   RO           60    .text.Error_Handler  main.o
    0x08000a8e   0x00000026   Code   RO          335    .text.HAL_CAN_ActivateNotification  stm32f4xx_hal_can.o
    0x08000ab4   0x00000096   Code   RO          321    .text.HAL_CAN_AddTxMessage  stm32f4xx_hal_can.o
    0x08000b4a   0x000000de   Code   RO          311    .text.HAL_CAN_ConfigFilter  stm32f4xx_hal_can.o
    0x08000c28   0x00000002   Code   RO          365    .text.HAL_CAN_ErrorCallback  stm32f4xx_hal_can.o
    0x08000c2a   0x0000011a   Code   RO          331    .text.HAL_CAN_GetRxMessage  stm32f4xx_hal_can.o
    0x08000d44   0x00000200   Code   RO          339    .text.HAL_CAN_IRQHandler  stm32f4xx_hal_can.o
    0x08000f44   0x000000f0   Code   RO          301    .text.HAL_CAN_Init  stm32f4xx_hal_can.o
    0x08001034   0x00000120   Code   RO            6    .text.HAL_CAN_MspInit  can.o
    0x08001154   0x00000002   Code   RO          353    .text.HAL_CAN_RxFifo0FullCallback  stm32f4xx_hal_can.o
    0x08001156   0x0000004c   Code   RO         2766    .text.HAL_CAN_RxFifo0MsgPendingCallback  drv_can.o
    0x080011a2   0x00000002   Code   RO          357    .text.HAL_CAN_RxFifo1FullCallback  stm32f4xx_hal_can.o
    0x080011a4   0x0000004c   Code   RO         2768    .text.HAL_CAN_RxFifo1MsgPendingCallback  drv_can.o
    0x080011f0   0x00000002   Code   RO          361    .text.HAL_CAN_SleepCallback  stm32f4xx_hal_can.o
    0x080011f2   0x00000002   PAD
    0x080011f4   0x00000058   Code   RO          313    .text.HAL_CAN_Start  stm32f4xx_hal_can.o
    0x0800124c   0x00000002   Code   RO          343    .text.HAL_CAN_TxMailbox0AbortCallback  stm32f4xx_hal_can.o
    0x0800124e   0x00000002   Code   RO          341    .text.HAL_CAN_TxMailbox0CompleteCallback  stm32f4xx_hal_can.o
    0x08001250   0x00000002   Code   RO          347    .text.HAL_CAN_TxMailbox1AbortCallback  stm32f4xx_hal_can.o
    0x08001252   0x00000002   Code   RO          345    .text.HAL_CAN_TxMailbox1CompleteCallback  stm32f4xx_hal_can.o
    0x08001254   0x00000002   Code   RO          351    .text.HAL_CAN_TxMailbox2AbortCallback  stm32f4xx_hal_can.o
    0x08001256   0x00000002   Code   RO          349    .text.HAL_CAN_TxMailbox2CompleteCallback  stm32f4xx_hal_can.o
    0x08001258   0x00000002   Code   RO          363    .text.HAL_CAN_WakeUpFromRxMsgCallback  stm32f4xx_hal_can.o
    0x0800125a   0x00000002   PAD
    0x0800125c   0x00000080   Code   RO          437    .text.HAL_DMA_Abort  stm32f4xx_hal_dma.o
    0x080012dc   0x00000024   Code   RO          439    .text.HAL_DMA_Abort_IT  stm32f4xx_hal_dma.o
    0x08001300   0x00000186   Code   RO          443    .text.HAL_DMA_IRQHandler  stm32f4xx_hal_dma.o
    0x08001486   0x00000002   PAD
    0x08001488   0x00000148   Code   RO          429    .text.HAL_DMA_Init  stm32f4xx_hal_dma.o
    0x080015d0   0x0000009c   Code   RO          435    .text.HAL_DMA_Start_IT  stm32f4xx_hal_dma.o
    0x0800166c   0x00000028   Code   RO          256    .text.HAL_Delay     stm32f4xx_hal.o
    0x08001694   0x00000002   Code   RO          572    .text.HAL_GPIO_EXTI_Callback  stm32f4xx_hal_gpio.o
    0x08001696   0x00000016   Code   RO          570    .text.HAL_GPIO_EXTI_IRQHandler  stm32f4xx_hal_gpio.o
    0x080016ac   0x000001a4   Code   RO          558    .text.HAL_GPIO_Init  stm32f4xx_hal_gpio.o
    0x08001850   0x00000010   Code   RO          566    .text.HAL_GPIO_TogglePin  stm32f4xx_hal_gpio.o
    0x08001860   0x0000000a   Code   RO          564    .text.HAL_GPIO_WritePin  stm32f4xx_hal_gpio.o
    0x0800186a   0x0000000c   Code   RO          248    .text.HAL_GetTick   stm32f4xx_hal.o
    0x08001876   0x0000016e   Code   RO          582    .text.HAL_I2C_Init  stm32f4xx_hal_i2c.o
    0x080019e4   0x00000220   Code   RO          630    .text.HAL_I2C_Mem_Read  stm32f4xx_hal_i2c.o
    0x08001c04   0x00000120   Code   RO          626    .text.HAL_I2C_Mem_Write  stm32f4xx_hal_i2c.o
    0x08001d24   0x00000126   Code   RO           41    .text.HAL_I2C_MspInit  i2c.o
    0x08001e4a   0x0000001a   Code   RO          246    .text.HAL_IncTick   stm32f4xx_hal.o
    0x08001e64   0x00000036   Code   RO          236    .text.HAL_Init      stm32f4xx_hal.o
    0x08001e9a   0x00000050   Code   RO          238    .text.HAL_InitTick  stm32f4xx_hal.o
    0x08001eea   0x00000038   Code   RO           87    .text.HAL_MspInit   stm32f4xx_hal_msp.o
    0x08001f22   0x00000024   Code   RO          385    .text.HAL_NVIC_EnableIRQ  stm32f4xx_hal_cortex.o
    0x08001f46   0x00000056   Code   RO          383    .text.HAL_NVIC_SetPriority  stm32f4xx_hal_cortex.o
    0x08001f9c   0x00000020   Code   RO          381    .text.HAL_NVIC_SetPriorityGrouping  stm32f4xx_hal_cortex.o
    0x08001fbc   0x00000002   Code   RO          803    .text.HAL_PCDEx_LPM_Callback  stm32f4xx_hal_pcd_ex.o
    0x08001fbe   0x00000008   Code   RO          801    .text.HAL_PCDEx_SetRxFiFo  stm32f4xx_hal_pcd_ex.o
    0x08001fc6   0x00000002   PAD
    0x08001fc8   0x0000004c   Code   RO          799    .text.HAL_PCDEx_SetTxFiFo  stm32f4xx_hal_pcd_ex.o
    0x08002014   0x00000008   Code   RO         1829    .text.HAL_PCD_ConnectCallback  usbd_conf.o
    0x0800201c   0x00000014   Code   RO         1815    .text.HAL_PCD_DataInStageCallback  usbd_conf.o
    0x08002030   0x00000016   Code   RO         1813    .text.HAL_PCD_DataOutStageCallback  usbd_conf.o
    0x08002046   0x00000008   Code   RO         1831    .text.HAL_PCD_DisconnectCallback  usbd_conf.o
    0x0800204e   0x0000004e   Code   RO          769    .text.HAL_PCD_EP_Close  stm32f4xx_hal_pcd.o
    0x0800209c   0x00000064   Code   RO          779    .text.HAL_PCD_EP_ClrStall  stm32f4xx_hal_pcd.o
    0x08002100   0x00000012   Code   RO          773    .text.HAL_PCD_EP_GetRxCount  stm32f4xx_hal_pcd.o
    0x08002112   0x00000066   Code   RO          767    .text.HAL_PCD_EP_Open  stm32f4xx_hal_pcd.o
    0x08002178   0x00000044   Code   RO          771    .text.HAL_PCD_EP_Receive  stm32f4xx_hal_pcd.o
    0x080021bc   0x00000070   Code   RO          777    .text.HAL_PCD_EP_SetStall  stm32f4xx_hal_pcd.o
    0x0800222c   0x00000042   Code   RO          775    .text.HAL_PCD_EP_Transmit  stm32f4xx_hal_pcd.o
    0x0800226e   0x00000002   PAD
    0x08002270   0x00000778   Code   RO          733    .text.HAL_PCD_IRQHandler  stm32f4xx_hal_pcd.o
    0x080029e8   0x00000008   Code   RO         1827    .text.HAL_PCD_ISOINIncompleteCallback  usbd_conf.o
    0x080029f0   0x00000008   Code   RO         1825    .text.HAL_PCD_ISOOUTIncompleteCallback  usbd_conf.o
    0x080029f8   0x000000d8   Code   RO          721    .text.HAL_PCD_Init  stm32f4xx_hal_pcd.o
    0x08002ad0   0x0000007a   Code   RO         1807    .text.HAL_PCD_MspInit  usbd_conf.o
    0x08002b4a   0x00000026   Code   RO         1819    .text.HAL_PCD_ResetCallback  usbd_conf.o
    0x08002b70   0x00000008   Code   RO         1823    .text.HAL_PCD_ResumeCallback  usbd_conf.o
    0x08002b78   0x00000008   Code   RO         1817    .text.HAL_PCD_SOFCallback  usbd_conf.o
    0x08002b80   0x00000026   Code   RO          765    .text.HAL_PCD_SetAddress  stm32f4xx_hal_pcd.o
    0x08002ba6   0x0000000e   Code   RO         1811    .text.HAL_PCD_SetupStageCallback  usbd_conf.o
    0x08002bb4   0x0000003e   Code   RO          729    .text.HAL_PCD_Start  stm32f4xx_hal_pcd.o
    0x08002bf2   0x00000030   Code   RO         1821    .text.HAL_PCD_SuspendCallback  usbd_conf.o
    0x08002c22   0x00000002   PAD
    0x08002c24   0x0000014e   Code   RO          881    .text.HAL_RCC_ClockConfig  stm32f4xx_hal_rcc.o
    0x08002d72   0x0000000c   Code   RO          891    .text.HAL_RCC_GetHCLKFreq  stm32f4xx_hal_rcc.o
    0x08002d7e   0x00000026   Code   RO          893    .text.HAL_RCC_GetPCLK1Freq  stm32f4xx_hal_rcc.o
    0x08002da4   0x00000026   Code   RO          895    .text.HAL_RCC_GetPCLK2Freq  stm32f4xx_hal_rcc.o
    0x08002dca   0x00000068   Code   RO          883    .text.HAL_RCC_GetSysClockFreq  stm32f4xx_hal_rcc.o
    0x08002e32   0x00000002   PAD
    0x08002e34   0x00000358   Code   RO          879    .text.HAL_RCC_OscConfig  stm32f4xx_hal_rcc.o
    0x0800318c   0x00000002   Code   RO         1017    .text.HAL_SPI_ErrorCallback  stm32f4xx_hal_spi.o
    0x0800318e   0x000000b4   Code   RO          933    .text.HAL_SPI_Init  stm32f4xx_hal_spi.o
    0x08003242   0x00000132   Code   RO           72    .text.HAL_SPI_MspInit  spi.o
    0x08003374   0x00000002   Code   RO         1021    .text.HAL_SPI_RxCpltCallback  stm32f4xx_hal_spi.o
    0x08003376   0x00000002   Code   RO         1027    .text.HAL_SPI_RxHalfCpltCallback  stm32f4xx_hal_spi.o
    0x08003378   0x000001e6   Code   RO          947    .text.HAL_SPI_TransmitReceive  stm32f4xx_hal_spi.o
    0x0800355e   0x00000114   Code   RO          983    .text.HAL_SPI_TransmitReceive_DMA  stm32f4xx_hal_spi.o
    0x08003672   0x00000064   Code   RO         2887    .text.HAL_SPI_TxRxCpltCallback  drv_spi.o
    0x080036d6   0x00000002   Code   RO         1029    .text.HAL_SPI_TxRxHalfCpltCallback  stm32f4xx_hal_spi.o
    0x080036d8   0x0000002c   Code   RO          393    .text.HAL_SYSTICK_Config  stm32f4xx_hal_cortex.o
    0x08003704   0x00000002   Code   RO         1362    .text.HAL_TIMEx_BreakCallback  stm32f4xx_hal_tim_ex.o
    0x08003706   0x00000002   Code   RO         1358    .text.HAL_TIMEx_CommutCallback  stm32f4xx_hal_tim_ex.o
    0x08003708   0x0000004c   Code   RO         1354    .text.HAL_TIMEx_ConfigBreakDeadTime  stm32f4xx_hal_tim_ex.o
    0x08003754   0x000000ae   Code   RO         1352    .text.HAL_TIMEx_MasterConfigSynchronization  stm32f4xx_hal_tim_ex.o
    0x08003802   0x00000058   Code   RO         1051    .text.HAL_TIM_Base_Init  stm32f4xx_hal_tim.o
    0x0800385a   0x00000106   Code   RO          193    .text.HAL_TIM_Base_MspInit  tim.o
    0x08003960   0x000000a0   Code   RO         1065    .text.HAL_TIM_Base_Start_IT  stm32f4xx_hal_tim.o
    0x08003a00   0x00000196   Code   RO         1237    .text.HAL_TIM_ConfigClockSource  stm32f4xx_hal_tim.o
    0x08003b96   0x00000002   Code   RO         1187    .text.HAL_TIM_IC_CaptureCallback  stm32f4xx_hal_tim.o
    0x08003b98   0x00000144   Code   RO         1185    .text.HAL_TIM_IRQHandler  stm32f4xx_hal_tim.o
    0x08003cdc   0x0000009c   Code   RO          183    .text.HAL_TIM_MspPostInit  tim.o
    0x08003d78   0x00000002   Code   RO         1189    .text.HAL_TIM_OC_DelayElapsedCallback  stm32f4xx_hal_tim.o
    0x08003d7a   0x00000002   PAD
    0x08003d7c   0x00000098   Code   RO         1211    .text.HAL_TIM_PWM_ConfigChannel  stm32f4xx_hal_tim.o
    0x08003e14   0x00000058   Code   RO         1105    .text.HAL_TIM_PWM_Init  stm32f4xx_hal_tim.o
    0x08003e6c   0x00000002   Code   RO         1107    .text.HAL_TIM_PWM_MspInit  stm32f4xx_hal_tim.o
    0x08003e6e   0x00000002   Code   RO         1191    .text.HAL_TIM_PWM_PulseFinishedCallback  stm32f4xx_hal_tim.o
    0x08003e70   0x00000104   Code   RO         1113    .text.HAL_TIM_PWM_Start  stm32f4xx_hal_tim.o
    0x08003f74   0x00000174   Code   RO         2905    .text.HAL_TIM_PeriodElapsedCallback  drv_tim.o
    0x080040e8   0x00000002   Code   RO         1195    .text.HAL_TIM_TriggerCallback  stm32f4xx_hal_tim.o
    0x080040ea   0x00000002   PAD
    0x080040ec   0x00000058   Code   RO         1428    .text.HAL_UARTEx_ReceiveToIdle_DMA  stm32f4xx_hal_uart.o
    0x08004144   0x00000144   Code   RO         2935    .text.HAL_UARTEx_RxEventCallback  drv_uart.o
    0x08004288   0x00000086   Code   RO         1420    .text.HAL_UART_DMAStop  stm32f4xx_hal_uart.o
    0x0800430e   0x00000002   Code   RO         1464    .text.HAL_UART_ErrorCallback  stm32f4xx_hal_uart.o
    0x08004310   0x000002c4   Code   RO         1458    .text.HAL_UART_IRQHandler  stm32f4xx_hal_uart.o
    0x080045d4   0x0000005e   Code   RO         1376    .text.HAL_UART_Init  stm32f4xx_hal_uart.o
    0x08004632   0x000002e0   Code   RO          216    .text.HAL_UART_MspInit  usart.o
    0x08004912   0x00000002   Code   RO         1472    .text.HAL_UART_RxCpltCallback  stm32f4xx_hal_uart.o
    0x08004914   0x00000002   Code   RO         1474    .text.HAL_UART_RxHalfCpltCallback  stm32f4xx_hal_uart.o
    0x08004916   0x00000002   PAD
    0x08004918   0x00000078   Code   RO         1404    .text.HAL_UART_Transmit_DMA  stm32f4xx_hal_uart.o
    0x08004990   0x00000002   Code   RO         1468    .text.HAL_UART_TxCpltCallback  stm32f4xx_hal_uart.o
    0x08004992   0x00000002   Code   RO         1470    .text.HAL_UART_TxHalfCpltCallback  stm32f4xx_hal_uart.o
    0x08004994   0x00000002   Code   RO           97    .text.HardFault_Handler  stm32f4xx_it.o
    0x08004996   0x00000104   Code   RO          632    .text.I2C_RequestMemoryRead  stm32f4xx_hal_i2c.o
    0x08004a9a   0x000000b8   Code   RO          628    .text.I2C_RequestMemoryWrite  stm32f4xx_hal_i2c.o
    0x08004b52   0x00000002   PAD
    0x08004b54   0x0000006c   Code   RO          596    .text.I2C_WaitOnBTFFlagUntilTimeout  stm32f4xx_hal_i2c.o
    0x08004bc0   0x000000b0   Code   RO          592    .text.I2C_WaitOnFlagUntilTimeout  stm32f4xx_hal_i2c.o
    0x08004c70   0x00000084   Code   RO          710    .text.I2C_WaitOnMasterAddressFlagUntilTimeout  stm32f4xx_hal_i2c.o
    0x08004cf4   0x00000072   Code   RO          600    .text.I2C_WaitOnRXNEFlagUntilTimeout  stm32f4xx_hal_i2c.o
    0x08004d66   0x00000002   PAD
    0x08004d68   0x0000006c   Code   RO          594    .text.I2C_WaitOnTXEFlagUntilTimeout  stm32f4xx_hal_i2c.o
    0x08004dd4   0x0000004a   Code   RO         2837    .text.IIC_Init      drv_i2c.o
    0x08004e1e   0x0000007a   Code   RO         2839    .text.IIC_Send_Receive_Data  drv_i2c.o
    0x08004e98   0x00000046   Code   RO            2    .text.MX_CAN1_Init  can.o
    0x08004ede   0x00000046   Code   RO            4    .text.MX_CAN2_Init  can.o
    0x08004f24   0x000000cc   Code   RO           21    .text.MX_DMA_Init   dma.o
    0x08004ff0   0x00000188   Code   RO           30    .text.MX_GPIO_Init  gpio.o
    0x08005178   0x00000040   Code   RO           39    .text.MX_I2C3_Init  i2c.o
    0x080051b8   0x00000050   Code   RO           70    .text.MX_SPI1_Init  spi.o
    0x08005208   0x0000007c   Code   RO          191    .text.MX_TIM10_Init  tim.o
    0x08005284   0x000000ec   Code   RO          181    .text.MX_TIM1_Init  tim.o
    0x08005370   0x0000006e   Code   RO          185    .text.MX_TIM3_Init  tim.o
    0x080053de   0x0000006e   Code   RO          187    .text.MX_TIM4_Init  tim.o
    0x0800544c   0x0000006e   Code   RO          189    .text.MX_TIM5_Init  tim.o
    0x080054ba   0x0000003a   Code   RO          210    .text.MX_USART1_UART_Init  usart.o
    0x080054f4   0x00000046   Code   RO          212    .text.MX_USART3_UART_Init  usart.o
    0x0800553a   0x0000003a   Code   RO          214    .text.MX_USART6_UART_Init  usart.o
    0x08005574   0x0000006a   Code   RO         1748    .text.MX_USB_DEVICE_Init  usb_device.o
    0x080055de   0x00000002   PAD
    0x080055e0   0x00000002   Code   RO           99    .text.MemManage_Handler  stm32f4xx_it.o
    0x080055e2   0x00000002   PAD
    0x080055e4   0x00000002   Code   RO           95    .text.NMI_Handler   stm32f4xx_it.o
    0x080055e6   0x0000000c   Code   RO          149    .text.OTG_FS_IRQHandler  stm32f4xx_it.o
    0x080055f2   0x00000002   Code   RO          109    .text.PendSV_Handler  stm32f4xx_it.o
    0x080055f4   0x0000001e   Code   RO          979    .text.SPI_DMAError  stm32f4xx_hal_spi.o
    0x08005612   0x00000006   Code   RO          985    .text.SPI_DMAHalfReceiveCplt  stm32f4xx_hal_spi.o
    0x08005618   0x00000006   Code   RO          989    .text.SPI_DMAHalfTransmitReceiveCplt  stm32f4xx_hal_spi.o
    0x0800561e   0x0000006a   Code   RO          987    .text.SPI_DMAReceiveCplt  stm32f4xx_hal_spi.o
    0x08005688   0x0000005e   Code   RO          991    .text.SPI_DMATransmitReceiveCplt  stm32f4xx_hal_spi.o
    0x080056e6   0x00000056   Code   RO          949    .text.SPI_EndRxTransaction  stm32f4xx_hal_spi.o
    0x0800573c   0x0000007e   Code   RO          943    .text.SPI_EndRxTxTransaction  stm32f4xx_hal_spi.o
    0x080057ba   0x0000004c   Code   RO         2881    .text.SPI_Init      drv_spi.o
    0x08005806   0x0000009a   Code   RO         2883    .text.SPI_Send_Receive_Data  drv_spi.o
    0x080058a0   0x000000da   Code   RO         1041    .text.SPI_WaitFlagStateUntilTimeout  stm32f4xx_hal_spi.o
    0x0800597a   0x00000002   Code   RO          105    .text.SVC_Handler   stm32f4xx_it.o
    0x0800597c   0x00000004   Code   RO          111    .text.SysTick_Handler  stm32f4xx_it.o
    0x08005980   0x000000a6   Code   RO           58    .text.SystemClock_Config  main.o
    0x08005a26   0x00000012   Code   RO          166    .text.SystemInit    system_stm32f4xx.o
    0x08005a38   0x0000000c   Code   RO          131    .text.TIM4_IRQHandler  stm32f4xx_it.o
    0x08005a44   0x0000000c   Code   RO          137    .text.TIM5_IRQHandler  stm32f4xx_it.o
    0x08005a50   0x0000012c   Code   RO         1055    .text.TIM_Base_SetConfig  stm32f4xx_hal_tim.o
    0x08005b7c   0x0000009a   Code   RO         2764    .text.TIM_CAN_PeriodElapsedCallback  drv_can.o
    0x08005c16   0x00000172   Code   RO         2903    .text.TIM_Init      drv_tim.o
    0x08005d88   0x00000064   Code   RO         1199    .text.TIM_OC1_SetConfig  stm32f4xx_hal_tim.o
    0x08005dec   0x00000068   Code   RO         1201    .text.TIM_OC2_SetConfig  stm32f4xx_hal_tim.o
    0x08005e54   0x00000066   Code   RO         1203    .text.TIM_OC3_SetConfig  stm32f4xx_hal_tim.o
    0x08005eba   0x0000004e   Code   RO         1205    .text.TIM_OC4_SetConfig  stm32f4xx_hal_tim.o
    0x08005f08   0x00000018   Code   RO         2933    .text.TIM_UART_PeriodElapsedCallback  drv_uart.o
    0x08005f20   0x0000000c   Code   RO         2955    .text.TIM_USB_PeriodElapsedCallback  drv_usb.o
    0x08005f2c   0x000000f8   Code   RO         2983    .text.Task_Init     tsk_config_and_callback.o
    0x08006024   0x00000004   PAD
    0x08006028   0x00000078   Code   RO         2985    .text.Task_Loop     tsk_config_and_callback.o
    0x080060a0   0x0000000c   Code   RO         1462    .text.UART_DMAAbortOnError  stm32f4xx_hal_uart.o
    0x080060ac   0x00000064   Code   RO         1410    .text.UART_DMAError  stm32f4xx_hal_uart.o
    0x08006110   0x00000080   Code   RO         1490    .text.UART_DMAReceiveCplt  stm32f4xx_hal_uart.o
    0x08006190   0x00000018   Code   RO         1492    .text.UART_DMARxHalfCplt  stm32f4xx_hal_uart.o
    0x080061a8   0x0000003e   Code   RO         1406    .text.UART_DMATransmitCplt  stm32f4xx_hal_uart.o
    0x080061e6   0x00000006   Code   RO         1408    .text.UART_DMATxHalfCplt  stm32f4xx_hal_uart.o
    0x080061ec   0x00000050   Code   RO         1422    .text.UART_EndRxTransfer  stm32f4xx_hal_uart.o
    0x0800623c   0x00000104   Code   RO         2929    .text.UART_Init     drv_uart.o
    0x08006340   0x000000c4   Code   RO         1460    .text.UART_Receive_IT  stm32f4xx_hal_uart.o
    0x08006404   0x000000e8   Code   RO         1380    .text.UART_SetConfig  stm32f4xx_hal_uart.o
    0x080064ec   0x00000096   Code   RO         1414    .text.UART_Start_Receive_DMA  stm32f4xx_hal_uart.o
    0x08006582   0x0000000c   Code   RO          133    .text.USART1_IRQHandler  stm32f4xx_it.o
    0x0800658e   0x0000000c   Code   RO          135    .text.USART3_IRQHandler  stm32f4xx_it.o
    0x0800659a   0x0000000c   Code   RO          157    .text.USART6_IRQHandler  stm32f4xx_it.o
    0x080065a6   0x00000072   Code   RO         1616    .text.USBD_CDC_DataIn  usbd_cdc.o
    0x08006618   0x0000003c   Code   RO         1618    .text.USBD_CDC_DataOut  usbd_cdc.o
    0x08006654   0x0000005a   Code   RO         1610    .text.USBD_CDC_DeInit  usbd_cdc.o
    0x080066ae   0x00000036   Code   RO         1614    .text.USBD_CDC_EP0_RxReady  usbd_cdc.o
    0x080066e4   0x00000010   Code   RO         1626    .text.USBD_CDC_GetDeviceQualifierDescriptor  usbd_cdc.o
    0x080066f4   0x0000004c   Code   RO         1622    .text.USBD_CDC_GetFSCfgDesc  usbd_cdc.o
    0x08006740   0x00000050   Code   RO         1620    .text.USBD_CDC_GetHSCfgDesc  usbd_cdc.o
    0x08006790   0x0000004c   Code   RO         1624    .text.USBD_CDC_GetOtherSpeedCfgDesc  usbd_cdc.o
    0x080067dc   0x000000c6   Code   RO         1608    .text.USBD_CDC_Init  usbd_cdc.o
    0x080068a2   0x00000032   Code   RO         1636    .text.USBD_CDC_ReceivePacket  usbd_cdc.o
    0x080068d4   0x00000018   Code   RO         1628    .text.USBD_CDC_RegisterInterface  usbd_cdc.o
    0x080068ec   0x0000001a   Code   RO         1632    .text.USBD_CDC_SetRxBuffer  usbd_cdc.o
    0x08006906   0x0000001e   Code   RO         1630    .text.USBD_CDC_SetTxBuffer  usbd_cdc.o
    0x08006924   0x000000d8   Code   RO         1612    .text.USBD_CDC_Setup  usbd_cdc.o
    0x080069fc   0x0000003a   Code   RO         1634    .text.USBD_CDC_TransmitPacket  usbd_cdc.o
    0x08006a36   0x00000012   Code   RO         1663    .text.USBD_ClrClassConfig  usbd_core.o
    0x08006a48   0x00000004   Code   RO         1671    .text.USBD_CoreFindEP  usbd_core.o
    0x08006a4c   0x00000004   Code   RO         1669    .text.USBD_CoreFindIF  usbd_core.o
    0x08006a50   0x00000010   Code   RO         1732    .text.USBD_CtlContinueRx  usbd_ioreq.o
    0x08006a60   0x00000010   Code   RO         1728    .text.USBD_CtlContinueSendData  usbd_ioreq.o
    0x08006a70   0x00000016   Code   RO         1707    .text.USBD_CtlError  usbd_ctlreq.o
    0x08006a86   0x0000001a   Code   RO         1730    .text.USBD_CtlPrepareRx  usbd_ioreq.o
    0x08006aa0   0x00000016   Code   RO         1736    .text.USBD_CtlReceiveStatus  usbd_ioreq.o
    0x08006ab6   0x0000001a   Code   RO         1726    .text.USBD_CtlSendData  usbd_ioreq.o
    0x08006ad0   0x00000016   Code   RO         1734    .text.USBD_CtlSendStatus  usbd_ioreq.o
    0x08006ae6   0x00000002   PAD
    0x08006ae8   0x00000024   Code   RO         1790    .text.USBD_FS_ConfigStrDescriptor  usbd_desc.o
    0x08006b0c   0x0000000e   Code   RO         1780    .text.USBD_FS_DeviceDescriptor  usbd_desc.o
    0x08006b1a   0x00000002   PAD
    0x08006b1c   0x00000028   Code   RO         1792    .text.USBD_FS_InterfaceStrDescriptor  usbd_desc.o
    0x08006b44   0x0000000e   Code   RO         1782    .text.USBD_FS_LangIDStrDescriptor  usbd_desc.o
    0x08006b52   0x00000002   PAD
    0x08006b54   0x0000002c   Code   RO         1784    .text.USBD_FS_ManufacturerStrDescriptor  usbd_desc.o
    0x08006b80   0x00000030   Code   RO         1786    .text.USBD_FS_ProductStrDescriptor  usbd_desc.o
    0x08006bb0   0x00000090   Code   RO         1788    .text.USBD_FS_SerialStrDescriptor  usbd_desc.o
    0x08006c40   0x0000002c   Code   RO         1693    .text.USBD_GetEpDesc  usbd_core.o
    0x08006c6c   0x00000064   Code   RO         1715    .text.USBD_GetString  usbd_ctlreq.o
    0x08006cd0   0x00000026   Code   RO         1649    .text.USBD_Init     usbd_core.o
    0x08006cf6   0x00000022   Code   RO         1851    .text.USBD_LL_ClearStallEP  usbd_conf.o
    0x08006d18   0x00000022   Code   RO         1845    .text.USBD_LL_CloseEP  usbd_conf.o
    0x08006d3a   0x000000b0   Code   RO         1673    .text.USBD_LL_DataInStage  usbd_core.o
    0x08006dea   0x00000074   Code   RO         1667    .text.USBD_LL_DataOutStage  usbd_core.o
    0x08006e5e   0x00000004   Code   RO         1689    .text.USBD_LL_DevConnected  usbd_core.o
    0x08006e62   0x00000020   Code   RO         1691    .text.USBD_LL_DevDisconnected  usbd_core.o
    0x08006e82   0x00000008   Code   RO         1861    .text.USBD_LL_GetRxDataSize  usbd_conf.o
    0x08006e8a   0x00000064   Code   RO         1833    .text.USBD_LL_Init  usbd_conf.o
    0x08006eee   0x00000022   Code   RO         1853    .text.USBD_LL_IsStallEP  usbd_conf.o
    0x08006f10   0x00000026   Code   RO         1685    .text.USBD_LL_IsoINIncomplete  usbd_core.o
    0x08006f36   0x00000026   Code   RO         1687    .text.USBD_LL_IsoOUTIncomplete  usbd_core.o
    0x08006f5c   0x00000028   Code   RO         1843    .text.USBD_LL_OpenEP  usbd_conf.o
    0x08006f84   0x00000022   Code   RO         1859    .text.USBD_LL_PrepareReceive  usbd_conf.o
    0x08006fa6   0x00000064   Code   RO         1675    .text.USBD_LL_Reset  usbd_core.o
    0x0800700a   0x00000014   Code   RO         1681    .text.USBD_LL_Resume  usbd_core.o
    0x0800701e   0x0000001a   Code   RO         1683    .text.USBD_LL_SOF   usbd_core.o
    0x08007038   0x00000008   Code   RO         1677    .text.USBD_LL_SetSpeed  usbd_core.o
    0x08007040   0x00000022   Code   RO         1855    .text.USBD_LL_SetUSBAddress  usbd_conf.o
    0x08007062   0x00000060   Code   RO         1665    .text.USBD_LL_SetupStage  usbd_core.o
    0x080070c2   0x00000022   Code   RO         1849    .text.USBD_LL_StallEP  usbd_conf.o
    0x080070e4   0x00000022   Code   RO         1839    .text.USBD_LL_Start  usbd_conf.o
    0x08007106   0x0000001c   Code   RO         1679    .text.USBD_LL_Suspend  usbd_core.o
    0x08007122   0x00000022   Code   RO         1857    .text.USBD_LL_Transmit  usbd_conf.o
    0x08007144   0x00000016   Code   RO         1713    .text.USBD_ParseSetupRequest  usbd_ctlreq.o
    0x0800715a   0x00000040   Code   RO         1653    .text.USBD_RegisterClass  usbd_core.o
    0x0800719a   0x0000000e   Code   RO         1661    .text.USBD_SetClassConfig  usbd_core.o
    0x080071a8   0x00000004   Code   RO         1655    .text.USBD_Start    usbd_core.o
    0x080071ac   0x00000306   Code   RO         1705    .text.USBD_StdDevReq  usbd_ctlreq.o
    0x080074b2   0x00000140   Code   RO         1711    .text.USBD_StdEPReq  usbd_ctlreq.o
    0x080075f2   0x00000078   Code   RO         1709    .text.USBD_StdItfReq  usbd_ctlreq.o
    0x0800766a   0x00000002   Code   RO         1865    .text.USBD_static_free  usbd_conf.o
    0x0800766c   0x0000000a   Code   RO         1863    .text.USBD_static_malloc  usbd_conf.o
    0x08007676   0x00000080   Code   RO         1526    .text.USB_ActivateEndpoint  stm32f4xx_ll_usb.o
    0x080076f6   0x00000020   Code   RO         1568    .text.USB_ActivateSetup  stm32f4xx_ll_usb.o
    0x08007716   0x00000086   Code   RO         1502    .text.USB_CoreInit  stm32f4xx_ll_usb.o
    0x0800779c   0x0000004a   Code   RO         1504    .text.USB_CoreReset  stm32f4xx_ll_usb.o
    0x080077e6   0x00000084   Code   RO         1530    .text.USB_DeactivateEndpoint  stm32f4xx_ll_usb.o
    0x0800786a   0x0000001e   Code   RO         1550    .text.USB_DevConnect  stm32f4xx_ll_usb.o
    0x08007888   0x0000001e   Code   RO         1552    .text.USB_DevDisconnect  stm32f4xx_ll_usb.o
    0x080078a6   0x00000002   PAD
    0x080078a8   0x0000018e   Code   RO         1516    .text.USB_DevInit   stm32f4xx_ll_usb.o
    0x08007a36   0x0000000e   Code   RO         1510    .text.USB_DisableGlobalInt  stm32f4xx_ll_usb.o
    0x08007a44   0x0000005a   Code   RO         1570    .text.USB_EP0_OutStart  stm32f4xx_ll_usb.o
    0x08007a9e   0x00000050   Code   RO         1544    .text.USB_EPClearStall  stm32f4xx_ll_usb.o
    0x08007aee   0x0000003c   Code   RO         1542    .text.USB_EPSetStall  stm32f4xx_ll_usb.o
    0x08007b2a   0x00000002   PAD
    0x08007b2c   0x000001c0   Code   RO         1534    .text.USB_EPStartXfer  stm32f4xx_ll_usb.o
    0x08007cec   0x00000084   Code   RO         1538    .text.USB_EPStopXfer  stm32f4xx_ll_usb.o
    0x08007d70   0x0000000e   Code   RO         1508    .text.USB_EnableGlobalInt  stm32f4xx_ll_usb.o
    0x08007d7e   0x00000002   PAD
    0x08007d80   0x00000046   Code   RO         1522    .text.USB_FlushRxFifo  stm32f4xx_ll_usb.o
    0x08007dc6   0x00000002   PAD
    0x08007dc8   0x00000046   Code   RO         1520    .text.USB_FlushTxFifo  stm32f4xx_ll_usb.o
    0x08007e0e   0x0000001a   Code   RO         1524    .text.USB_GetDevSpeed  stm32f4xx_ll_usb.o
    0x08007e28   0x00000008   Code   RO         1514    .text.USB_GetMode   stm32f4xx_ll_usb.o
    0x08007e30   0x00000004   Code   RO         2953    .text.USB_Init      drv_usb.o
    0x08007e34   0x0000000e   Code   RO         1560    .text.USB_ReadDevAllInEpInterrupt  stm32f4xx_ll_usb.o
    0x08007e42   0x0000000e   Code   RO         1558    .text.USB_ReadDevAllOutEpInterrupt  stm32f4xx_ll_usb.o
    0x08007e50   0x00000024   Code   RO         1564    .text.USB_ReadDevInEPInterrupt  stm32f4xx_ll_usb.o
    0x08007e74   0x00000010   Code   RO         1562    .text.USB_ReadDevOutEPInterrupt  stm32f4xx_ll_usb.o
    0x08007e84   0x00000008   Code   RO         1554    .text.USB_ReadInterrupts  stm32f4xx_ll_usb.o
    0x08007e8c   0x0000003e   Code   RO         1540    .text.USB_ReadPacket  stm32f4xx_ll_usb.o
    0x08007eca   0x00000002   PAD
    0x08007ecc   0x00000064   Code   RO         1512    .text.USB_SetCurrentMode  stm32f4xx_ll_usb.o
    0x08007f30   0x00000022   Code   RO         1548    .text.USB_SetDevAddress  stm32f4xx_ll_usb.o
    0x08007f52   0x00000110   Code   RO         1506    .text.USB_SetTurnaroundTime  stm32f4xx_ll_usb.o
    0x08008062   0x00000002   PAD
    0x08008064   0x00000028   Code   RO         1536    .text.USB_WritePacket  stm32f4xx_ll_usb.o
    0x0800808c   0x00000002   Code   RO          103    .text.UsageFault_Handler  stm32f4xx_it.o
    0x0800808e   0x00000016   Code   RO         2236    .text._GLOBAL__sub_I_dvc_dwt.cpp  dvc_dwt.o
    0x080080a4   0x0000003e   Code   RO         2987    .text._GLOBAL__sub_I_tsk_config_and_callback.cpp  tsk_config_and_callback.o
    0x080080e2   0x0000006e   Code   RO         2222    .text._Z13DWT_GetDeltaTPj  dvc_dwt.o
    0x08008150   0x00000084   Code   RO         2298    .text._Z16allocate_tx_dataP17CAN_HandleTypeDef16Enum_LK_Motor_ID  dvc_lkmotor.o
    0x080081d4   0x0000009c   Code   RO         2124    .text._Z16allocate_tx_dataP17CAN_HandleTypeDef17Enum_DJI_Motor_ID  dvc_djimotor.o
    0x08008270   0x0000004c   Code   RO         2228    .text._Z17DWT_GetTimeline_sv  dvc_dwt.o
    0x080082bc   0x000000a6   Code   RO         2226    .text._Z17DWT_SysTimeUpdatev  dvc_dwt.o
    0x08008362   0x00000030   Code   RO         2869    .text._Z17Math_Float_To_Intfffii  drv_math.o
    0x08008392   0x00000026   Code   RO         2871    .text._Z17Math_Int_To_Floatiiiff  drv_math.o
    0x080083b8   0x000002fa   Code   RO         2685    .text._Z18Kalman_Filter_InitP4kf_thhh  kalman_filter.o
    0x080086b2   0x000000bc   Code   RO         2693    .text._Z18Kalman_Filter_SetKP4kf_t  kalman_filter.o
    0x0800876e   0x0000001e   Code   RO         2973    .text._Z19DR16_UART3_CallbackPht  tsk_config_and_callback.o
    0x0800878c   0x00000012   Code   RO         2977    .text._Z19MiniPC_USB_CallbackPhj  tsk_config_and_callback.o
    0x0800879e   0x00000002   Code   RO         2969    .text._Z20Device_SPI1_CallbackPhS_t  tsk_config_and_callback.o
    0x080087a0   0x0000001e   Code   RO         2971    .text._Z20Image_UART6_CallbackPht  tsk_config_and_callback.o
    0x080087be   0x00000002   PAD
    0x080087c0   0x000000ee   Code   RO         2699    .text._Z20Kalman_Filter_UpdateP4kf_t  kalman_filter.o
    0x080088ae   0x00000002   Code   RO         2975    .text._Z21Ist8310_IIC3_CallbackPhS_tt  tsk_config_and_callback.o
    0x080088b0   0x0000013e   Code   RO         2687    .text._Z21Kalman_Filter_MeasureP4kf_t  kalman_filter.o
    0x080089ee   0x00000070   Code   RO         2981    .text._Z21Task1ms_TIM5_Callbackv  tsk_config_and_callback.o
    0x08008a5e   0x000000c4   Code   RO         2573    .text._Z22IMU_QuaternionEKF_InitfffffP10QEKF_INS_t  QuaternionEKF.o
    0x08008b22   0x0000005a   Code   RO         2697    .text._Z22Kalman_Filter_P_UpdateP4kf_t  kalman_filter.o
    0x08008b7c   0x0000000a   Code   RO         2854    .text._Z22Math_Endian_Reverse_16PvS_  drv_math.o
    0x08008b86   0x0000006e   Code   RO         2758    .text._Z22can_filter_mask_configP17CAN_HandleTypeDefhjj  drv_can.o
    0x08008bf4   0x00000010   Code   RO         2979    .text._Z23Task100us_TIM4_Callbackv  tsk_config_and_callback.o
    0x08008c04   0x00000434   Code   RO         2581    .text._Z24IMU_QuaternionEKF_UpdatefffffffP10QEKF_INS_t  QuaternionEKF.o
    0x08009038   0x0000007e   Code   RO         2695    .text._Z24Kalman_Filter_xhatUpdateP4kf_t  kalman_filter.o
    0x080090b6   0x00000066   Code   RO         2691    .text._Z26Kalman_Filter_PminusUpdateP4kf_t  kalman_filter.o
    0x0800911c   0x00000086   Code   RO         2965    .text._Z27Gimbal_Device_CAN1_CallbackP20Struct_CAN_Rx_Buffer  tsk_config_and_callback.o
    0x080091a2   0x0000002e   Code   RO         2967    .text._Z27Gimbal_Device_CAN2_CallbackP20Struct_CAN_Rx_Buffer  tsk_config_and_callback.o
    0x080091d0   0x0000006c   Code   RO         2689    .text._Z29Kalman_Filter_xhatMinusUpdateP4kf_t  kalman_filter.o
    0x0800923c   0x00000038   Code   RO         2234    .text._Z9DWT_Delayf  dvc_dwt.o
    0x08009274   0x0000008c   Code   RO         2577    .text._ZL22IMU_QuaternionEKF_SetHP4kf_t  QuaternionEKF.o
    0x08009300   0x0000003c   Code   RO         2571    .text._ZL25IMU_QuaternionEKF_ObserveP4kf_t  QuaternionEKF.o
    0x0800933c   0x0000039c   Code   RO         2579    .text._ZL28IMU_QuaternionEKF_xhatUpdateP4kf_t  QuaternionEKF.o
    0x080096d8   0x00000158   Code   RO         2575    .text._ZL42IMU_QuaternionEKF_F_Linearization_P_FadingP4kf_t  QuaternionEKF.o
    0x08009830   0x0000004a   Code   RO         2198    .text._ZN10Class_DR1612Judge_SwitchEP23Enum_DR16_Switch_Statushh  dvc_dr16.o
    0x0800987a   0x00000118   Code   RO         2204    .text._ZN10Class_DR1617DR16_Data_ProcessEv  dvc_dr16.o
    0x08009992   0x00000002   PAD
    0x08009994   0x000000c8   Code   RO         2206    .text._ZN10Class_DR1618Image_Data_ProcessEPh  dvc_dr16.o
    0x08009a5c   0x00000022   Code   RO         2208    .text._ZN10Class_DR1624DR16_UART_RxCpltCallbackEPh  dvc_dr16.o
    0x08009a7e   0x00000040   Code   RO         2210    .text._ZN10Class_DR1625Image_UART_RxCpltCallbackEPh  dvc_dr16.o
    0x08009abe   0x00000030   Code   RO         2212    .text._ZN10Class_DR1639TIM1msMod50_Alive_PeriodElapsedCallbackEv  dvc_dr16.o
    0x08009aee   0x00000112   Code   RO         2196    .text._ZN10Class_DR164InitEP20__UART_HandleTypeDefS1_  dvc_dr16.o
    0x08009c00   0x0000003c   Code   RO         1934    .text._ZN12Class_Gimbal35TIM_Calculate_PeriodElapsedCallbackEv  crt_gimbal.o
    0x08009c3c   0x000002f8   Code   RO         1929    .text._ZN12Class_Gimbal4InitEv  crt_gimbal.o
    0x08009f34   0x000000ec   Code   RO         1932    .text._ZN12Class_Gimbal6OutputEv  crt_gimbal.o
    0x0800a020   0x00000188   Code   RO         2364    .text._ZN12Class_MiniPC10calc_pitchEfff  dvc_minipc.o
    0x0800a1a8   0x000000ec   Code   RO         2342    .text._ZN12Class_MiniPC12Data_ProcessEv  dvc_minipc.o
    0x0800a294   0x0000000a   Code   RO         2352    .text._ZN12Class_MiniPC18USB_RxCpltCallbackEPh  dvc_minipc.o
    0x0800a29e   0x00000030   Code   RO         2350    .text._ZN12Class_MiniPC31TIM_Write_PeriodElapsedCallbackEv  dvc_minipc.o
    0x0800a2ce   0x00000010   Code   RO         2354    .text._ZN12Class_MiniPC39TIM1msMod50_Alive_PeriodElapsedCallbackEv  dvc_minipc.o
    0x0800a2de   0x00000016   Code   RO         2340    .text._ZN12Class_MiniPC4InitEP24Struct_USB_Manage_Objecthh  dvc_minipc.o
    0x0800a2f4   0x0000008e   Code   RO         2346    .text._ZN12Class_MiniPC6OutputEv  dvc_minipc.o
    0x0800a382   0x0000002c   Code   RO         1887    .text._ZN13Class_Booster35TIM_Calculate_PeriodElapsedCallbackEv  crt_booster.o
    0x0800a3ae   0x00000002   PAD
    0x0800a3b0   0x000001b4   Code   RO         1885    .text._ZN13Class_Booster4InitEv  crt_booster.o
    0x0800a564   0x000000e8   Code   RO         1883    .text._ZN13Class_Booster6OutputEv  crt_booster.o
    0x0800a64c   0x000001d8   Code   RO         2525    .text._ZN13Class_Chariot14Control_GimbalEv  ita_chariot.o
    0x0800a824   0x00000148   Code   RO         2527    .text._ZN13Class_Chariot15Control_BoosterEv  ita_chariot.o
    0x0800a96c   0x000001d4   Code   RO         2521    .text._ZN13Class_Chariot15Control_ChassisEv  ita_chariot.o
    0x0800ab40   0x0000001e   Code   RO         2533    .text._ZN13Class_Chariot20TIM_Control_CallbackEv  ita_chariot.o
    0x0800ab5e   0x00000094   Code   RO         2531    .text._ZN13Class_Chariot23Judge_DR16_Control_TypeEv  ita_chariot.o
    0x0800abf2   0x00000036   Code   RO         2517    .text._ZN13Class_Chariot30CAN_Gimbal_Rx_Chassis_CallbackEv  ita_chariot.o
    0x0800ac28   0x000000ce   Code   RO         2519    .text._ZN13Class_Chariot30CAN_Gimbal_Tx_Chassis_CallbackEv  ita_chariot.o
    0x0800acf6   0x00000036   Code   RO         2529    .text._ZN13Class_Chariot35TIM_Calculate_PeriodElapsedCallbackEv  ita_chariot.o
    0x0800ad2c   0x000000a2   Code   RO         2535    .text._ZN13Class_Chariot39TIM1msMod50_Alive_PeriodElapsedCallbackEv  ita_chariot.o
    0x0800adce   0x00000092   Code   RO         2514    .text._ZN13Class_Chariot4InitEf  ita_chariot.o
    0x0800ae60   0x000004c6   Code   RO         3003    .text._ZN13Class_ChariotC2Ev  tsk_config_and_callback.o
    0x0800b326   0x00000002   PAD
    0x0800b328   0x00000128   Code   RO         2302    .text._ZN14Class_LK_Motor12Data_ProcessEv  dvc_lkmotor.o
    0x0800b450   0x0000000e   Code   RO         2306    .text._ZN14Class_LK_Motor18CAN_RxCpltCallbackEPh  dvc_lkmotor.o
    0x0800b45e   0x00000014   Code   RO         2308    .text._ZN14Class_LK_Motor31TIM_Alive_PeriodElapsedCallbackEv  dvc_lkmotor.o
    0x0800b472   0x0000005c   Code   RO         2300    .text._ZN14Class_LK_Motor4InitEP17CAN_HandleTypeDef16Enum_LK_Motor_IDfif28Enum_LK_Motor_Control_Method  dvc_lkmotor.o
    0x0800b4ce   0x00000064   Code   RO         2304    .text._ZN14Class_LK_Motor6OutputEv  dvc_lkmotor.o
    0x0800b532   0x0000007e   Code   RO         2029    .text._ZN16Class_BoardC_BMI11BMI088_InitEP10IMU_Data_t  dvc_boardc_bmi088.o
    0x0800b5b0   0x00000152   Code   RO         2062    .text._ZN16Class_BoardC_BMI11BMI088_ReadEP10IMU_Data_t  dvc_boardc_bmi088.o
    0x0800b702   0x00000002   PAD
    0x0800b704   0x000001a6   Code   RO         2037    .text._ZN16Class_BoardC_BMI16BMI088_Gyro_InitEv  dvc_boardc_bmi088.o
    0x0800b8aa   0x00000002   PAD
    0x0800b8ac   0x000001a6   Code   RO         2033    .text._ZN16Class_BoardC_BMI17BMI088_Accel_InitEv  dvc_boardc_bmi088.o
    0x0800ba52   0x00000002   PAD
    0x0800ba54   0x00000434   Code   RO         2039    .text._ZN16Class_BoardC_BMI20Calibrate_MPU_OffsetEP10IMU_Data_t  dvc_boardc_bmi088.o
    0x0800be88   0x0000018e   Code   RO         2035    .text._ZN16Class_BoardC_BMI21bmi088_gyro_self_testEv  dvc_boardc_bmi088.o
    0x0800c016   0x00000002   PAD
    0x0800c018   0x000003fa   Code   RO         2031    .text._ZN16Class_BoardC_BMI22bmi088_accel_self_testEv  dvc_boardc_bmi088.o
    0x0800c412   0x00000002   PAD
    0x0800c414   0x00000074   Code   RO         2044    .text._ZN16Class_BoardC_BMI25BMI088_gyro_read_muli_regEhPhh  dvc_boardc_bmi088.o
    0x0800c488   0x00000090   Code   RO         2042    .text._ZN16Class_BoardC_BMI26BMI088_accel_read_muli_regEhPhh  dvc_boardc_bmi088.o
    0x0800c518   0x00000068   Code   RO         2054    .text._ZN16Class_BoardC_BMI27BMI088_gyro_read_single_regEhPh  dvc_boardc_bmi088.o
    0x0800c580   0x00000084   Code   RO         2046    .text._ZN16Class_BoardC_BMI28BMI088_accel_read_single_regEhPh  dvc_boardc_bmi088.o
    0x0800c604   0x0000005a   Code   RO         2056    .text._ZN16Class_BoardC_BMI28BMI088_gyro_write_single_regEhh  dvc_boardc_bmi088.o
    0x0800c65e   0x00000058   Code   RO         2050    .text._ZN16Class_BoardC_BMI29BMI088_accel_write_single_regEhh  dvc_boardc_bmi088.o
    0x0800c6b6   0x00000002   PAD
    0x0800c6b8   0x0000008c   Code   RO         2025    .text._ZN16Class_BoardC_BMI4initEP19__SPI_HandleTypeDefP10IMU_Data_t  dvc_boardc_bmi088.o
    0x0800c744   0x00000010   Code   RO         2598    .text._ZN16Class_MahonyAHRS4initEPf  alg_MahonyAHRS.o
    0x0800c754   0x0000014c   Code   RO         2108    .text._ZN20Class_BoardC_IST831012ist8310_initEv  dvc_boardc_ist8310.o
    0x0800c8a0   0x0000005e   Code   RO         2114    .text._ZN20Class_BoardC_IST83104initEP17I2C_HandleTypeDef  dvc_boardc_ist8310.o
    0x0800c8fe   0x00000002   PAD
    0x0800c900   0x00000138   Code   RO         2140    .text._ZN20Class_DJI_Motor_C61012Data_ProcessEv  dvc_djimotor.o
    0x0800ca38   0x0000000e   Code   RO         2144    .text._ZN20Class_DJI_Motor_C61018CAN_RxCpltCallbackEPh  dvc_djimotor.o
    0x0800ca46   0x00000002   PAD
    0x0800ca48   0x000000a8   Code   RO         2148    .text._ZN20Class_DJI_Motor_C61029TIM_PID_PeriodElapsedCallbackEv  dvc_djimotor.o
    0x0800caf0   0x0000001c   Code   RO         2146    .text._ZN20Class_DJI_Motor_C61031TIM_Alive_PeriodElapsedCallbackEv  dvc_djimotor.o
    0x0800cb0c   0x00000054   Code   RO         2138    .text._ZN20Class_DJI_Motor_C6104InitEP17CAN_HandleTypeDef17Enum_DJI_Motor_ID29Enum_DJI_Motor_Control_Methodff  dvc_djimotor.o
    0x0800cb60   0x00000138   Code   RO         2152    .text._ZN20Class_DJI_Motor_C62012Data_ProcessEv  dvc_djimotor.o
    0x0800cc98   0x0000000e   Code   RO         2156    .text._ZN20Class_DJI_Motor_C62018CAN_RxCpltCallbackEPh  dvc_djimotor.o
    0x0800cca6   0x00000002   PAD
    0x0800cca8   0x000000a8   Code   RO         2160    .text._ZN20Class_DJI_Motor_C62029TIM_PID_PeriodElapsedCallbackEv  dvc_djimotor.o
    0x0800cd50   0x0000001c   Code   RO         2158    .text._ZN20Class_DJI_Motor_C62031TIM_Alive_PeriodElapsedCallbackEv  dvc_djimotor.o
    0x0800cd6c   0x00000054   Code   RO         2150    .text._ZN20Class_DJI_Motor_C6204InitEP17CAN_HandleTypeDef17Enum_DJI_Motor_ID29Enum_DJI_Motor_Control_Methodff  dvc_djimotor.o
    0x0800cdc0   0x000000fc   Code   RO         1881    .text._ZN21Class_FSM_Antijamming39Reload_TIM_Status_PeriodElapsedCallbackEv  crt_booster.o
    0x0800cebc   0x000000ca   Code   RO         1879    .text._ZN21Class_FSM_Heat_Detect39Reload_TIM_Status_PeriodElapsedCallbackEv  crt_booster.o
    0x0800cf86   0x00000002   PAD
    0x0800cf88   0x0000012c   Code   RO         2128    .text._ZN22Class_DJI_Motor_GM602012Data_ProcessEv  dvc_djimotor.o
    0x0800d0b4   0x0000000e   Code   RO         2132    .text._ZN22Class_DJI_Motor_GM602018CAN_RxCpltCallbackEPh  dvc_djimotor.o
    0x0800d0c2   0x00000022   Code   RO         2134    .text._ZN22Class_DJI_Motor_GM602031TIM_Alive_PeriodElapsedCallbackEv  dvc_djimotor.o
    0x0800d0e4   0x00000058   Code   RO         2126    .text._ZN22Class_DJI_Motor_GM60204InitEP17CAN_HandleTypeDef17Enum_DJI_Motor_ID29Enum_DJI_Motor_Control_Methodif  dvc_djimotor.o
    0x0800d13c   0x00000028   Code   RO         2130    .text._ZN22Class_DJI_Motor_GM60206OutputEv  dvc_djimotor.o
    0x0800d164   0x00000168   Code   RO         2541    .text._ZN23Class_FSM_Alive_Control39Reload_TIM_Status_PeriodElapsedCallbackEv  ita_chariot.o
    0x0800d2cc   0x0000002a   Code   RO         1919    .text._ZN29Class_Gimbal_Yaw_Motor_GM602015Transform_AngleEv  crt_gimbal.o
    0x0800d2f6   0x00000002   PAD
    0x0800d2f8   0x00000104   Code   RO         1917    .text._ZN29Class_Gimbal_Yaw_Motor_GM602029TIM_PID_PeriodElapsedCallbackEv  crt_gimbal.o
    0x0800d3fc   0x00000036   Code   RO         1923    .text._ZN31Class_Gimbal_Pitch_Motor_GM602015Transform_AngleEv  crt_gimbal.o
    0x0800d432   0x00000002   PAD
    0x0800d434   0x00000120   Code   RO         1921    .text._ZN31Class_Gimbal_Pitch_Motor_GM602029TIM_PID_PeriodElapsedCallbackEv  crt_gimbal.o
    0x0800d554   0x0000002a   Code   RO         1927    .text._ZN31Class_Gimbal_Pitch_Motor_LK601015Transform_AngleEv  crt_gimbal.o
    0x0800d57e   0x00000002   PAD
    0x0800d580   0x000000f8   Code   RO         1925    .text._ZN31Class_Gimbal_Pitch_Motor_LK601029TIM_PID_PeriodElapsedCallbackEv  crt_gimbal.o
    0x0800d678   0x00000024   Code   RO         2632    .text._ZN9Class_FSM4InitEhh  alg_fsm.o
    0x0800d69c   0x00000020   Code   RO         2284    .text._ZN9Class_IMU11Get_Rad_YawEv  dvc_imu.o
    0x0800d6bc   0x00000006   Code   RO         2278    .text._ZN9Class_IMU12Get_Gyro_YawEv  dvc_imu.o
    0x0800d6c2   0x00000006   Code   RO         2266    .text._ZN9Class_IMU13Get_Angle_YawEv  dvc_imu.o
    0x0800d6c8   0x00000020   Code   RO         2282    .text._ZN9Class_IMU13Get_Rad_PitchEv  dvc_imu.o
    0x0800d6e8   0x00000006   Code   RO         2262    .text._ZN9Class_IMU14Get_Angle_RollEv  dvc_imu.o
    0x0800d6ee   0x00000006   Code   RO         2276    .text._ZN9Class_IMU14Get_Gyro_PitchEv  dvc_imu.o
    0x0800d6f4   0x00000006   Code   RO         2286    .text._ZN9Class_IMU14Get_IMU_StatusEv  dvc_imu.o
    0x0800d6fa   0x00000006   Code   RO         2264    .text._ZN9Class_IMU15Get_Angle_PitchEv  dvc_imu.o
    0x0800d700   0x00000126   Code   RO         2252    .text._ZN9Class_IMU21BodyFrameToEarthFrameEPKfPfS2_  dvc_imu.o
    0x0800d826   0x00000126   Code   RO         2254    .text._ZN9Class_IMU21EarthFrameToBodyFrameEPKfPfS2_  dvc_imu.o
    0x0800d94c   0x00000160   Code   RO         2250    .text._ZN9Class_IMU35TIM_Calculate_PeriodElapsedCallbackEv  dvc_imu.o
    0x0800daac   0x00000072   Code   RO         2260    .text._ZN9Class_IMU39TIM1msMod50_Alive_PeriodElapsedCallbackEv  dvc_imu.o
    0x0800db1e   0x00000002   PAD
    0x0800db20   0x000000d4   Code   RO         2248    .text._ZN9Class_IMU4InitEv  dvc_imu.o
    0x0800dbf4   0x000000f0   Code   RO         2256    .text._ZN9Class_IMU9Get_AngleEv  dvc_imu.o
    0x0800dce4   0x000001c0   Code   RO         2646    .text._ZN9Class_PID32TIM_Adjust_PeriodElapsedCallbackEv  alg_pid.o
    0x0800dea4   0x00000010   Code   RO         2644    .text._ZN9Class_PID4InitEfffffffffff16Enum_PID_D_First  alg_pid.o
    0x0800deb4   0x000000ba   Code   RO         3023    .text.arm_mat_add_f32  arm_cortexM4lf_math.lib(arm_mat_add_f32.o)
    0x0800df6e   0x00000008   Code   RO         3032    .text.arm_mat_init_f32  arm_cortexM4lf_math.lib(arm_mat_init_f32.o)
    0x0800df76   0x00000002   PAD
    0x0800df78   0x000002f4   Code   RO         3040    .text.arm_mat_inverse_f32  arm_cortexM4lf_math.lib(arm_mat_inverse_f32.o)
    0x0800e26c   0x00000128   Code   RO         3049    .text.arm_mat_mult_f32  arm_cortexM4lf_math.lib(arm_mat_mult_f32.o)
    0x0800e394   0x000000ba   Code   RO         3058    .text.arm_mat_sub_f32  arm_cortexM4lf_math.lib(arm_mat_sub_f32.o)
    0x0800e44e   0x00000002   PAD
    0x0800e450   0x000000a2   Code   RO         3067    .text.arm_mat_trans_f32  arm_cortexM4lf_math.lib(arm_mat_trans_f32.o)
    0x0800e4f2   0x00000002   PAD
    0x0800e4f4   0x0000004e   Code   RO           56    .text.main          main.o
    0x0800e542   0x00000026   Code   RO         3571    i.__ARM_fpclassifyf  m_wm.l(fpclassifyf.o)
    0x0800e568   0x00000118   Code   RO         3345    i.__hardfp_acosf    m_wm.l(acosf.o)
    0x0800e680   0x0000012c   Code   RO         3351    i.__hardfp_asinf    m_wm.l(asinf.o)
    0x0800e7ac   0x000002ac   Code   RO         3357    i.__hardfp_atan2f   m_wm.l(atan2f.o)
    0x0800ea58   0x00000150   Code   RO         3363    i.__hardfp_cosf     m_wm.l(cosf.o)
    0x0800eba8   0x00000190   Code   RO         3376    i.__hardfp_sinf     m_wm.l(sinf.o)
    0x0800ed38   0x0000003a   Code   RO         3382    i.__hardfp_sqrtf    m_wm.l(sqrtf.o)
    0x0800ed72   0x00000006   Code   RO         3574    i.__mathlib_flt_infnan  m_wm.l(funder.o)
    0x0800ed78   0x00000006   Code   RO         3575    i.__mathlib_flt_infnan2  m_wm.l(funder.o)
    0x0800ed7e   0x00000002   PAD
    0x0800ed80   0x00000010   Code   RO         3576    i.__mathlib_flt_invalid  m_wm.l(funder.o)
    0x0800ed90   0x00000010   Code   RO         3579    i.__mathlib_flt_underflow  m_wm.l(funder.o)
    0x0800eda0   0x00000154   Code   RO         3587    i.__mathlib_rredf2  m_wm.l(rredf.o)
    0x0800eef4   0x0000003e   Code   RO         3384    i.sqrtf             m_wm.l(sqrtf.o)
    0x0800ef32   0x00000002   PAD
    0x0800ef34   0x00000062   Code   RO         3277    x$fpl$d2f           fz_wm.l(d2f.o)
    0x0800ef96   0x00000002   PAD
    0x0800ef98   0x00000150   Code   RO         3279    x$fpl$dadd          fz_wm.l(daddsub_clz.o)
    0x0800f0e8   0x00000018   Code   RO         3644    x$fpl$dcmpinf       fz_wm.l(dcmpi.o)
    0x0800f100   0x00000078   Code   RO         3481    x$fpl$deqf          fz_wm.l(deqf.o)
    0x0800f178   0x00000078   Code   RO         3483    x$fpl$dgeqf         fz_wm.l(dgeqf.o)
    0x0800f1f0   0x00000078   Code   RO         3485    x$fpl$dleqf         fz_wm.l(dleqf.o)
    0x0800f268   0x00000154   Code   RO         3301    x$fpl$dmul          fz_wm.l(dmul.o)
    0x0800f3bc   0x0000009c   Code   RO         3487    x$fpl$dnaninf       fz_wm.l(dnaninf.o)
    0x0800f458   0x0000000c   Code   RO         3489    x$fpl$dretinf       fz_wm.l(dretinf.o)
    0x0800f464   0x000001dc   Code   RO         3281    x$fpl$dsub          fz_wm.l(daddsub_clz.o)
    0x0800f640   0x00000056   Code   RO         3303    x$fpl$f2d           fz_wm.l(f2d.o)
    0x0800f696   0x00000054   Code   RO         3285    x$fpl$fcmp          fz_wm.l(dcmp.o)
    0x0800f6ea   0x0000008c   Code   RO         3491    x$fpl$fnaninf       fz_wm.l(fnaninf.o)
    0x0800f776   0x0000001a   Code   RO         3646    x$fpl$fpinit        fz_wm.l(fpinit.o)
    0x0800f790   0x0000000a   Code   RO         3493    x$fpl$fretinf       fz_wm.l(fretinf.o)
    0x0800f79a   0x00000000   Code   RO         3497    x$fpl$usenofp       fz_wm.l(usenofp.o)
    0x0800f79a   0x00000002   PAD
    0x0800f79c   0x00000020   Data   RO         3588    .constdata          m_wm.l(rredf.o)
    0x0800f7bc   0x00000010   Data   RO          171    .rodata.AHBPrescTable  system_stm32f4xx.o
    0x0800f7cc   0x00000008   Data   RO          172    .rodata.APBPrescTable  system_stm32f4xx.o
    0x0800f7d4   0x00000200   Data   RO         2368    .rodata._ZL11W_CRC_TABLE  dvc_minipc.o
    0x0800f9d4   0x00000090   Data   RO         2588    .rodata._ZL19IMU_QuaternionEKF_F  QuaternionEKF.o
    0x0800fa64   0x00000012   Data   RO         2077    .rodata._ZL32write_BMI088_gyro_reg_data_error  dvc_boardc_bmi088.o
    0x0800fa76   0x00000012   Data   RO         2076    .rodata._ZL33write_BMI088_accel_reg_data_error  dvc_boardc_bmi088.o
    0x0800fa88   0x00000012   Data   RO         2078    .rodata._ZZN16Class_BoardC_BMI22bmi088_accel_self_testEvE43write_BMI088_ACCEL_self_test_Reg_Data_Error  dvc_boardc_bmi088.o
    0x0800fa9a   0x00000008   Data   RO          453    .rodata.cst8        stm32f4xx_hal_dma.o
    0x0800faa2   0x00000002   PAD
    0x0800faa4   0x00000020   Data   RO         3737    Region$$Table       anon$$obj.o
    0x0800fac4   0x00000004   Data   RO         2239    .init_array         dvc_dwt.o
    0x0800fac8   0x00000004   Data   RO         2995    .init_array         tsk_config_and_callback.o
    0x0800facc   0x00000000   Data   RO         3272    .init_array         c_w.l(init_aeabi.o)


    Execution Region RW_IRAM1 (Base: 0x20000000, Size: 0x0000e928, Max: 0x0001c000, ABSOLUTE, COMPRESSED[0x000000d8])

    Base Addr    Size         Type   Attr      Idx    E Section Name        Object

    0x20000000   0x00000004   Data   RW         2070    .data.BMI088_ACCEL_SEN  dvc_boardc_bmi088.o
    0x20000004   0x00000004   Data   RW         2071    .data.BMI088_GYRO_SEN  dvc_boardc_bmi088.o
    0x20000008   0x0000001c   Data   RW         1794    .data.FS_Desc       usbd_desc.o
    0x20000024   0x00000090   Data   RW         2584    .data.IMU_QuaternionEKF_P  QuaternionEKF.o
    0x200000b4   0x00000004   Data   RW          170    .data.SystemCoreClock  system_stm32f4xx.o
    0x200000b8   0x00000038   Data   RW         1638    .data.USBD_CDC      usbd_cdc.o
    0x200000f0   0x00000043   Data   RW         1640    .data.USBD_CDC_CfgDesc  usbd_cdc.o
    0x20000133   0x00000001   PAD
    0x20000134   0x0000000a   Data   RW         1639    .data.USBD_CDC_DeviceQualifierDesc  usbd_cdc.o
    0x2000013e   0x00000002   PAD
    0x20000140   0x00000012   Data   RW         1795    .data.USBD_FS_DeviceDesc  usbd_desc.o
    0x20000152   0x00000002   PAD
    0x20000154   0x00000014   Data   RW         1769    .data.USBD_Interface_fops_FS  usbd_cdc_if.o
    0x20000168   0x00000004   Data   RW         1796    .data.USBD_LangIDDesc  usbd_desc.o
    0x2000016c   0x0000001a   Data   RW         1797    .data.USBD_StringSerial  usbd_desc.o
    0x20000186   0x00000001   Data   RW          291    .data.uwTickFreq    stm32f4xx_hal.o
    0x20000187   0x00000001   PAD
    0x20000188   0x00000004   Data   RW          290    .data.uwTickPrio    stm32f4xx_hal.o
    0x2000018c   0x00000004   Data   RW         2589    .data.yaw_offset    QuaternionEKF.o
    0x20000190   0x00000060   Zero   RW         3599    .bss                c_w.l(libspace.o)
    0x200001f0   0x00000008   Zero   RW         2797    .bss.CAN1_0x141_Tx_Data  drv_can.o
    0x200001f8   0x00000008   Zero   RW         2798    .bss.CAN1_0x142_Tx_Data  drv_can.o
    0x20000200   0x00000008   Zero   RW         2799    .bss.CAN1_0x143_Tx_Data  drv_can.o
    0x20000208   0x00000008   Zero   RW         2800    .bss.CAN1_0x144_Tx_Data  drv_can.o
    0x20000210   0x00000008   Zero   RW         2801    .bss.CAN1_0x145_Tx_Data  drv_can.o
    0x20000218   0x00000008   Zero   RW         2802    .bss.CAN1_0x146_Tx_Data  drv_can.o
    0x20000220   0x00000008   Zero   RW         2803    .bss.CAN1_0x147_Tx_Data  drv_can.o
    0x20000228   0x00000008   Zero   RW         2804    .bss.CAN1_0x148_Tx_Data  drv_can.o
    0x20000230   0x00000008   Zero   RW         2772    .bss.CAN1_0x1ff_Tx_Data  drv_can.o
    0x20000238   0x00000008   Zero   RW         2773    .bss.CAN1_0x200_Tx_Data  drv_can.o
    0x20000240   0x00000008   Zero   RW         2774    .bss.CAN1_0x2ff_Tx_Data  drv_can.o
    0x20000248   0x0000002c   Zero   RW         2770    .bss.CAN1_Manage_Object  drv_can.o
    0x20000274   0x00000008   Zero   RW         2805    .bss.CAN2_0x141_Tx_Data  drv_can.o
    0x2000027c   0x00000008   Zero   RW         2806    .bss.CAN2_0x142_Tx_Data  drv_can.o
    0x20000284   0x00000008   Zero   RW         2807    .bss.CAN2_0x143_Tx_Data  drv_can.o
    0x2000028c   0x00000008   Zero   RW         2808    .bss.CAN2_0x144_Tx_Data  drv_can.o
    0x20000294   0x00000008   Zero   RW         2809    .bss.CAN2_0x145_Tx_Data  drv_can.o
    0x2000029c   0x00000008   Zero   RW         2810    .bss.CAN2_0x146_Tx_Data  drv_can.o
    0x200002a4   0x00000008   Zero   RW         2811    .bss.CAN2_0x147_Tx_Data  drv_can.o
    0x200002ac   0x00000008   Zero   RW         2812    .bss.CAN2_0x148_Tx_Data  drv_can.o
    0x200002b4   0x00000008   Zero   RW         2783    .bss.CAN2_0x1ff_Tx_Data  drv_can.o
    0x200002bc   0x00000008   Zero   RW         2784    .bss.CAN2_0x200_Tx_Data  drv_can.o
    0x200002c4   0x00000008   Zero   RW         2785    .bss.CAN2_0x2ff_Tx_Data  drv_can.o
    0x200002cc   0x00000008   Zero   RW         2795    .bss.CAN2_Gimbal_Tx_Chassis_Data  drv_can.o
    0x200002d4   0x0000002c   Zero   RW         2771    .bss.CAN2_Manage_Object  drv_can.o
    0x20000300   0x00000004   Zero   RW         2824    .bss.CPU_FREQ_Hz    drv_dwt.o
    0x20000304   0x00000004   Zero   RW         2825    .bss.CPU_FREQ_Hz_ms  drv_dwt.o
    0x20000308   0x00000004   Zero   RW         2826    .bss.CPU_FREQ_Hz_us  drv_dwt.o
    0x2000030c   0x00000004   PAD
    0x20000310   0x00000008   Zero   RW         2829    .bss.CYCCNT64       drv_dwt.o
    0x20000318   0x00000004   Zero   RW         2828    .bss.CYCCNT_LAST    drv_dwt.o
    0x2000031c   0x00000004   Zero   RW         2827    .bss.CYCCNT_RountCount  drv_dwt.o
    0x20000320   0x00000004   Zero   RW           12    .bss.HAL_RCC_CAN1_CLK_ENABLED  can.o
    0x20000324   0x00000014   Zero   RW         2841    .bss.IIC1_Manage_Object  drv_i2c.o
    0x20000338   0x00000014   Zero   RW         2842    .bss.IIC2_Manage_Object  drv_i2c.o
    0x2000034c   0x00000014   Zero   RW         2843    .bss.IIC3_Manage_Object  drv_i2c.o
    0x20000360   0x00000048   Zero   RW         2586    .bss.IMU_QuaternionEKF_H  QuaternionEKF.o
    0x200003a8   0x00000048   Zero   RW         2585    .bss.IMU_QuaternionEKF_K  QuaternionEKF.o
    0x200003f0   0x00000068   Zero   RW         2957    .bss.MiniPC_USB_Manage_Object  drv_usb.o
    0x20000458   0x000001e0   Zero   RW         2583    .bss.QEKF_INS       QuaternionEKF.o
    0x20000638   0x00000114   Zero   RW         2889    .bss.SPI1_Manage_Object  drv_spi.o
    0x2000074c   0x00000114   Zero   RW         2890    .bss.SPI2_Manage_Object  drv_spi.o
    0x20000860   0x00000114   Zero   RW         2891    .bss.SPI3_Manage_Object  drv_spi.o
    0x20000974   0x00000008   Zero   RW         2823    .bss.SysTime        drv_dwt.o
    0x2000097c   0x00000008   Zero   RW         2916    .bss.TIM10_Manage_Object  drv_tim.o
    0x20000984   0x00000008   Zero   RW         2917    .bss.TIM11_Manage_Object  drv_tim.o
    0x2000098c   0x00000008   Zero   RW         2918    .bss.TIM12_Manage_Object  drv_tim.o
    0x20000994   0x00000008   Zero   RW         2919    .bss.TIM13_Manage_Object  drv_tim.o
    0x2000099c   0x00000008   Zero   RW         2920    .bss.TIM14_Manage_Object  drv_tim.o
    0x200009a4   0x00000008   Zero   RW         2907    .bss.TIM1_Manage_Object  drv_tim.o
    0x200009ac   0x00000008   Zero   RW         2908    .bss.TIM2_Manage_Object  drv_tim.o
    0x200009b4   0x00000008   Zero   RW         2909    .bss.TIM3_Manage_Object  drv_tim.o
    0x200009bc   0x00000008   Zero   RW         2910    .bss.TIM4_Manage_Object  drv_tim.o
    0x200009c4   0x00000008   Zero   RW         2911    .bss.TIM5_Manage_Object  drv_tim.o
    0x200009cc   0x00000008   Zero   RW         2912    .bss.TIM6_Manage_Object  drv_tim.o
    0x200009d4   0x00000008   Zero   RW         2913    .bss.TIM7_Manage_Object  drv_tim.o
    0x200009dc   0x00000008   Zero   RW         2914    .bss.TIM8_Manage_Object  drv_tim.o
    0x200009e4   0x00000008   Zero   RW         2915    .bss.TIM9_Manage_Object  drv_tim.o
    0x200009ec   0x00000110   Zero   RW         2937    .bss.UART1_Manage_Object  drv_uart.o
    0x20000afc   0x00000110   Zero   RW         2938    .bss.UART2_Manage_Object  drv_uart.o
    0x20000c0c   0x00000110   Zero   RW         2939    .bss.UART3_Manage_Object  drv_uart.o
    0x20000d1c   0x00000110   Zero   RW         2940    .bss.UART4_Manage_Object  drv_uart.o
    0x20000e2c   0x00000110   Zero   RW         2941    .bss.UART5_Manage_Object  drv_uart.o
    0x20000f3c   0x00000110   Zero   RW         2942    .bss.UART6_Manage_Object  drv_uart.o
    0x2000104c   0x00000001   Zero   RW         1717    .bss.USBD_SetConfig.cfgidx  usbd_ctlreq.o
    0x2000104d   0x00000003   PAD
    0x20001050   0x00000200   Zero   RW         1798    .bss.USBD_StrDesc   usbd_desc.o
    0x20001250   0x00000220   Zero   RW         1870    .bss.USBD_static_malloc.mem  usbd_conf.o
    0x20001470   0x00000800   Zero   RW         1770    .bss.UserRxBufferFS  usbd_cdc_if.o
    0x20001c70   0x00000800   Zero   RW         1771    .bss.UserTxBufferFS  usbd_cdc_if.o
    0x20002470   0x0000000c   Zero   RW         2989    .bss._ZL13WHEEL_AZIMUTH  tsk_config_and_callback.o
    0x2000247c   0x00000004   Zero   RW         2994    .bss._ZZ21Task1ms_TIM5_CallbackvE4mod5  tsk_config_and_callback.o
    0x20002480   0x00000004   Zero   RW         2544    .bss._ZZN13Class_Chariot15Control_ChassisEvE13chassis_omega  ita_chariot.o
    0x20002484   0x00000001   Zero   RW         2546    .bss._ZZN13Class_Chariot39TIM1msMod50_Alive_PeriodElapsedCallbackEvE10mod50_mod3  ita_chariot.o
    0x20002485   0x00000001   Zero   RW         2545    .bss._ZZN13Class_Chariot39TIM1msMod50_Alive_PeriodElapsedCallbackEvE5mod50  ita_chariot.o
    0x20002486   0x00000008   Zero   RW         2079    .bss._ZZN16Class_BoardC_BMI11BMI088_ReadEP10IMU_Data_tE3buf  dvc_boardc_bmi088.o
    0x2000248e   0x00000002   PAD
    0x20002490   0x00000004   Zero   RW         2075    .bss._ZZN16Class_BoardC_BMI20Calibrate_MPU_OffsetEP10IMU_Data_tE9startTime  dvc_boardc_bmi088.o
    0x20002494   0x00000001   Zero   RW         2289    .bss._ZZN9Class_IMU35TIM_Calculate_PeriodElapsedCallbackEvE18Tempture_Cnt_mod50  dvc_imu.o
    0x20002495   0x00000001   PAD
    0x20002496   0x00000002   Zero   RW         2074    .bss.caliCount      dvc_boardc_bmi088.o
    0x20002498   0x000015b8   Zero   RW         2992    .bss.chariot        tsk_config_and_callback.o
    0x20003a50   0x00000004   Zero   RW         2238    .bss.cnt_now        dvc_dwt.o
    0x20003a54   0x00000001   Zero   RW         2543    .bss.control_type   ita_chariot.o
    0x20003a55   0x00000003   PAD
    0x20003a58   0x00000004   Zero   RW         2073    .bss.gNormDiff      dvc_boardc_bmi088.o
    0x20003a5c   0x0000000c   Zero   RW         2072    .bss.gyroDiff       dvc_boardc_bmi088.o
    0x20003a68   0x000002dc   Zero   RW         1750    .bss.hUsbDeviceFS   usb_device.o
    0x20003d44   0x00000028   Zero   RW           10    .bss.hcan1          can.o
    0x20003d6c   0x00000028   Zero   RW           11    .bss.hcan2          can.o
    0x20003d94   0x00000060   Zero   RW           46    .bss.hdma_i2c3_rx   i2c.o
    0x20003df4   0x00000060   Zero   RW           47    .bss.hdma_i2c3_tx   i2c.o
    0x20003e54   0x00000060   Zero   RW           77    .bss.hdma_spi1_rx   spi.o
    0x20003eb4   0x00000060   Zero   RW           78    .bss.hdma_spi1_tx   spi.o
    0x20003f14   0x00000060   Zero   RW          223    .bss.hdma_usart1_rx  usart.o
    0x20003f74   0x00000060   Zero   RW          224    .bss.hdma_usart1_tx  usart.o
    0x20003fd4   0x00000060   Zero   RW          225    .bss.hdma_usart3_rx  usart.o
    0x20004034   0x00000060   Zero   RW          226    .bss.hdma_usart6_rx  usart.o
    0x20004094   0x00000060   Zero   RW          227    .bss.hdma_usart6_tx  usart.o
    0x200040f4   0x00000054   Zero   RW           45    .bss.hi2c3          i2c.o
    0x20004148   0x000004e4   Zero   RW         1869    .bss.hpcd_USB_OTG_FS  usbd_conf.o
    0x2000462c   0x00000058   Zero   RW           76    .bss.hspi1          spi.o
    0x20004684   0x00000048   Zero   RW          197    .bss.htim1          tim.o
    0x200046cc   0x00000048   Zero   RW          201    .bss.htim10         tim.o
    0x20004714   0x00000048   Zero   RW          198    .bss.htim3          tim.o
    0x2000475c   0x00000048   Zero   RW          199    .bss.htim4          tim.o
    0x200047a4   0x00000048   Zero   RW          200    .bss.htim5          tim.o
    0x200047ec   0x00000048   Zero   RW          220    .bss.huart1         usart.o
    0x20004834   0x00000048   Zero   RW          221    .bss.huart3         usart.o
    0x2000487c   0x00000048   Zero   RW          222    .bss.huart6         usart.o
    0x200048c4   0x00000004   Zero   RW         2990    .bss.init_finished  tsk_config_and_callback.o
    0x200048c8   0x00000048   Zero   RW         2993    .bss.serialplot     tsk_config_and_callback.o
    0x20004910   0x00000002   Zero   RW         2702    .bss.sizeof_double  kalman_filter.o
    0x20004912   0x00000002   Zero   RW         2701    .bss.sizeof_float   kalman_filter.o
    0x20004914   0x00000001   Zero   RW         2991    .bss.start_flag     tsk_config_and_callback.o
    0x20004915   0x00000003   PAD
    0x20004918   0x0000000c   Zero   RW         2288    .bss.tmp_gravity_b  dvc_imu.o
    0x20004924   0x00000004   Zero   RW          292    .bss.uwTick         stm32f4xx_hal.o
    0x20004928   0x00005000   Zero   RW         3006    HEAP                startup_stm32f407xx.o
    0x20009928   0x00005000   Zero   RW         3005    STACK               startup_stm32f407xx.o


    Execution Region RW_IRAM2 (Base: 0x2001c000, Size: 0x00000000, Max: 0x00004000, ABSOLUTE)

    **** No section assigned to this execution region ****


==============================================================================

Image component sizes


      Code (inc. data)   RO Data    RW Data    ZI Data      Debug   Object Name

      2740         64        144        148        624      22443   QuaternionEKF.o
        16          0          0          0          0      18539   alg_MahonyAHRS.o
        36          0          0          0          0      14611   alg_fsm.o
       464          4          0          0          0      16263   alg_pid.o
       428          0          0          0         84       6579   can.o
      1166         74          0          0          0      20659   crt_booster.o
      1990        120          0          0          0      22986   crt_gimbal.o
       204          0          0          0          0       3524   dma.o
       524          0          0          0        272      20483   drv_can.o
       130          0          0          0         36       2929   drv_dwt.o
       196          0          0          0         60       4521   drv_i2c.o
        96          0          0          0          0      17197   drv_math.o
       330          0          0          0        828       9720   drv_spi.o
       742          0          0          0        112       4544   drv_tim.o
       608          0          0          0       1632       8539   drv_uart.o
        16          0          0          0        104      10084   drv_usb.o
      4614         32         54          8         30      43429   dvc_boardc_bmi088.o
       426          0          0          0          0      10801   dvc_boardc_ist8310.o
      1844        144          0          0          0      25155   dvc_djimotor.o
       974          4          0          0          0      10278   dvc_dr16.o
       430          8          4          0          4       4824   dvc_dwt.o
      1606         48          0          0         13      21749   dvc_imu.o
       654         68          0          0          0      19823   dvc_lkmotor.o
       866         40        512          0          0      25515   dvc_minipc.o
       392          0          0          0          0       4217   gpio.o
       358          0          0          0        276       5483   i2c.o
      2428         50          0          0          7      38444   ita_chariot.o
      1932          0          0          0          4      19760   kalman_filter.o
       250          0          0          0          0       2925   main.o
       386          0          0          0        280       5288   spi.o
        64         26        392          0      40960        840   startup_stm32f407xx.o
       212          0          0          5          4       7303   stm32f4xx_hal.o
      1554          6          0          0          0      13304   stm32f4xx_hal_can.o
       198          0          0          0          0      10487   stm32f4xx_hal_cortex.o
      1038          4          8          0          0       9904   stm32f4xx_hal_dma.o
       470          0          0          0          0       5042   stm32f4xx_hal_gpio.o
      2280          0          0          0          0      38714   stm32f4xx_hal_i2c.o
        56          0          0          0          0       1466   stm32f4xx_hal_msp.o
      2772          0          0          0          0      16576   stm32f4xx_hal_pcd.o
        86          0          0          0          0       4421   stm32f4xx_hal_pcd_ex.o
      1382          0          0          0          0       7281   stm32f4xx_hal_rcc.o
      1622          0          0          0          0      21446   stm32f4xx_hal_spi.o
      2172          4          0          0          0      49997   stm32f4xx_hal_tim.o
       254          0          0          0          0      20933   stm32f4xx_hal_tim_ex.o
      2144          0          0          0          0      25241   stm32f4xx_hal_uart.o
       272          0          0          0          0      11531   stm32f4xx_it.o
      2566          0          0          0          0      26322   stm32f4xx_ll_usb.o
        18          0         24          4          0       2654   system_stm32f4xx.o
      1108          0          0          0        360       9759   tim.o
      2042         26          4          0       5653     106118   tsk_config_and_callback.o
       922          0          0          0        696       7980   usart.o
       106          0          0          0        732       3192   usb_device.o
      1168          0          0        133          0      11413   usbd_cdc.o
       172          0          0         20       4096       4980   usbd_cdc_if.o
       744          0          0          0       1796      18257   usbd_conf.o
       872          0          0          0          0      10489   usbd_core.o
      1358         24          0          0          1       9318   usbd_ctlreq.o
       340         72          0         76        512       3581   usbd_desc.o
       128          0          0          0          0       4707   usbd_ioreq.o

    ----------------------------------------------------------------------
     55054        822       1176        400      59192     904568   Object Totals
         0          0         32          0          0          0   (incl. Generated)
        88          4          2          6         16          0   (incl. Padding)

    ----------------------------------------------------------------------

      Code (inc. data)   RO Data    RW Data    ZI Data      Debug   Library Member Name

       186          0          0          0          0       1797   arm_mat_add_f32.o
         8          0          0          0          0        841   arm_mat_init_f32.o
       756          4          0          0          0       3732   arm_mat_inverse_f32.o
       296          4          0          0          0       2300   arm_mat_mult_f32.o
       186          0          0          0          0       1795   arm_mat_sub_f32.o
       162          0          0          0          0       1865   arm_mat_trans_f32.o
        90          0          0          0          0          0   __dczerorl2.o
         8          0          0          0          0         68   __main.o
         0          0          0          0          0          0   __rtentry.o
        12          0          0          0          0          0   __rtentry2.o
         6          0          0          0          0          0   __rtentry4.o
        52          8          0          0          0          0   __scatter.o
        28          0          0          0          0          0   __scatter_zi.o
        22          0          0          0          0        100   _rserrno.o
        40          0          0          0          0         80   calloc.o
        10          0          0          0          0         68   defsig_exit.o
        50          0          0          0          0         88   defsig_general.o
        80         58          0          0          0         76   defsig_rtmem_inner.o
        14          0          0          0          0         80   defsig_rtmem_outer.o
        18          0          0          0          0         80   exit.o
        94          0          0          0          0         80   h1_alloc.o
        52          0          0          0          0         68   h1_extend.o
        78          0          0          0          0         80   h1_free.o
        14          0          0          0          0         84   h1_init.o
         6          0          0          0          0        152   heapauxi.o
         4          0          0          0          0        136   hguard.o
         0          0          0          0          0          0   indicate_semi.o
        36          8          0          0          0         80   init_aeabi.o
       138          0          0          0          0        168   init_alloc.o
         2          0          0          0          0          0   libinit.o
        18          0          0          0          0          0   libinit2.o
         2          0          0          0          0          0   libshutdown.o
         2          0          0          0          0          0   libshutdown2.o
         8          4          0          0         96         68   libspace.o
       240          0          0          0          0        100   lludivv7m.o
         0          0          0          0          0          0   maybetermalloc1.o
         8          4          0          0          0         68   rt_errno_addr_intlibspace.o
         8          4          0          0          0         68   rt_heap_descriptor_intlibspace.o
        68          0          0          0          0         68   rt_memclr.o
        78          0          0          0          0         80   rt_memclr_w.o
       138          0          0          0          0         68   rt_memcpy_v6.o
       100          0          0          0          0         80   rt_memcpy_w.o
         2          0          0          0          0          0   rtexit.o
        10          0          0          0          0          0   rtexit2.o
        12          4          0          0          0         68   sys_exit.o
        74          0          0          0          0         80   sys_stackheap_outer.o
        14          0          0          0          0         76   sys_wrch.o
         2          0          0          0          0         68   use_no_semi.o
        98          4          0          0          0        140   d2f.o
       812         16          0          0          0        392   daddsub_clz.o
        84          0          0          0          0        244   dcmp.o
        24          0          0          0          0        116   dcmpi.o
       120          4          0          0          0        140   deqf.o
       120          4          0          0          0        140   dgeqf.o
       120          4          0          0          0        140   dleqf.o
       340         12          0          0          0        152   dmul.o
       156          4          0          0          0        140   dnaninf.o
        12          0          0          0          0        116   dretinf.o
        86          4          0          0          0        132   f2d.o
       140          4          0          0          0        132   fnaninf.o
        26          0          0          0          0        116   fpinit.o
        10          0          0          0          0        116   fretinf.o
         0          0          0          0          0          0   usenofp.o
       280         46          0          0          0        176   acosf.o
       300         42          0          0          0        176   asinf.o
       684         90          0          0          0        208   atan2f.o
       336         56          0          0          0        136   cosf.o
        38          0          0          0          0        116   fpclassifyf.o
        44         12          0          0          0        464   funder.o
       340         24         32          0          0        160   rredf.o
       400         56          0          0          0        212   sinf.o
       120          0          0          0          0        272   sqrtf.o

    ----------------------------------------------------------------------
      7942        480         32          0         96      18846   Library Totals
        20          0          0          0          0          0   (incl. Padding)

    ----------------------------------------------------------------------

      Code (inc. data)   RO Data    RW Data    ZI Data      Debug   Library Name

      1594          8          0          0          0      12330   arm_cortexM4lf_math.lib
      1638         90          0          0         96       2380   c_w.l
      2148         56          0          0          0       2216   fz_wm.l
      2542        326         32          0          0       1920   m_wm.l

    ----------------------------------------------------------------------
      7942        480         32          0         96      18846   Library Totals

    ----------------------------------------------------------------------

==============================================================================


      Code (inc. data)   RO Data    RW Data    ZI Data      Debug   

     62996       1302       1208        400      59288     918294   Grand Totals
     62996       1302       1208        216      59288     918294   ELF Image Totals (compressed)
     62996       1302       1208        216          0          0   ROM Totals

==============================================================================

    Total RO  Size (Code + RO Data)                64204 (  62.70kB)
    Total RW  Size (RW Data + ZI Data)             59688 (  58.29kB)
    Total ROM Size (Code + RO Data + RW Data)      64420 (  62.91kB)

==============================================================================

