<html>
<body>
<pre>
<h1>µVision Build Log</h1>
<h2>Tool Versions:</h2>
IDE-Version: ¦ÌVision V5.39.0.0
Copyright (C) 2023 ARM Ltd and ARM Germany GmbH. All rights reserved.
License Information: 1 zxf, 1, LIC=EXJT4-F5LV2-WF8I7-EEYK8-LQ262-920LD
 
Tool Versions:
Toolchain:       MDK-ARM Plus  Version: 5.39.0.0
Toolchain Path:  D:\Keil_v5\ARM\ARMCLANG\Bin
C Compiler:      ArmClang.exe V6.21
Assembler:       Armasm.exe V6.21
Linker/Locator:  ArmLink.exe V6.21
Library Manager: ArmAr.exe V6.21
Hex Converter:   FromElf.exe V6.21
CPU DLL:         SARMCM3.DLL V5.39.0.0
Dialog DLL:      DCM.DLL V1.17.5.0
Target DLL:      Segger\JL2CM3.dll V2.99.43.0
Dialog DLL:      TCM.DLL V1.56.4.0
 
<h2>Project:</h2>
D:\Users_RM\hero\hero_new\MDK-ARM\infantry.uvprojx
Project File Date:  12/09/2024

<h2>Output:</h2>
*** Using Compiler 'V6.21', folder: 'D:\Keil_v5\ARM\ARMCLANG\Bin'
Rebuild target 'infantry'
compiling spi.c...
compiling usb_device.c...
compiling usbd_desc.c...
compiling i2c.c...
compiling usart.c...
compiling dma.c...
compiling usbd_cdc_if.c...
compiling stm32f4xx_hal_msp.c...
compiling stm32f4xx_it.c...
compiling usbd_conf.c...
compiling can.c...
compiling gpio.c...
compiling main.c...
compiling tim.c...
assembling startup_stm32f407xx.s...
compiling dvc_boardc_ist8310.cpp...
compiling crt_booster.cpp...
compiling crt_chassis.cpp...
compiling crt_gimbal.cpp...
compiling dvc_dwt.cpp...
compiling dvc_dr16.cpp...
compiling dvc_GraphicsSendTask.c...
compiling dvc_referee.cpp...
compiling dvc_manifold.cpp...
compiling dvc_lkmotor.cpp...
compiling dvc_imu.cpp...
compiling dvc_dmmotor.cpp...
compiling dvc_minipc.cpp...
compiling dvc_boardc_bmi088.cpp...
compiling dvc_djimotor.cpp...
compiling dvc_servo.cpp...
compiling dvc_sampler.cpp...
compiling dvc_serialplot.cpp...
compiling dvc_supercap.cpp...
compiling dvc_buzzer.cpp...
compiling alg_pid.cpp...
compiling dvc_witahrs.cpp...
compiling alg_MahonyAHRS.cpp...
compiling alg_filter.cpp...
compiling alg_fsm.cpp...
compiling ita_chariot.cpp...
compiling alg_slope.cpp...
compiling QuaternionEKF.cpp...
compiling user_lib.cpp...
compiling kalman_filter.cpp...
compiling drv_can.cpp...
compiling drv_dwt.cpp...
compiling PID.cpp...
compiling alg_power_limit.cpp...
compiling drv_i2c.cpp...
compiling drv_uart.cpp...
compiling drv_usb.cpp...
compiling brv_math.cpp...
compiling drv_math.cpp...
compiling brv_spi.cpp...
compiling config.c...
compiling brv_tim.cpp...
compiling usbd_ioreq.c...
compiling system_stm32f4xx.c...
compiling usbd_cdc.c...
compiling stm32f4xx_hal_pcd_ex.c...
compiling usbd_core.c...
compiling usbd_ctlreq.c...
compiling stm32f4xx_hal_pcd.c...
compiling tsk_config_and_callback.cpp...
compiling stm32f4xx_hal_rcc_ex.c...
compiling stm32f4xx_hal_rcc.c...
compiling stm32f4xx_hal_flash.c...
compiling stm32f4xx_ll_usb.c...
compiling stm32f4xx_hal_flash_ramfunc.c...
compiling stm32f4xx_hal_gpio.c...
compiling stm32f4xx_hal_flash_ex.c...
compiling stm32f4xx_hal_dma_ex.c...
compiling stm32f4xx_hal_dma.c...
compiling stm32f4xx_hal_pwr_ex.c...
compiling stm32f4xx_hal.c...
compiling stm32f4xx_hal_pwr.c...
compiling stm32f4xx_hal_exti.c...
compiling stm32f4xx_hal_cortex.c...
compiling stm32f4xx_hal_can.c...
compiling stm32f4xx_hal_i2c_ex.c...
compiling stm32f4xx_hal_tim_ex.c...
compiling stm32f4xx_hal_spi.c...
compiling stm32f4xx_hal_uart.c...
compiling stm32f4xx_hal_i2c.c...
compiling stm32f4xx_hal_tim.c...
linking...
Program Size: Code=99328 RO-data=732 RW-data=448 ZI-data=25312  
FromELF: creating hex file...
"infantry\infantry.axf" - 0 Error(s), 0 Warning(s).

<h2>Software Packages used:</h2>

Package Vendor: ARM
                http://www.keil.com/pack/ARM.CMSIS.5.9.0.pack
                ARM::CMSIS@5.9.0
                CMSIS (Common Microcontroller Software Interface Standard)
   * Component: CORE Version: 5.6.0

Package Vendor: Keil
                https://www.keil.com/pack/Keil.STM32F4xx_DFP.3.0.0.pack
                Keil::STM32F4xx_DFP@3.0.0
                STMicroelectronics STM32F4 Series Device Support

<h2>Collection of Component include folders:</h2>
  ./RTE/_infantry
  D:/Keil_v5/ARM/Packs/ARM/CMSIS/5.9.0/CMSIS/Core/Include

<h2>Collection of Component Files used:</h2>

   * Component: ARM::CMSIS:CORE@5.6.0
      Include file:  CMSIS/Core/Include/tz_context.h
Build Time Elapsed:  00:00:05
</pre>
</body>
</html>
